 * Serving Flask app 'flask_test'
 * Debug mode: off
============== Request Data ================
{
    "version": "1.0",
    "session": {
        "new": true,
        "sessionId": "amzn1.echo-api.session.59da8f78-207e-466c-ae54-05cd8cfa3851",
        "application": {
            "applicationId": "amzn1.ask.skill.f58e1e10-fe76-4cd9-a2bf-bc828d859ec9"
        },
        "attributes": {},
        "user": {
            "userId": "amzn1.ask.account.AMA7W77DFT53MXR3OP3HKIS6RXACWYS7STQPVWM7OUF7DCN3SIXM7HSFV4EYBOPZP2EQTBBO3ZGTCSQM44JKZXB2LREFTE277LJV6AVCWRBORPNN4IOIO7ZRBIESGFQOV4HC3DTVGRLYRRWXWBUYYOSLRLLTUI7VRVYMRRTNENERJTNGO6C3CDNHQZ2HLWOSNTRZT7GMADXKTEV7S2E66EGFXBQEPETPMJD72QYCOIDQ"
        }
    },
    "context": {
        "Extensions": {
            "available": {
                "aplext:backstack:10": {}
            }
        },
        "Advertising": {
            "advertisingId": "00000000-0000-0000-0000-000000000000",
            "limitAdTracking": true
        },
        "System": {
            "application": {
                "applicationId": "amzn1.ask.skill.f58e1e10-fe76-4cd9-a2bf-bc828d859ec9"
            },
            "user": {
                "userId": "amzn1.ask.account.AMA7W77DFT53MXR3OP3HKIS6RXACWYS7STQPVWM7OUF7DCN3SIXM7HSFV4EYBOPZP2EQTBBO3ZGTCSQM44JKZXB2LREFTE277LJV6AVCWRBORPNN4IOIO7ZRBIESGFQOV4HC3DTVGRLYRRWXWBUYYOSLRLLTUI7VRVYMRRTNENERJTNGO6C3CDNHQZ2HLWOSNTRZT7GMADXKTEV7S2E66EGFXBQEPETPMJD72QYCOIDQ"
            },
            "device": {
                "deviceId": "amzn1.ask.device.AMASAKG6LNC6QPHP5B6DOZYTOWLVDWMIZDS2CQ3R6AXJXY5L5DVSLY5FKGNBVKAXSAX2RTA747Q6HLEVOD375GM2Q7KNEN476E5I2GYUJPDV3U2M2SPGYP7IB6I7C4J3MRGD2YNLDNWMCJESSAXS7EJFN6QWPQOTB7L7XMAG24ERV6YM4FNQAVEHSGUTZXLGZDX6EDGA44UTG32I",
                "supportedInterfaces": {}
            },
            "apiEndpoint": "https://api.amazonalexa.com",
            "apiAccessToken": "eyJ0eXAiOiJKV1QiLCJhbGciOiJSUzI1NiIsImtpZCI6IjEifQ.eyJhdWQiOiJodHRwczovL2FwaS5hbWF6b25hbGV4YS5jb20iLCJpc3MiOiJBbGV4YVNraWxsS2l0Iiwic3ViIjoiYW16bjEuYXNrLnNraWxsLmY1OGUxZTEwLWZlNzYtNGNkOS1hMmJmLWJjODI4ZDg1OWVjOSIsImV4cCI6MTcwNDA1OTI5MSwiaWF0IjoxNzA0MDU5MjMxLCJuYmYiOjE3MDQwNTkyMzEsInByaXZhdGVDbGFpbXMiOnsiY29udGV4dCI6IkFBQUFBQUFBQUFBcGNOK2dZaUNBQVhHYWJaeVM4dWl4VGdFQUFBQUFBQUE1anZuQUNTNGxNN29qVTZYVkNLNWo5TWE1Z1ZncU1jcWt2eTBieWppVm9Tdi92Y1h6dG03VzErcUtZbGkxV0F6ZzhTNjIvcXZDNVpYRDNiM29wYlJ5THVnSjIvTWcxelRWSnpKWWdvTDRYQ2VzeWxzVHNlYzRQSUdoYjdMakgyaDhqUUQxM3RLTENSendCS3Q4Rld2Z3l5OGxBNXp3dFVHcnRndnlHTVV2djhZWXc0S2E4bkFXLzhVUVNpZEhPRG9hdEJoYUlMQ0QwNlg5WGV5ZEJOZ1VXYjZDR3UxQTFvZExBUGd3bWx4L29pZHRFZDUvSVd2THQxSWdMZjg2SXlzMlo1L2VWVjNtWC82dk8rbXNOTXVtSVZYeHBOd1pxUUtKUlAzRmZvTnljbzVPT0Irek9IM1NlMWlaVDgybUcxcTVXMHVWcDlINXo5S0duWkh1NnRNMUVtcHYwK1hmY1pJcWIyQ2Yxb1BJUzN2QlJXVWlXNTBMczVaYkdkWmtnSEZGRzRXNUhWZDN6N0tLT3lzb1FEc0Q0eXZ1V3pUMlFYRUtGMjlQclUwUloybktYVVJ4eWcvV3BGUjNpSkdyIiwiZGV2aWNlSWQiOiJhbXpuMS5hc2suZGV2aWNlLkFNQVNBS0c2TE5DNlFQSFA1QjZET1pZVE9XTFZEV01JWkRTMkNRM1I2QVhKWFk1TDVEVlNMWTVGS0dOQlZLQVhTQVgyUlRBNzQ3UTZITEVWT0QzNzVHTTJRN0tORU40NzZFNUkyR1lVSlBEVjNVMk0yU1BHWVA3SUI2STdDNEozTVJHRDJZTkxETldNQ0pFU1NBWFM3RUpGTjZRV1BRT1RCN0w3WE1BRzI0RVJWNllNNEZOUUFWRUhTR1VUWlhMR1pEWDZFREdBNDRVVEczMkkiLCJ1c2VySWQiOiJhbXpuMS5hc2suYWNjb3VudC5BTUE3Vzc3REZUNTNNWFIzT1AzSEtJUzZSWEFDV1lTN1NUUVBWV003T1VGN0RDTjNTSVhNN0hTRlY0RVlCT1BaUDJFUVRCQk8zWkdUQ1NRTTQ0SktaWEIyTFJFRlRFMjc3TEpWNkFWQ1dSQk9SUE5ONElPSU83WlJCSUVTR0ZRT1Y0SEMzRFRWR1JMWVJSV1hXQlVZWU9TTFJMTFRVSTdWUlZZTVJSVE5FTkVSSlROR082QzNDRE5IUVoySExXT1NOVFJaVDdHTUFEWEtURVY3UzJFNjZFR0ZYQlFFUEVUUE1KRDcyUVlDT0lEUSJ9fQ.hpTrADwe8TX9GFjZzg3vjDuK6t2RyIuj6ivVpT5I2kFJ2rTerKWC9syHbXnCIwauDdXnYkrusys8S4VVY3LmVTIILe-Zv7mxjqTUIIwsqrQNr6REqp_iaew3iP18p8atnwy9euQNFcL9obGAOAwp9z1JptCrfSuME3vfbrCYED-G1TIBLVSb3iAWTZuTJM6YZho-AA1mqwqY-8GCTA1qej84lVluD74RPLdSkWy5UXfS7HQUXxjrh3kxGpSi8BsqQ18Ss9VXg_eg09aw-vNjEP62ZGHppDJHxzUsNns3rZzbg0wDbxWao8wiXag1IAz7CuvlPWrtTsKVZRpo7UyZhQ"
        }
    },
    "request": {
        "type": "LaunchRequest",
        "requestId": "amzn1.echo-api.request.cd986acf-0ff3-4cd0-823d-fc1d6435cac2",
        "locale": "en-US",
        "timestamp": "2023-12-31T21:47:11Z",
        "shouldLinkResultBeReturned": false
    }
}
============================================
================= unknown request type: LaunchRequest ====================
=========== speach response ==============
Daniel Toy is LaunchRequest
==========================================
=================================
response: {
    "version": "1.0",
    "response": {
        "shouldEndSession": true,
        "outputSpeech": {
            "type": "PlainText",
            "text": "Daniel Toy is LaunchRequest"
        },
        "card": {
            "type": "Simple",
            "title": "Fan Status",
            "content": "Fan initialized"
        }
    },
    "sessionAttributes": {
        "dev": "Cheng Yan"
    }
}
=================================
============== Request Data ================
{
    "version": "1.0",
    "session": {
        "new": true,
        "sessionId": "amzn1.echo-api.session.6f75d0a2-b631-47c1-9528-582d8e5fb497",
        "application": {
            "applicationId": "amzn1.ask.skill.f58e1e10-fe76-4cd9-a2bf-bc828d859ec9"
        },
        "attributes": {},
        "user": {
            "userId": "amzn1.ask.account.AMA7W77DFT53MXR3OP3HKIS6RXACWYS7STQPVWM7OUF7DCN3SIXM7HSFV4EYBOPZP2EQTBBO3ZGTCSQM44JKZXB2LREFTE277LJV6AVCWRBORPNN4IOIO7ZRBIESGFQOV4HC3DTVGRLYRRWXWBUYYOSLRLLTUI7VRVYMRRTNENERJTNGO6C3CDNHQZ2HLWOSNTRZT7GMADXKTEV7S2E66EGFXBQEPETPMJD72QYCOIDQ"
        }
    },
    "context": {
        "Extensions": {
            "available": {
                "aplext:backstack:10": {}
            }
        },
        "Advertising": {
            "advertisingId": "00000000-0000-0000-0000-000000000000",
            "limitAdTracking": true
        },
        "System": {
            "application": {
                "applicationId": "amzn1.ask.skill.f58e1e10-fe76-4cd9-a2bf-bc828d859ec9"
            },
            "user": {
                "userId": "amzn1.ask.account.AMA7W77DFT53MXR3OP3HKIS6RXACWYS7STQPVWM7OUF7DCN3SIXM7HSFV4EYBOPZP2EQTBBO3ZGTCSQM44JKZXB2LREFTE277LJV6AVCWRBORPNN4IOIO7ZRBIESGFQOV4HC3DTVGRLYRRWXWBUYYOSLRLLTUI7VRVYMRRTNENERJTNGO6C3CDNHQZ2HLWOSNTRZT7GMADXKTEV7S2E66EGFXBQEPETPMJD72QYCOIDQ"
            },
            "device": {
                "deviceId": "amzn1.ask.device.AMASAKG6LNC6QPHP5B6DOZYTOWLVDWMIZDS2CQ3R6AXJXY5L5DVSLY5FKGNBVKAXSAX2RTA747Q6HLEVOD375GM2Q7KNEN476E5I2GYUJPDV3U2M2SPGYP7IB6I7C4J3MRGD2YNLDNWMCJESSAXS7EJFN6QWPQOTB7L7XMAG24ERV6YM4FNQAVEHSGUTZXLGZDX6EDGA44UTG32I",
                "supportedInterfaces": {}
            },
            "apiEndpoint": "https://api.amazonalexa.com",
            "apiAccessToken": "eyJ0eXAiOiJKV1QiLCJhbGciOiJSUzI1NiIsImtpZCI6IjEifQ.eyJhdWQiOiJodHRwczovL2FwaS5hbWF6b25hbGV4YS5jb20iLCJpc3MiOiJBbGV4YVNraWxsS2l0Iiwic3ViIjoiYW16bjEuYXNrLnNraWxsLmY1OGUxZTEwLWZlNzYtNGNkOS1hMmJmLWJjODI4ZDg1OWVjOSIsImV4cCI6MTcwNDA1OTI5NSwiaWF0IjoxNzA0MDU5MjM1LCJuYmYiOjE3MDQwNTkyMzUsInByaXZhdGVDbGFpbXMiOnsiY29udGV4dCI6IkFBQUFBQUFBQUFBcGNOK2dZaUNBQVhHYWJaeVM4dWl4VGdFQUFBQUFBQURrRmloWDV1TE45MjhmaHoxdVR3dHZkNzRkWFNYU1JsblNlNEpJSnRZSHRETituM0FDSFkyMlRwVjRMVEo0M2poRDZ5OHg5elRJY0RrS3YxSU9EVW9RUFJKeWZtNDF2SUp3dnVHOVZjUEhiVlBoZ0laN3UwbzRJRm1XSldvWDEzSUdaTnNQYWpFemYwaUFCamRURm1ueVJLSnduZ3RWQ1dOR0JFcXlUN0xkTVJkRXUrbXh5bVFBMEJXd1h5ZWw0cXU0TGJzSDYzY094ZVVSWXhpTk4weC9FNTc0dnBxODF2UVBGTXM3MlVKSjR6aUZUMlRrVXA4SkxRdHFOMng5OXl3aDAzWGc1b2JBazFYR0V4T1pBc3dua2lUQTZiRUxwWlN3Y0l6a3FaZTFjOHc3ZFNIbzNNa1hKUlM4UXV3MUVsMmo5R3NORGg5YUNQSnFxSXc1eUZBaUg0N3RRWWVlN1FDNkpzaWFFUTBDZkZldHhFVExzbHl2ZVZjc05YLzNjL2RzRVFZSUxrSTN0K3VuRGZkU3lJbUk1Tlg1dEZhdGtDLzNqc0lyeFpoNXBxOEVNUmQ3cDRKM0lQMW8za1QxIiwiZGV2aWNlSWQiOiJhbXpuMS5hc2suZGV2aWNlLkFNQVNBS0c2TE5DNlFQSFA1QjZET1pZVE9XTFZEV01JWkRTMkNRM1I2QVhKWFk1TDVEVlNMWTVGS0dOQlZLQVhTQVgyUlRBNzQ3UTZITEVWT0QzNzVHTTJRN0tORU40NzZFNUkyR1lVSlBEVjNVMk0yU1BHWVA3SUI2STdDNEozTVJHRDJZTkxETldNQ0pFU1NBWFM3RUpGTjZRV1BRT1RCN0w3WE1BRzI0RVJWNllNNEZOUUFWRUhTR1VUWlhMR1pEWDZFREdBNDRVVEczMkkiLCJ1c2VySWQiOiJhbXpuMS5hc2suYWNjb3VudC5BTUE3Vzc3REZUNTNNWFIzT1AzSEtJUzZSWEFDV1lTN1NUUVBWV003T1VGN0RDTjNTSVhNN0hTRlY0RVlCT1BaUDJFUVRCQk8zWkdUQ1NRTTQ0SktaWEIyTFJFRlRFMjc3TEpWNkFWQ1dSQk9SUE5ONElPSU83WlJCSUVTR0ZRT1Y0SEMzRFRWR1JMWVJSV1hXQlVZWU9TTFJMTFRVSTdWUlZZTVJSVE5FTkVSSlROR082QzNDRE5IUVoySExXT1NOVFJaVDdHTUFEWEtURVY3UzJFNjZFR0ZYQlFFUEVUUE1KRDcyUVlDT0lEUSJ9fQ.A9eubs8C3caXDGufOHAFEY_MmsDYu9zCLVOL-JK8Hb57q_YYJ8EioBkRPKU6bNDbMRSAzHMd1FPzh3ypujn6enRJM6U1IEhZFwyAJgGJK8GG0PmWIisrTydf_Tk7KBE1nT-nDlRzGRNL1yTQ14vp6xVlYbPWTt5h50rR5RvmPHl_fPP-PeT-X09Nu9wePY2BthOlaXhBb3RFeIc7q35KM2VUCjcyWJljOGJIokpBYHbM2sfFaI3RH9gUGFWKJpTBTiMslZpVRYBEQpBvOG0Rjym_b2HlLqRhcQvPt_jMibi8-7FeSWnuN-ed-6puitd-IRiWlPx83aD9y49x1QNsdA"
        }
    },
    "request": {
        "type": "IntentRequest",
        "requestId": "amzn1.echo-api.request.6874f769-5beb-41a5-b04e-3161349154eb",
        "locale": "en-US",
        "timestamp": "2023-12-31T21:47:15Z",
        "intent": {
            "name": "HelloWorldIntent",
            "confirmationStatus": "NONE"
        }
    }
}
============================================
=========== speach response ==============
Not sure what to do with intent HelloWorldIntent
==========================================
=================================
response: {
    "version": "1.0",
    "response": {
        "shouldEndSession": true,
        "outputSpeech": {
            "type": "PlainText",
            "text": "Not sure what to do with intent HelloWorldIntent"
        },
        "card": {
            "type": "Simple",
            "title": "Fan Status",
            "content": "Fan is currently unknown"
        }
    },
    "sessionAttributes": {
        "dev": "Cheng Yan"
    }
}
=================================
============== Request Data ================
{
    "version": "1.0",
    "session": {
        "new": true,
        "sessionId": "amzn1.echo-api.session.2c8cc418-0052-432f-9e1a-2ef16bc1035c",
        "application": {
            "applicationId": "amzn1.ask.skill.f58e1e10-fe76-4cd9-a2bf-bc828d859ec9"
        },
        "attributes": {},
        "user": {
            "userId": "amzn1.ask.account.AMA7W77DFT53MXR3OP3HKIS6RXACWYS7STQPVWM7OUF7DCN3SIXM7HSFV4EYBOPZP2EQTBBO3ZGTCSQM44JKZXB2LREFTE277LJV6AVCWRBORPNN4IOIO7ZRBIESGFQOV4HC3DTVGRLYRRWXWBUYYOSLRLLTUI7VRVYMRRTNENERJTNGO6C3CDNHQZ2HLWOSNTRZT7GMADXKTEV7S2E66EGFXBQEPETPMJD72QYCOIDQ"
        }
    },
    "context": {
        "Extensions": {
            "available": {
                "aplext:backstack:10": {}
            }
        },
        "Advertising": {
            "advertisingId": "00000000-0000-0000-0000-000000000000",
            "limitAdTracking": true
        },
        "System": {
            "application": {
                "applicationId": "amzn1.ask.skill.f58e1e10-fe76-4cd9-a2bf-bc828d859ec9"
            },
            "user": {
                "userId": "amzn1.ask.account.AMA7W77DFT53MXR3OP3HKIS6RXACWYS7STQPVWM7OUF7DCN3SIXM7HSFV4EYBOPZP2EQTBBO3ZGTCSQM44JKZXB2LREFTE277LJV6AVCWRBORPNN4IOIO7ZRBIESGFQOV4HC3DTVGRLYRRWXWBUYYOSLRLLTUI7VRVYMRRTNENERJTNGO6C3CDNHQZ2HLWOSNTRZT7GMADXKTEV7S2E66EGFXBQEPETPMJD72QYCOIDQ"
            },
            "device": {
                "deviceId": "amzn1.ask.device.AMASAKG6LNC6QPHP5B6DOZYTOWLVDWMIZDS2CQ3R6AXJXY5L5DVSLY5FKGNBVKAXSAX2RTA747Q6HLEVOD375GM2Q7KNEN476E5I2GYUJPDV3U2M2SPGYP7IB6I7C4J3MRGD2YNLDNWMCJESSAXS7EJFN6QWPQOTB7L7XMAG24ERV6YM4FNQAVEHSGUTZXLGZDX6EDGA44UTG32I",
                "supportedInterfaces": {}
            },
            "apiEndpoint": "https://api.amazonalexa.com",
            "apiAccessToken": "eyJ0eXAiOiJKV1QiLCJhbGciOiJSUzI1NiIsImtpZCI6IjEifQ.eyJhdWQiOiJodHRwczovL2FwaS5hbWF6b25hbGV4YS5jb20iLCJpc3MiOiJBbGV4YVNraWxsS2l0Iiwic3ViIjoiYW16bjEuYXNrLnNraWxsLmY1OGUxZTEwLWZlNzYtNGNkOS1hMmJmLWJjODI4ZDg1OWVjOSIsImV4cCI6MTcwNDA1OTI5OSwiaWF0IjoxNzA0MDU5MjM5LCJuYmYiOjE3MDQwNTkyMzksInByaXZhdGVDbGFpbXMiOnsiY29udGV4dCI6IkFBQUFBQUFBQUFBcGNOK2dZaUNBQVhHYWJaeVM4dWl4VGdFQUFBQUFBQUI2RnAvNXNPZDZ6Q3RRbkR3WmhxMGtxTEpEL3pBWVIwK1BKSk11b2lweld0MTY5QXdTVkV5ZUNXR2hkbVQzZkJzQWI0b3lpNCtvb0RjZU9Ta1FqYTZDQkVwdGlrS3dMcmFKMlMvKzhzQ3FUb3k4QWFIanV0d3NBTVd4bVVmenlZQmJYekppQzRZbC9ZbzhCS2RiT2hVWFBseVRyQ2hPTEIxak9JeStCQ3luUkVwanFrMTV2L0FJelZVY1h4QlJ0NlZVRWhzRFRzZk9FbUFrRTRTMUY5bWxjMVpTWEtWNFJObU42K0pmWkx2VFlVN3BEanB3WWEwTHN4S05KRGc4YWRmZWJQU3FwQXg2bzlsWFVzd2lVeU5VZDZ6d25qci9SV3k3bEcyd1VGSlRDQnF4ajRwZmd3YlVrOFhsQlBwMklCZjVBZWNYSExiK25nSSttZXo4VUxESis1Vzl0SnRzUE5Iby9zNHVDeFRFVExUV0FCbmt6TUU4cnhoY095QVBpWVpNUm5ubWZUaXRaVmF0ZVRjc0dZOE1XTTdvL2l6R3gwdTdnRys2WGlVOFNJM1RjWnFzdW50cWp6d3NtTyt2IiwiZGV2aWNlSWQiOiJhbXpuMS5hc2suZGV2aWNlLkFNQVNBS0c2TE5DNlFQSFA1QjZET1pZVE9XTFZEV01JWkRTMkNRM1I2QVhKWFk1TDVEVlNMWTVGS0dOQlZLQVhTQVgyUlRBNzQ3UTZITEVWT0QzNzVHTTJRN0tORU40NzZFNUkyR1lVSlBEVjNVMk0yU1BHWVA3SUI2STdDNEozTVJHRDJZTkxETldNQ0pFU1NBWFM3RUpGTjZRV1BRT1RCN0w3WE1BRzI0RVJWNllNNEZOUUFWRUhTR1VUWlhMR1pEWDZFREdBNDRVVEczMkkiLCJ1c2VySWQiOiJhbXpuMS5hc2suYWNjb3VudC5BTUE3Vzc3REZUNTNNWFIzT1AzSEtJUzZSWEFDV1lTN1NUUVBWV003T1VGN0RDTjNTSVhNN0hTRlY0RVlCT1BaUDJFUVRCQk8zWkdUQ1NRTTQ0SktaWEIyTFJFRlRFMjc3TEpWNkFWQ1dSQk9SUE5ONElPSU83WlJCSUVTR0ZRT1Y0SEMzRFRWR1JMWVJSV1hXQlVZWU9TTFJMTFRVSTdWUlZZTVJSVE5FTkVSSlROR082QzNDRE5IUVoySExXT1NOVFJaVDdHTUFEWEtURVY3UzJFNjZFR0ZYQlFFUEVUUE1KRDcyUVlDT0lEUSJ9fQ.bxI7jPKEkTC1VyQdfokowvaY7fP14VX7ptDrm_5ggsMdn0iBWyJQNdeSAEslMQvrIZRUzwLYPxuWFTBZk6SPQxeJJJgGwRpyzuGMioB724N891g5YTCWf_WG9S2FvbmlgcMUEpG1vRbtPBYoJbOF9_hKxTlSJUDf8wWvtusqOE7gD1VKaNUnmyxINOAnSabmmeXNutTbarzBIEWZzFwQzv5qRf5HTV0ib4OycaiOCz7_2ujSoPaGLDQy7JlBlyE6vcxvApekLLY_ZgHD7jcTEooasZTJ3V-0Y55nJHosZs4usYPWVW36qvu8_UAUG7XU_LGexU4yR3ntYLv6u7FOsA"
        }
    },
    "request": {
        "type": "IntentRequest",
        "requestId": "amzn1.echo-api.request.b138c7a1-8a76-4678-8b0e-e1f494dd16ca",
        "locale": "en-US",
        "timestamp": "2023-12-31T21:47:19Z",
        "intent": {
            "name": "HelloWorldIntent",
            "confirmationStatus": "NONE"
        }
    }
}
============================================
=========== speach response ==============
Not sure what to do with intent HelloWorldIntent
==========================================
=================================
response: {
    "version": "1.0",
    "response": {
        "shouldEndSession": true,
        "outputSpeech": {
            "type": "PlainText",
            "text": "Not sure what to do with intent HelloWorldIntent"
        },
        "card": {
            "type": "Simple",
            "title": "Fan Status",
            "content": "Fan is currently unknown"
        }
    },
    "sessionAttributes": {
        "dev": "Cheng Yan"
    }
}
=================================
============== Request Data ================
{
    "version": "1.0",
    "session": {
        "new": true,
        "sessionId": "amzn1.echo-api.session.6578c3b2-c4a5-4e65-afb7-24e3cb4a7876",
        "application": {
            "applicationId": "amzn1.ask.skill.f58e1e10-fe76-4cd9-a2bf-bc828d859ec9"
        },
        "attributes": {},
        "user": {
            "userId": "amzn1.ask.account.AMA7W77DFT53MXR3OP3HKIS6RXACWYS7STQPVWM7OUF7DCN3SIXM7HSFV4EYBOPZP2EQTBBO3ZGTCSQM44JKZXB2LREFTE277LJV6AVCWRBORPNN4IOIO7ZRBIESGFQOV4HC3DTVGRLYRRWXWBUYYOSLRLLTUI7VRVYMRRTNENERJTNGO6C3CDNHQZ2HLWOSNTRZT7GMADXKTEV7S2E66EGFXBQEPETPMJD72QYCOIDQ"
        }
    },
    "context": {
        "Extensions": {
            "available": {
                "aplext:backstack:10": {}
            }
        },
        "Advertising": {
            "advertisingId": "00000000-0000-0000-0000-000000000000",
            "limitAdTracking": true
        },
        "System": {
            "application": {
                "applicationId": "amzn1.ask.skill.f58e1e10-fe76-4cd9-a2bf-bc828d859ec9"
            },
            "user": {
                "userId": "amzn1.ask.account.AMA7W77DFT53MXR3OP3HKIS6RXACWYS7STQPVWM7OUF7DCN3SIXM7HSFV4EYBOPZP2EQTBBO3ZGTCSQM44JKZXB2LREFTE277LJV6AVCWRBORPNN4IOIO7ZRBIESGFQOV4HC3DTVGRLYRRWXWBUYYOSLRLLTUI7VRVYMRRTNENERJTNGO6C3CDNHQZ2HLWOSNTRZT7GMADXKTEV7S2E66EGFXBQEPETPMJD72QYCOIDQ"
            },
            "device": {
                "deviceId": "amzn1.ask.device.AMASAKG6LNC6QPHP5B6DOZYTOWLVDWMIZDS2CQ3R6AXJXY5L5DVSLY5FKGNBVKAXSAX2RTA747Q6HLEVOD375GM2Q7KNEN476E5I2GYUJPDV3U2M2SPGYP7IB6I7C4J3MRGD2YNLDNWMCJESSAXS7EJFN6QWPQOTB7L7XMAG24ERV6YM4FNQAVEHSGUTZXLGZDX6EDGA44UTG32I",
                "supportedInterfaces": {}
            },
            "apiEndpoint": "https://api.amazonalexa.com",
            "apiAccessToken": "eyJ0eXAiOiJKV1QiLCJhbGciOiJSUzI1NiIsImtpZCI6IjEifQ.eyJhdWQiOiJodHRwczovL2FwaS5hbWF6b25hbGV4YS5jb20iLCJpc3MiOiJBbGV4YVNraWxsS2l0Iiwic3ViIjoiYW16bjEuYXNrLnNraWxsLmY1OGUxZTEwLWZlNzYtNGNkOS1hMmJmLWJjODI4ZDg1OWVjOSIsImV4cCI6MTcwNDA1OTMwMywiaWF0IjoxNzA0MDU5MjQzLCJuYmYiOjE3MDQwNTkyNDMsInByaXZhdGVDbGFpbXMiOnsiY29udGV4dCI6IkFBQUFBQUFBQUFBcGNOK2dZaUNBQVhHYWJaeVM4dWl4VGdFQUFBQUFBQUNBYTFxY3RtK0dReU9QTUQxUC9rMGlGdlpmT2dGNVlHZ0luT3ZFUDg3dXc5VjFSVUtKRnBGNnZpSEdXUTQzQVh1UFMvRUpaZ3RoOElSYXVrYzN0VUs3cS9qU2J4d0xBcVNmY01tRkJqZGttaWVERW1hNm1jZ0JNM1FaVFhCWE5YZjdPNTRONGNpemtoL1o3eFJveXNCY3hlc2FOZldEVU1MRXpaaVdOb0VOdjdjTmF0ZEpDOHpVWXVSME1sckU5amVyMkxzU290bjJLUERkb3ppMjNHc0Z2NDF6UWpHREtqa21SaWplR3hKUmY0NTFYNjBhbzZuRUZVQnNtK243cWdxV2IyUGpmejRWSER2L3IySG4wbnMxVlZNZGw1RUordTdYeCtZbWlyK0VRSDBzekhaOFI3TWc3T0NzYmY3eTY1Z0NBdGs2OXU5aitVNnFLa3lwNDdRdndyaWZ1WFVtWmY2SlJRNXhUOXpsVWliWFBsL0FMUkFHOEJRL0RZK0hUS1cxRVJwU1ZsTy9YN00vQ28zMlJvL2lqcFdCOEIzQkVHdC85UW9oS0lTQXRQOXVIVUxBR3NCV05XbDA4eTdHIiwiZGV2aWNlSWQiOiJhbXpuMS5hc2suZGV2aWNlLkFNQVNBS0c2TE5DNlFQSFA1QjZET1pZVE9XTFZEV01JWkRTMkNRM1I2QVhKWFk1TDVEVlNMWTVGS0dOQlZLQVhTQVgyUlRBNzQ3UTZITEVWT0QzNzVHTTJRN0tORU40NzZFNUkyR1lVSlBEVjNVMk0yU1BHWVA3SUI2STdDNEozTVJHRDJZTkxETldNQ0pFU1NBWFM3RUpGTjZRV1BRT1RCN0w3WE1BRzI0RVJWNllNNEZOUUFWRUhTR1VUWlhMR1pEWDZFREdBNDRVVEczMkkiLCJ1c2VySWQiOiJhbXpuMS5hc2suYWNjb3VudC5BTUE3Vzc3REZUNTNNWFIzT1AzSEtJUzZSWEFDV1lTN1NUUVBWV003T1VGN0RDTjNTSVhNN0hTRlY0RVlCT1BaUDJFUVRCQk8zWkdUQ1NRTTQ0SktaWEIyTFJFRlRFMjc3TEpWNkFWQ1dSQk9SUE5ONElPSU83WlJCSUVTR0ZRT1Y0SEMzRFRWR1JMWVJSV1hXQlVZWU9TTFJMTFRVSTdWUlZZTVJSVE5FTkVSSlROR082QzNDRE5IUVoySExXT1NOVFJaVDdHTUFEWEtURVY3UzJFNjZFR0ZYQlFFUEVUUE1KRDcyUVlDT0lEUSJ9fQ.b353UMT4U7AXQ0sYcKS3SsYvSkT33qvDYEEfEuK_qWfvD_vrgevzfXlthd5O08447zF99oqy2ADEy-CLddb9d2y9t6se_J8m2NEJ11ACXrNIpw9Fwjdj9HIWlzFGl90uMEuhmodm0iZdrg4Dgz-hzO6JNYYNo1fel6X2-PQCWM2ymAHJOy7Hfxl3cUnu1xsozDc5YdyLmC1Qxew8UzsRonpZUV07HVrkpZQyqiI7vBmjaAxYfmpIrt-umiuYXNcvqRp3PYoAA-AhBlqXM5gh0FVpVB-E0qctNw9GtHRBk_oXWmYWRNHcy2uz3KHkt1qTK24-W9DX5YFZRnsx99VZiQ"
        }
    },
    "request": {
        "type": "IntentRequest",
        "requestId": "amzn1.echo-api.request.be242d02-be8e-4ccd-a486-7ef57ca0e1a6",
        "locale": "en-US",
        "timestamp": "2023-12-31T21:47:23Z",
        "intent": {
            "name": "HelloWorldIntent",
            "confirmationStatus": "NONE"
        }
    }
}
============================================
=========== speach response ==============
Not sure what to do with intent HelloWorldIntent
==========================================
=================================
response: {
    "version": "1.0",
    "response": {
        "shouldEndSession": true,
        "outputSpeech": {
            "type": "PlainText",
            "text": "Not sure what to do with intent HelloWorldIntent"
        },
        "card": {
            "type": "Simple",
            "title": "Fan Status",
            "content": "Fan is currently unknown"
        }
    },
    "sessionAttributes": {
        "dev": "Cheng Yan"
    }
}
=================================
============== Request Data ================
{
    "version": "1.0",
    "session": {
        "new": true,
        "sessionId": "amzn1.echo-api.session.1d599c1b-9c86-4beb-a91a-e7a85e79f55b",
        "application": {
            "applicationId": "amzn1.ask.skill.f58e1e10-fe76-4cd9-a2bf-bc828d859ec9"
        },
        "attributes": {},
        "user": {
            "userId": "amzn1.ask.account.AMA7W77DFT53MXR3OP3HKIS6RXACWYS7STQPVWM7OUF7DCN3SIXM7HSFV4EYBOPZP2EQTBBO3ZGTCSQM44JKZXB2LREFTE277LJV6AVCWRBORPNN4IOIO7ZRBIESGFQOV4HC3DTVGRLYRRWXWBUYYOSLRLLTUI7VRVYMRRTNENERJTNGO6C3CDNHQZ2HLWOSNTRZT7GMADXKTEV7S2E66EGFXBQEPETPMJD72QYCOIDQ"
        }
    },
    "context": {
        "Extensions": {
            "available": {
                "aplext:backstack:10": {}
            }
        },
        "Advertising": {
            "advertisingId": "00000000-0000-0000-0000-000000000000",
            "limitAdTracking": true
        },
        "System": {
            "application": {
                "applicationId": "amzn1.ask.skill.f58e1e10-fe76-4cd9-a2bf-bc828d859ec9"
            },
            "user": {
                "userId": "amzn1.ask.account.AMA7W77DFT53MXR3OP3HKIS6RXACWYS7STQPVWM7OUF7DCN3SIXM7HSFV4EYBOPZP2EQTBBO3ZGTCSQM44JKZXB2LREFTE277LJV6AVCWRBORPNN4IOIO7ZRBIESGFQOV4HC3DTVGRLYRRWXWBUYYOSLRLLTUI7VRVYMRRTNENERJTNGO6C3CDNHQZ2HLWOSNTRZT7GMADXKTEV7S2E66EGFXBQEPETPMJD72QYCOIDQ"
            },
            "device": {
                "deviceId": "amzn1.ask.device.AMASAKG6LNC6QPHP5B6DOZYTOWLVDWMIZDS2CQ3R6AXJXY5L5DVSLY5FKGNBVKAXSAX2RTA747Q6HLEVOD375GM2Q7KNEN476E5I2GYUJPDV3U2M2SPGYP7IB6I7C4J3MRGD2YNLDNWMCJESSAXS7EJFN6QWPQOTB7L7XMAG24ERV6YM4FNQAVEHSGUTZXLGZDX6EDGA44UTG32I",
                "supportedInterfaces": {}
            },
            "apiEndpoint": "https://api.amazonalexa.com",
            "apiAccessToken": "eyJ0eXAiOiJKV1QiLCJhbGciOiJSUzI1NiIsImtpZCI6IjEifQ.eyJhdWQiOiJodHRwczovL2FwaS5hbWF6b25hbGV4YS5jb20iLCJpc3MiOiJBbGV4YVNraWxsS2l0Iiwic3ViIjoiYW16bjEuYXNrLnNraWxsLmY1OGUxZTEwLWZlNzYtNGNkOS1hMmJmLWJjODI4ZDg1OWVjOSIsImV4cCI6MTcwNDA1OTMwNiwiaWF0IjoxNzA0MDU5MjQ2LCJuYmYiOjE3MDQwNTkyNDYsInByaXZhdGVDbGFpbXMiOnsiY29udGV4dCI6IkFBQUFBQUFBQUFBcGNOK2dZaUNBQVhHYWJaeVM4dWl4VGdFQUFBQUFBQUI0Ynp0VkhVblNaL3k0cVNKUDlsV1NWK0JhNmc0YW5IT3M4bjViZWJ6UHpNQTFFTjRQSGRhWk9BMmR0TWlCSFpvbVlkSmFWdEs1ZHRlaVlLQTFUM3IrOUV6cGtmMXlRNXJCSWRVOVVvWVUwdXZVem1oeENZTkhxOTlXa0VNVHVXOU1KUzUxUVQ4L2pPRGxrNm1NWWVxZDNncVVYbW9vWURrMGQyQU9xZXpsN1ZlaHUydGR1YWdXdU54NnYvNjZVRGhhQ2R2cm93U1Q2Szh4Vk5GZERDMjF0KytwWkIwczlOK3dpZ2p5UCtMYzdFL2c1bVJSdm9DMTdQQ1VLbS9qc3crTGxwWU5iSmtJcFVyRHd0YktwL2pZam5yUzJJaVA2YmlrcVViR2VwQmZHODZZWGNJbG52K1F1enl2VWNYT3lmNVEvYTZTenc5UDBobzZWZnBEL2M5MzBZQXhRb1JDSkJXUGhLTkhTb0lBdXNVQkhJSTQxYzkvK2xCWUVoWVQ1MDhybmVOMC9oK01teTFlNVVNNTNzLzFHU3psUTNNVU8xbURscTRSdW9ZVWZGRmpONTl4UTR1ejIzajhTMXNRIiwiZGV2aWNlSWQiOiJhbXpuMS5hc2suZGV2aWNlLkFNQVNBS0c2TE5DNlFQSFA1QjZET1pZVE9XTFZEV01JWkRTMkNRM1I2QVhKWFk1TDVEVlNMWTVGS0dOQlZLQVhTQVgyUlRBNzQ3UTZITEVWT0QzNzVHTTJRN0tORU40NzZFNUkyR1lVSlBEVjNVMk0yU1BHWVA3SUI2STdDNEozTVJHRDJZTkxETldNQ0pFU1NBWFM3RUpGTjZRV1BRT1RCN0w3WE1BRzI0RVJWNllNNEZOUUFWRUhTR1VUWlhMR1pEWDZFREdBNDRVVEczMkkiLCJ1c2VySWQiOiJhbXpuMS5hc2suYWNjb3VudC5BTUE3Vzc3REZUNTNNWFIzT1AzSEtJUzZSWEFDV1lTN1NUUVBWV003T1VGN0RDTjNTSVhNN0hTRlY0RVlCT1BaUDJFUVRCQk8zWkdUQ1NRTTQ0SktaWEIyTFJFRlRFMjc3TEpWNkFWQ1dSQk9SUE5ONElPSU83WlJCSUVTR0ZRT1Y0SEMzRFRWR1JMWVJSV1hXQlVZWU9TTFJMTFRVSTdWUlZZTVJSVE5FTkVSSlROR082QzNDRE5IUVoySExXT1NOVFJaVDdHTUFEWEtURVY3UzJFNjZFR0ZYQlFFUEVUUE1KRDcyUVlDT0lEUSJ9fQ.UoQY56UrebLpOc-69DHgt5mzjKmuc5s91RxAJ8zPuhQeUVEllP-3dA1UAZ4RKufquX0vw9zZFZqmPbhI8mcx0TKzSfFihyt8delHjdNy5zr1p73n7P6ri4s427w_AvBVwwfKhTK6gSu3bOGbv2r-gFeU4I2HwG0QFzwE-2vWCXllWvSxOEcnYQjSP6dmDjpDfYNPOJ3Xasz9GlJ8Qy6aP2rVg5NmvKCNPh0fE5Tqlxsz32AYKiPwxhRM-7Lt5NUNKhoIYzKbJIgRbOfAyH5xeUIfrgK8fMvlMNHoG_0I2HjKo6v5eIp2ihJBvE8S5tk-jYfB9f0yth4bwp06eoUwyw"
        }
    },
    "request": {
        "type": "IntentRequest",
        "requestId": "amzn1.echo-api.request.96a8a487-2892-4de2-830d-0f41c197812f",
        "locale": "en-US",
        "timestamp": "2023-12-31T21:47:26Z",
        "intent": {
            "name": "HelloWorldIntent",
            "confirmationStatus": "NONE"
        }
    }
}
============================================
=========== speach response ==============
Not sure what to do with intent HelloWorldIntent
==========================================
=================================
response: {
    "version": "1.0",
    "response": {
        "shouldEndSession": true,
        "outputSpeech": {
            "type": "PlainText",
            "text": "Not sure what to do with intent HelloWorldIntent"
        },
        "card": {
            "type": "Simple",
            "title": "Fan Status",
            "content": "Fan is currently unknown"
        }
    },
    "sessionAttributes": {
        "dev": "Cheng Yan"
    }
}
=================================
============== Request Data ================
{
    "version": "1.0",
    "session": {
        "new": true,
        "sessionId": "amzn1.echo-api.session.24c7799c-9a77-4b71-b125-72b381f35703",
        "application": {
            "applicationId": "amzn1.ask.skill.f58e1e10-fe76-4cd9-a2bf-bc828d859ec9"
        },
        "attributes": {},
        "user": {
            "userId": "amzn1.ask.account.AMA7W77DFT53MXR3OP3HKIS6RXACWYS7STQPVWM7OUF7DCN3SIXM7HSFV4EYBOPZP2EQTBBO3ZGTCSQM44JKZXB2LREFTE277LJV6AVCWRBORPNN4IOIO7ZRBIESGFQOV4HC3DTVGRLYRRWXWBUYYOSLRLLTUI7VRVYMRRTNENERJTNGO6C3CDNHQZ2HLWOSNTRZT7GMADXKTEV7S2E66EGFXBQEPETPMJD72QYCOIDQ"
        }
    },
    "context": {
        "Extensions": {
            "available": {
                "aplext:backstack:10": {}
            }
        },
        "Advertising": {
            "advertisingId": "00000000-0000-0000-0000-000000000000",
            "limitAdTracking": true
        },
        "System": {
            "application": {
                "applicationId": "amzn1.ask.skill.f58e1e10-fe76-4cd9-a2bf-bc828d859ec9"
            },
            "user": {
                "userId": "amzn1.ask.account.AMA7W77DFT53MXR3OP3HKIS6RXACWYS7STQPVWM7OUF7DCN3SIXM7HSFV4EYBOPZP2EQTBBO3ZGTCSQM44JKZXB2LREFTE277LJV6AVCWRBORPNN4IOIO7ZRBIESGFQOV4HC3DTVGRLYRRWXWBUYYOSLRLLTUI7VRVYMRRTNENERJTNGO6C3CDNHQZ2HLWOSNTRZT7GMADXKTEV7S2E66EGFXBQEPETPMJD72QYCOIDQ"
            },
            "device": {
                "deviceId": "amzn1.ask.device.AMASAKG6LNC6QPHP5B6DOZYTOWLVDWMIZDS2CQ3R6AXJXY5L5DVSLY5FKGNBVKAXSAX2RTA747Q6HLEVOD375GM2Q7KNEN476E5I2GYUJPDV3U2M2SPGYP7IB6I7C4J3MRGD2YNLDNWMCJESSAXS7EJFN6QWPQOTB7L7XMAG24ERV6YM4FNQAVEHSGUTZXLGZDX6EDGA44UTG32I",
                "supportedInterfaces": {}
            },
            "apiEndpoint": "https://api.amazonalexa.com",
            "apiAccessToken": "eyJ0eXAiOiJKV1QiLCJhbGciOiJSUzI1NiIsImtpZCI6IjEifQ.eyJhdWQiOiJodHRwczovL2FwaS5hbWF6b25hbGV4YS5jb20iLCJpc3MiOiJBbGV4YVNraWxsS2l0Iiwic3ViIjoiYW16bjEuYXNrLnNraWxsLmY1OGUxZTEwLWZlNzYtNGNkOS1hMmJmLWJjODI4ZDg1OWVjOSIsImV4cCI6MTcwNDA1OTMwOSwiaWF0IjoxNzA0MDU5MjQ5LCJuYmYiOjE3MDQwNTkyNDksInByaXZhdGVDbGFpbXMiOnsiY29udGV4dCI6IkFBQUFBQUFBQUFBcGNOK2dZaUNBQVhHYWJaeVM4dWl4VGdFQUFBQUFBQURIZDZ2bUFiVDM5WThNSm8wcWVDWDRyOG1RczJkSmt5Ykd5bVlncEU2bFZZRXVvbnBFcklBTWlzcUpBSmVGVnFjdlFvOTcrK2ZPbXNqSE5ZZDBSS1crM05Ed21QUE1ucnVTMW1UUkEvL0NwQmNnVlRnYm80Y1c5dVVFWmIwSFhKK0FBdlhzbEpraGZjcllSTExTQmoyZ1hjL2pYWHZyR0o0c0xXSVNqMzRGSVZGOWlGMC9tTWVsZ0VUU1FLTkpKVkpuOG5lR1Y0aXV3WCtzVVlTSkVDK0JjazZkS3NjRkNWMkw1VC9vYm9EbStBWTBXM1c4NW5TTWVWdTdsb29GMVRrVWN1bWpGeG1GNGVpV04yK0lTM0k1b29tcTE4NnludEFTZXJEMFRaZTB0RHMvSWRIWnVKYS9UamtnbUJDcDQ0NFZNanRQcWc3MEtreGxmZUxjWWxNWTdzNjhKelRxWGg4Y21TUjN2U1lESll5SGp2VTk5M094UDZNTnZCTkhyUzB5OEt3NGVUNmFOcUdUQkJTaEpmSXJJRWs2S3hBeHorZUZRUWhaZlNxb0ZHVVd4YkNHc01yVCtZRTZqTGtJIiwiZGV2aWNlSWQiOiJhbXpuMS5hc2suZGV2aWNlLkFNQVNBS0c2TE5DNlFQSFA1QjZET1pZVE9XTFZEV01JWkRTMkNRM1I2QVhKWFk1TDVEVlNMWTVGS0dOQlZLQVhTQVgyUlRBNzQ3UTZITEVWT0QzNzVHTTJRN0tORU40NzZFNUkyR1lVSlBEVjNVMk0yU1BHWVA3SUI2STdDNEozTVJHRDJZTkxETldNQ0pFU1NBWFM3RUpGTjZRV1BRT1RCN0w3WE1BRzI0RVJWNllNNEZOUUFWRUhTR1VUWlhMR1pEWDZFREdBNDRVVEczMkkiLCJ1c2VySWQiOiJhbXpuMS5hc2suYWNjb3VudC5BTUE3Vzc3REZUNTNNWFIzT1AzSEtJUzZSWEFDV1lTN1NUUVBWV003T1VGN0RDTjNTSVhNN0hTRlY0RVlCT1BaUDJFUVRCQk8zWkdUQ1NRTTQ0SktaWEIyTFJFRlRFMjc3TEpWNkFWQ1dSQk9SUE5ONElPSU83WlJCSUVTR0ZRT1Y0SEMzRFRWR1JMWVJSV1hXQlVZWU9TTFJMTFRVSTdWUlZZTVJSVE5FTkVSSlROR082QzNDRE5IUVoySExXT1NOVFJaVDdHTUFEWEtURVY3UzJFNjZFR0ZYQlFFUEVUUE1KRDcyUVlDT0lEUSJ9fQ.No-Ibvv2kAcMor64piFcD_nGks9p5fxCd6kfw5NxSZ9zlC6IzELkQXfxFUXzyTlb50Fr5dOneIO68Mdofp9e8-KTi24vomICYkg_4sgwAJdkwCewi3hhtsdN5D0_ivu4289BQWQ2F2sL6vOpXPWN2ICf_G98WiMtwNmfvIkPcnK_ljX_i0cchIaTOynWa4ywiNjhFkXDxUdVpeC6d2juMo2tmsPT-W9_UTy734qjoBXdo-iJIwZrtyiVC2QTTgHYtnP5DAQnncfW1VkahDVS6qcNgFr6ldDZbBptbGLtukwKYY41CaHkCJSdxGEdL8KLKz400ZI_MmWprxE-uo0DWQ"
        }
    },
    "request": {
        "type": "IntentRequest",
        "requestId": "amzn1.echo-api.request.ed23dca6-9154-42fa-b4a3-d8d4bab1c2a6",
        "locale": "en-US",
        "timestamp": "2023-12-31T21:47:29Z",
        "intent": {
            "name": "HelloWorldIntent",
            "confirmationStatus": "NONE"
        }
    }
}
============================================
=========== speach response ==============
Not sure what to do with intent HelloWorldIntent
==========================================
=================================
response: {
    "version": "1.0",
    "response": {
        "shouldEndSession": true,
        "outputSpeech": {
            "type": "PlainText",
            "text": "Not sure what to do with intent HelloWorldIntent"
        },
        "card": {
            "type": "Simple",
            "title": "Fan Status",
            "content": "Fan is currently unknown"
        }
    },
    "sessionAttributes": {
        "dev": "Cheng Yan"
    }
}
=================================
============== Request Data ================
{
    "version": "1.0",
    "session": {
        "new": true,
        "sessionId": "amzn1.echo-api.session.ac6a452c-a961-4428-a997-38dcfe720b31",
        "application": {
            "applicationId": "amzn1.ask.skill.f58e1e10-fe76-4cd9-a2bf-bc828d859ec9"
        },
        "attributes": {},
        "user": {
            "userId": "amzn1.ask.account.AMA7W77DFT53MXR3OP3HKIS6RXACWYS7STQPVWM7OUF7DCN3SIXM7HSFV4EYBOPZP2EQTBBO3ZGTCSQM44JKZXB2LREFTE277LJV6AVCWRBORPNN4IOIO7ZRBIESGFQOV4HC3DTVGRLYRRWXWBUYYOSLRLLTUI7VRVYMRRTNENERJTNGO6C3CDNHQZ2HLWOSNTRZT7GMADXKTEV7S2E66EGFXBQEPETPMJD72QYCOIDQ"
        }
    },
    "context": {
        "Extensions": {
            "available": {
                "aplext:backstack:10": {}
            }
        },
        "Advertising": {
            "advertisingId": "00000000-0000-0000-0000-000000000000",
            "limitAdTracking": true
        },
        "System": {
            "application": {
                "applicationId": "amzn1.ask.skill.f58e1e10-fe76-4cd9-a2bf-bc828d859ec9"
            },
            "user": {
                "userId": "amzn1.ask.account.AMA7W77DFT53MXR3OP3HKIS6RXACWYS7STQPVWM7OUF7DCN3SIXM7HSFV4EYBOPZP2EQTBBO3ZGTCSQM44JKZXB2LREFTE277LJV6AVCWRBORPNN4IOIO7ZRBIESGFQOV4HC3DTVGRLYRRWXWBUYYOSLRLLTUI7VRVYMRRTNENERJTNGO6C3CDNHQZ2HLWOSNTRZT7GMADXKTEV7S2E66EGFXBQEPETPMJD72QYCOIDQ"
            },
            "device": {
                "deviceId": "amzn1.ask.device.AMASAKG6LNC6QPHP5B6DOZYTOWLVDWMIZDS2CQ3R6AXJXY5L5DVSLY5FKGNBVKAXSAX2RTA747Q6HLEVOD375GM2Q7KNEN476E5I2GYUJPDV3U2M2SPGYP7IB6I7C4J3MRGD2YNLDNWMCJESSAXS7EJFN6QWPQOTB7L7XMAG24ERV6YM4FNQAVEHSGUTZXLGZDX6EDGA44UTG32I",
                "supportedInterfaces": {}
            },
            "apiEndpoint": "https://api.amazonalexa.com",
            "apiAccessToken": "eyJ0eXAiOiJKV1QiLCJhbGciOiJSUzI1NiIsImtpZCI6IjEifQ.eyJhdWQiOiJodHRwczovL2FwaS5hbWF6b25hbGV4YS5jb20iLCJpc3MiOiJBbGV4YVNraWxsS2l0Iiwic3ViIjoiYW16bjEuYXNrLnNraWxsLmY1OGUxZTEwLWZlNzYtNGNkOS1hMmJmLWJjODI4ZDg1OWVjOSIsImV4cCI6MTcwNDA1OTMxMywiaWF0IjoxNzA0MDU5MjUzLCJuYmYiOjE3MDQwNTkyNTMsInByaXZhdGVDbGFpbXMiOnsiY29udGV4dCI6IkFBQUFBQUFBQUFBcGNOK2dZaUNBQVhHYWJaeVM4dWl4VGdFQUFBQUFBQUNJSWtPMjd3alY0T2dkYWsvZUNHSEFVa1pySTgxbVoxaU5xci9rKzl1ODdFNnJCUnhvTGdWbkV2ZWUvRXNKTGMzMHk0b2c5bFhuYXNUMm8rbDMxanJZRCtaR1ZVU1FoSWd3bGVPTHN6OHg0RFVxQ2I0WlRCRVpKanBUUElsbHVWUGRxYllOM3g4TTNqdy9mTFFtOTNXQXF3SHZDeWR4Nkx3U0tvV3FEMDM4bzhEV1BrZFMxKzZTYmc2NkMzS0pKMDRjdVczdVc5UENMZmxoUnRXZlJjM0hXQk9IdXJwdEhxMDNrWWFMNU5OTEtQeTQrUmJPZEJ2ci9jSWI2cG81OTJITEFnejJpWE5wRWpJNjVyUlVzbm94ZCtOMTJIYi9GYzdQVXpPNithQXZVZTRLRG5VbHNNbTd3ZUI0YWJMMVVGVkJxSDdhR2ZiRWMvSjZNZUVhU2FoeDNKODRCZ296WjB2NjBWTVVoQ3Yrc2JDeldVOGpIWlVybEN1QklBZ3pnWUUxZnRGQm5RUDV2b01VMUhoQ0EwUXhnOGpCN0xFVWNqN3hXclcrWEc2SEZ3aGliM1JJNUwraG5XMkZNVFF1IiwiZGV2aWNlSWQiOiJhbXpuMS5hc2suZGV2aWNlLkFNQVNBS0c2TE5DNlFQSFA1QjZET1pZVE9XTFZEV01JWkRTMkNRM1I2QVhKWFk1TDVEVlNMWTVGS0dOQlZLQVhTQVgyUlRBNzQ3UTZITEVWT0QzNzVHTTJRN0tORU40NzZFNUkyR1lVSlBEVjNVMk0yU1BHWVA3SUI2STdDNEozTVJHRDJZTkxETldNQ0pFU1NBWFM3RUpGTjZRV1BRT1RCN0w3WE1BRzI0RVJWNllNNEZOUUFWRUhTR1VUWlhMR1pEWDZFREdBNDRVVEczMkkiLCJ1c2VySWQiOiJhbXpuMS5hc2suYWNjb3VudC5BTUE3Vzc3REZUNTNNWFIzT1AzSEtJUzZSWEFDV1lTN1NUUVBWV003T1VGN0RDTjNTSVhNN0hTRlY0RVlCT1BaUDJFUVRCQk8zWkdUQ1NRTTQ0SktaWEIyTFJFRlRFMjc3TEpWNkFWQ1dSQk9SUE5ONElPSU83WlJCSUVTR0ZRT1Y0SEMzRFRWR1JMWVJSV1hXQlVZWU9TTFJMTFRVSTdWUlZZTVJSVE5FTkVSSlROR082QzNDRE5IUVoySExXT1NOVFJaVDdHTUFEWEtURVY3UzJFNjZFR0ZYQlFFUEVUUE1KRDcyUVlDT0lEUSJ9fQ.SStfSThKHUyxXQ9VSVKAPsao8KYPdIO-64lKV5-wPOuJQJNmUrg6t4RComM6t4Ru87VzuhmQ567PwHhFKbV25Cf_NHBu85Qo55sa-UEVkcIF4azLjKPWZVpjTLGTfkOglTrPSUctO9w0CqOH-d8XBPZz0tj8a_2nOvnGJtTf7F9HsoER0trwUrHqdXexGfoGl0ANboU1z7DsdeYq7M3iozcoY4-HzfIM3wxUNWcnBqlAvFYdr6nSOpaXJuVtFdBlhygczpZgFtQKvifRXzaKS_WvZuhBXbc6-vHsEZbX7ARQG6IO7QbWE3bnuNnghvuqvsPKK08XnncyiEKKPOHBEw"
        }
    },
    "request": {
        "type": "IntentRequest",
        "requestId": "amzn1.echo-api.request.ffced10a-0ea6-4474-933d-2346e969acd3",
        "locale": "en-US",
        "timestamp": "2023-12-31T21:47:33Z",
        "intent": {
            "name": "FanIntent",
            "confirmationStatus": "NONE",
            "slots": {
                "status": {
                    "name": "status",
                    "value": "enable",
                    "resolutions": {
                        "resolutionsPerAuthority": [
                            {
                                "authority": "amzn1.er-authority.echo-sdk.amzn1.ask.skill.f58e1e10-fe76-4cd9-a2bf-bc828d859ec9.STATUS",
                                "status": {
                                    "code": "ER_SUCCESS_MATCH"
                                },
                                "values": [
                                    {
                                        "value": {
                                            "name": "off",
                                            "id": "off"
                                        }
                                    }
                                ]
                            }
                        ]
                    },
                    "confirmationStatus": "NONE",
                    "source": "USER",
                    "slotValue": {
                        "type": "Simple",
                        "value": "enable",
                        "resolutions": {
                            "resolutionsPerAuthority": [
                                {
                                    "authority": "amzn1.er-authority.echo-sdk.amzn1.ask.skill.f58e1e10-fe76-4cd9-a2bf-bc828d859ec9.STATUS",
                                    "status": {
                                        "code": "ER_SUCCESS_MATCH"
                                    },
                                    "values": [
                                        {
                                            "value": {
                                                "name": "off",
                                                "id": "off"
                                            }
                                        }
                                    ]
                                }
                            ]
                        }
                    }
                }
            }
        }
    }
}
============================================
=========== speach response ==============
Fan is now on
==========================================
=================================
response: {
    "version": "1.0",
    "response": {
        "shouldEndSession": true,
        "outputSpeech": {
            "type": "PlainText",
            "text": "Fan is now on"
        },
        "card": {
            "type": "Simple",
            "title": "Fan Status",
            "content": "Fan is currently on"
        }
    },
    "sessionAttributes": {
        "dev": "Cheng Yan"
    }
}
=================================
============== Request Data ================
{
    "version": "1.0",
    "session": {
        "new": true,
        "sessionId": "amzn1.echo-api.session.1dd11bf2-4057-4e7c-9a66-35874995e74d",
        "application": {
            "applicationId": "amzn1.ask.skill.f58e1e10-fe76-4cd9-a2bf-bc828d859ec9"
        },
        "attributes": {},
        "user": {
            "userId": "amzn1.ask.account.AMA7W77DFT53MXR3OP3HKIS6RXACWYS7STQPVWM7OUF7DCN3SIXM7HSFV4EYBOPZP2EQTBBO3ZGTCSQM44JKZXB2LREFTE277LJV6AVCWRBORPNN4IOIO7ZRBIESGFQOV4HC3DTVGRLYRRWXWBUYYOSLRLLTUI7VRVYMRRTNENERJTNGO6C3CDNHQZ2HLWOSNTRZT7GMADXKTEV7S2E66EGFXBQEPETPMJD72QYCOIDQ"
        }
    },
    "context": {
        "Extensions": {
            "available": {
                "aplext:backstack:10": {}
            }
        },
        "Advertising": {
            "advertisingId": "00000000-0000-0000-0000-000000000000",
            "limitAdTracking": true
        },
        "System": {
            "application": {
                "applicationId": "amzn1.ask.skill.f58e1e10-fe76-4cd9-a2bf-bc828d859ec9"
            },
            "user": {
                "userId": "amzn1.ask.account.AMA7W77DFT53MXR3OP3HKIS6RXACWYS7STQPVWM7OUF7DCN3SIXM7HSFV4EYBOPZP2EQTBBO3ZGTCSQM44JKZXB2LREFTE277LJV6AVCWRBORPNN4IOIO7ZRBIESGFQOV4HC3DTVGRLYRRWXWBUYYOSLRLLTUI7VRVYMRRTNENERJTNGO6C3CDNHQZ2HLWOSNTRZT7GMADXKTEV7S2E66EGFXBQEPETPMJD72QYCOIDQ"
            },
            "device": {
                "deviceId": "amzn1.ask.device.AMASAKG6LNC6QPHP5B6DOZYTOWLVDWMIZDS2CQ3R6AXJXY5L5DVSLY5FKGNBVKAXSAX2RTA747Q6HLEVOD375GM2Q7KNEN476E5I2GYUJPDV3U2M2SPGYP7IB6I7C4J3MRGD2YNLDNWMCJESSAXS7EJFN6QWPQOTB7L7XMAG24ERV6YM4FNQAVEHSGUTZXLGZDX6EDGA44UTG32I",
                "supportedInterfaces": {}
            },
            "apiEndpoint": "https://api.amazonalexa.com",
            "apiAccessToken": "eyJ0eXAiOiJKV1QiLCJhbGciOiJSUzI1NiIsImtpZCI6IjEifQ.eyJhdWQiOiJodHRwczovL2FwaS5hbWF6b25hbGV4YS5jb20iLCJpc3MiOiJBbGV4YVNraWxsS2l0Iiwic3ViIjoiYW16bjEuYXNrLnNraWxsLmY1OGUxZTEwLWZlNzYtNGNkOS1hMmJmLWJjODI4ZDg1OWVjOSIsImV4cCI6MTcwNDA1OTMxNywiaWF0IjoxNzA0MDU5MjU3LCJuYmYiOjE3MDQwNTkyNTcsInByaXZhdGVDbGFpbXMiOnsiY29udGV4dCI6IkFBQUFBQUFBQUFBcGNOK2dZaUNBQVhHYWJaeVM4dWl4VGdFQUFBQUFBQUIvbFkxaWsyR1lqTmZmZ0tkL3NJVERMK25QNG52VE5LYUc3eWlnWk1UajVDWGxKaDFlUzg2SE5JcEVHNjdnZTZIaFVxZm96QTNueS9PWDdRSW5mVTdIV216S0ZLR1FDeHRPbTg4NzVLTCtRYUx5T2lnL0xiQ2x0UnZNeWVSSURITWFlbWpDNjFYQWZlaVRwQ1ZhanIyZWw2Y21jRGl4ZDBTRnliZG5UcWU1QzJQcDdYcFNlWDB4Z3hDVXgyVHdneFduSnI0eWZrenhCanlrdElWMHZYMEdQd2NOMHVzZlo1eVRlV3krUmQ3VDI5VEpsTjJLeThudXpJZjB5OXBaZUFFa3hrdjlES29SWFlkaCtYNzdhRFRNVGV4RHIzZ0VPTm9HV2NRcFRpaGM1RWZMNGhoSm0rdVBKVTlUR2tTd0djUUlmOVQzV3RIMk1EOVFqZDdGTDhOUWVrenE3WTZGN3JjNFFvMmQ3ZnBsdERpOWdjR25RbzJRbkdTS1RJVTVuekNUNUlpNkMwYm9KWTJnVXA0ZUhtUnhTeXBEMzN2U0s4VEdUTHJGM3lJTnQvczZyNHUrTWV5aE5DN1ZrbVR0IiwiZGV2aWNlSWQiOiJhbXpuMS5hc2suZGV2aWNlLkFNQVNBS0c2TE5DNlFQSFA1QjZET1pZVE9XTFZEV01JWkRTMkNRM1I2QVhKWFk1TDVEVlNMWTVGS0dOQlZLQVhTQVgyUlRBNzQ3UTZITEVWT0QzNzVHTTJRN0tORU40NzZFNUkyR1lVSlBEVjNVMk0yU1BHWVA3SUI2STdDNEozTVJHRDJZTkxETldNQ0pFU1NBWFM3RUpGTjZRV1BRT1RCN0w3WE1BRzI0RVJWNllNNEZOUUFWRUhTR1VUWlhMR1pEWDZFREdBNDRVVEczMkkiLCJ1c2VySWQiOiJhbXpuMS5hc2suYWNjb3VudC5BTUE3Vzc3REZUNTNNWFIzT1AzSEtJUzZSWEFDV1lTN1NUUVBWV003T1VGN0RDTjNTSVhNN0hTRlY0RVlCT1BaUDJFUVRCQk8zWkdUQ1NRTTQ0SktaWEIyTFJFRlRFMjc3TEpWNkFWQ1dSQk9SUE5ONElPSU83WlJCSUVTR0ZRT1Y0SEMzRFRWR1JMWVJSV1hXQlVZWU9TTFJMTFRVSTdWUlZZTVJSVE5FTkVSSlROR082QzNDRE5IUVoySExXT1NOVFJaVDdHTUFEWEtURVY3UzJFNjZFR0ZYQlFFUEVUUE1KRDcyUVlDT0lEUSJ9fQ.HiSqizK28YwKa5FCjThJhRop1tCDC_AQBB5iRGmLIs-dHPRVgI8N_ASjJLIMgCZv42rCZC-p2mi-qCxMfdqyti5V5xkQsdyNz4622r6PvzsZUiZ_xk3qXHFux2Pv37U8e4Iv-3J93QJYZmyMXuMCfz_Z6VhqoXzN7L9_9dPC316rgrcqmalgB7a7rO7W7IbpRkQBnyv5r9sc0rFZ_sEf7wCB3s9pmqY8gqbhWnB5kRD0ri49rKm6uBBFNjsjx5A1PxOrGm88hbobqAmP-dpIzwnR4vFc1ckrBujprBZtgOuaUNXWFnDrJ9yi1dgn9YZnRPOlQZvCqj5aC03z-uQ9PQ"
        }
    },
    "request": {
        "type": "IntentRequest",
        "requestId": "amzn1.echo-api.request.1f7b50ee-894b-4a82-9831-4bff722c9d56",
        "locale": "en-US",
        "timestamp": "2023-12-31T21:47:37Z",
        "intent": {
            "name": "FanIntent",
            "confirmationStatus": "NONE",
            "slots": {
                "status": {
                    "name": "status",
                    "value": "turn on",
                    "resolutions": {
                        "resolutionsPerAuthority": [
                            {
                                "authority": "amzn1.er-authority.echo-sdk.amzn1.ask.skill.f58e1e10-fe76-4cd9-a2bf-bc828d859ec9.STATUS",
                                "status": {
                                    "code": "ER_SUCCESS_MATCH"
                                },
                                "values": [
                                    {
                                        "value": {
                                            "name": "off",
                                            "id": "off"
                                        }
                                    },
                                    {
                                        "value": {
                                            "name": "on",
                                            "id": "on"
                                        }
                                    }
                                ]
                            }
                        ]
                    },
                    "confirmationStatus": "NONE",
                    "source": "USER",
                    "slotValue": {
                        "type": "Simple",
                        "value": "turn on",
                        "resolutions": {
                            "resolutionsPerAuthority": [
                                {
                                    "authority": "amzn1.er-authority.echo-sdk.amzn1.ask.skill.f58e1e10-fe76-4cd9-a2bf-bc828d859ec9.STATUS",
                                    "status": {
                                        "code": "ER_SUCCESS_MATCH"
                                    },
                                    "values": [
                                        {
                                            "value": {
                                                "name": "off",
                                                "id": "off"
                                            }
                                        },
                                        {
                                            "value": {
                                                "name": "on",
                                                "id": "on"
                                            }
                                        }
                                    ]
                                }
                            ]
                        }
                    }
                }
            }
        }
    }
}
============================================
=========== speach response ==============
Fan is now on
==========================================
=================================
response: {
    "version": "1.0",
    "response": {
        "shouldEndSession": true,
        "outputSpeech": {
            "type": "PlainText",
            "text": "Fan is now on"
        },
        "card": {
            "type": "Simple",
            "title": "Fan Status",
            "content": "Fan is currently on"
        }
    },
    "sessionAttributes": {
        "dev": "Cheng Yan"
    }
}
=================================
============== Request Data ================
{
    "version": "1.0",
    "session": {
        "new": true,
        "sessionId": "amzn1.echo-api.session.f4c1dc2e-9fe4-433c-9303-7acf40c8b820",
        "application": {
            "applicationId": "amzn1.ask.skill.f58e1e10-fe76-4cd9-a2bf-bc828d859ec9"
        },
        "attributes": {},
        "user": {
            "userId": "amzn1.ask.account.AMA7W77DFT53MXR3OP3HKIS6RXACWYS7STQPVWM7OUF7DCN3SIXM7HSFV4EYBOPZP2EQTBBO3ZGTCSQM44JKZXB2LREFTE277LJV6AVCWRBORPNN4IOIO7ZRBIESGFQOV4HC3DTVGRLYRRWXWBUYYOSLRLLTUI7VRVYMRRTNENERJTNGO6C3CDNHQZ2HLWOSNTRZT7GMADXKTEV7S2E66EGFXBQEPETPMJD72QYCOIDQ"
        }
    },
    "context": {
        "Extensions": {
            "available": {
                "aplext:backstack:10": {}
            }
        },
        "Advertising": {
            "advertisingId": "00000000-0000-0000-0000-000000000000",
            "limitAdTracking": true
        },
        "System": {
            "application": {
                "applicationId": "amzn1.ask.skill.f58e1e10-fe76-4cd9-a2bf-bc828d859ec9"
            },
            "user": {
                "userId": "amzn1.ask.account.AMA7W77DFT53MXR3OP3HKIS6RXACWYS7STQPVWM7OUF7DCN3SIXM7HSFV4EYBOPZP2EQTBBO3ZGTCSQM44JKZXB2LREFTE277LJV6AVCWRBORPNN4IOIO7ZRBIESGFQOV4HC3DTVGRLYRRWXWBUYYOSLRLLTUI7VRVYMRRTNENERJTNGO6C3CDNHQZ2HLWOSNTRZT7GMADXKTEV7S2E66EGFXBQEPETPMJD72QYCOIDQ"
            },
            "device": {
                "deviceId": "amzn1.ask.device.AMASAKG6LNC6QPHP5B6DOZYTOWLVDWMIZDS2CQ3R6AXJXY5L5DVSLY5FKGNBVKAXSAX2RTA747Q6HLEVOD375GM2Q7KNEN476E5I2GYUJPDV3U2M2SPGYP7IB6I7C4J3MRGD2YNLDNWMCJESSAXS7EJFN6QWPQOTB7L7XMAG24ERV6YM4FNQAVEHSGUTZXLGZDX6EDGA44UTG32I",
                "supportedInterfaces": {}
            },
            "apiEndpoint": "https://api.amazonalexa.com",
            "apiAccessToken": "eyJ0eXAiOiJKV1QiLCJhbGciOiJSUzI1NiIsImtpZCI6IjEifQ.eyJhdWQiOiJodHRwczovL2FwaS5hbWF6b25hbGV4YS5jb20iLCJpc3MiOiJBbGV4YVNraWxsS2l0Iiwic3ViIjoiYW16bjEuYXNrLnNraWxsLmY1OGUxZTEwLWZlNzYtNGNkOS1hMmJmLWJjODI4ZDg1OWVjOSIsImV4cCI6MTcwNDA1OTMyMCwiaWF0IjoxNzA0MDU5MjYwLCJuYmYiOjE3MDQwNTkyNjAsInByaXZhdGVDbGFpbXMiOnsiY29udGV4dCI6IkFBQUFBQUFBQUFBcGNOK2dZaUNBQVhHYWJaeVM4dWl4VGdFQUFBQUFBQUMvSmhKdjlIcFYzS2JNaUw5dEIwQTJQSHpJdDVlRm43OTN3L0MxMHE5SzQvc1YyWHdCVkJWQmZKYVBuRm9Fdk5FMVJ3MGxJOVZEV2JGL05nNURTZlZCNUpUelhmeWtXeGt1em9OOFBJc0FhOEFJZzVwaEJVTnVDdVE1ellGdEVxUEw0ZnNaaXBvVUVQVmpFcVM2RmpIU3Q2TW9ISWQyZUlCYlI0SHhXUG5tUXAyQkVnTmwwblFuZjZsbDQxczd0SG9JMGt5NjU4ZEdsZVd0aDdBTXdHRlNTUEhtbWJ2SFNZUS8xczBKeDBQYUpDWWhaREpQajNBRXhjeG9UbG5BYm94NDIycEFUNkZENVBLWVBXTXEzanZDNS9tSDEyZnprMlVqNnhlNWdGWHVOaFZjbGdFNDFycTBCVi9jbGVmQ0hmSFVPSytBelQzbDBMbkFZVDB2aVQxQ05QVWh3WHNSeTlueUN2SG51VXFYLzhlMFgyT1gxNFNxSk5uUVJSNW9nMSsycUFEaExSbEhWNTVmOWNHUzkrZXRBRDFyY0EwbXplZTM0eTNOLy9mNXdTK3paTXRCR1hNbUpqRHlXeWk2IiwiZGV2aWNlSWQiOiJhbXpuMS5hc2suZGV2aWNlLkFNQVNBS0c2TE5DNlFQSFA1QjZET1pZVE9XTFZEV01JWkRTMkNRM1I2QVhKWFk1TDVEVlNMWTVGS0dOQlZLQVhTQVgyUlRBNzQ3UTZITEVWT0QzNzVHTTJRN0tORU40NzZFNUkyR1lVSlBEVjNVMk0yU1BHWVA3SUI2STdDNEozTVJHRDJZTkxETldNQ0pFU1NBWFM3RUpGTjZRV1BRT1RCN0w3WE1BRzI0RVJWNllNNEZOUUFWRUhTR1VUWlhMR1pEWDZFREdBNDRVVEczMkkiLCJ1c2VySWQiOiJhbXpuMS5hc2suYWNjb3VudC5BTUE3Vzc3REZUNTNNWFIzT1AzSEtJUzZSWEFDV1lTN1NUUVBWV003T1VGN0RDTjNTSVhNN0hTRlY0RVlCT1BaUDJFUVRCQk8zWkdUQ1NRTTQ0SktaWEIyTFJFRlRFMjc3TEpWNkFWQ1dSQk9SUE5ONElPSU83WlJCSUVTR0ZRT1Y0SEMzRFRWR1JMWVJSV1hXQlVZWU9TTFJMTFRVSTdWUlZZTVJSVE5FTkVSSlROR082QzNDRE5IUVoySExXT1NOVFJaVDdHTUFEWEtURVY3UzJFNjZFR0ZYQlFFUEVUUE1KRDcyUVlDT0lEUSJ9fQ.BePp0HqqdOjUSU_4c0ull4HfJBwI5c57-LN6xXCcYZVZLe30S1yWOBEl7XVgTG_tfkw2TX3a8y6gymBli8HhmHUnJe0aAnQd48q1Z-tHxfbd3nlmbY3dy1hiQZgMY2pdMcUisRNISXUXv88mnHwW375JhcN8tmPRUmrK46f2ISVovfAggZ843h8w6RT0CmZ7V0VCon88nHlOSNnmUQpVTQ9oXn_i72vjG9poVdyId0AU5uraYuf7anfz-AmvcJiyPZD_2m0dr3rovsYbIONDgzrr11FMT2yJQpysCIDxWlW0wNXOyX8nIXsfYnHZ7DXZLmYpNdR_txBV5AWvrUetmg"
        }
    },
    "request": {
        "type": "IntentRequest",
        "requestId": "amzn1.echo-api.request.4cb0dd5d-f484-455b-92ff-8fd770f425ca",
        "locale": "en-US",
        "timestamp": "2023-12-31T21:47:40Z",
        "intent": {
            "name": "FanIntent",
            "confirmationStatus": "NONE",
            "slots": {
                "status": {
                    "name": "status",
                    "value": "turn off",
                    "resolutions": {
                        "resolutionsPerAuthority": [
                            {
                                "authority": "amzn1.er-authority.echo-sdk.amzn1.ask.skill.f58e1e10-fe76-4cd9-a2bf-bc828d859ec9.STATUS",
                                "status": {
                                    "code": "ER_SUCCESS_MATCH"
                                },
                                "values": [
                                    {
                                        "value": {
                                            "name": "on",
                                            "id": "on"
                                        }
                                    }
                                ]
                            }
                        ]
                    },
                    "confirmationStatus": "NONE",
                    "source": "USER",
                    "slotValue": {
                        "type": "Simple",
                        "value": "turn off",
                        "resolutions": {
                            "resolutionsPerAuthority": [
                                {
                                    "authority": "amzn1.er-authority.echo-sdk.amzn1.ask.skill.f58e1e10-fe76-4cd9-a2bf-bc828d859ec9.STATUS",
                                    "status": {
                                        "code": "ER_SUCCESS_MATCH"
                                    },
                                    "values": [
                                        {
                                            "value": {
                                                "name": "on",
                                                "id": "on"
                                            }
                                        }
                                    ]
                                }
                            ]
                        }
                    }
                }
            }
        }
    }
}
============================================
=========== speach response ==============
Fan is now off
==========================================
=================================
response: {
    "version": "1.0",
    "response": {
        "shouldEndSession": true,
        "outputSpeech": {
            "type": "PlainText",
            "text": "Fan is now off"
        },
        "card": {
            "type": "Simple",
            "title": "Fan Status",
            "content": "Fan is currently off"
        }
    },
    "sessionAttributes": {
        "dev": "Cheng Yan"
    }
}
=================================
============== Request Data ================
{
    "version": "1.0",
    "session": {
        "new": true,
        "sessionId": "amzn1.echo-api.session.4a64c235-2efe-4bec-9bb8-2a474631d1a5",
        "application": {
            "applicationId": "amzn1.ask.skill.f58e1e10-fe76-4cd9-a2bf-bc828d859ec9"
        },
        "attributes": {},
        "user": {
            "userId": "amzn1.ask.account.AMA7W77DFT53MXR3OP3HKIS6RXACWYS7STQPVWM7OUF7DCN3SIXM7HSFV4EYBOPZP2EQTBBO3ZGTCSQM44JKZXB2LREFTE277LJV6AVCWRBORPNN4IOIO7ZRBIESGFQOV4HC3DTVGRLYRRWXWBUYYOSLRLLTUI7VRVYMRRTNENERJTNGO6C3CDNHQZ2HLWOSNTRZT7GMADXKTEV7S2E66EGFXBQEPETPMJD72QYCOIDQ"
        }
    },
    "context": {
        "Extensions": {
            "available": {
                "aplext:backstack:10": {}
            }
        },
        "Advertising": {
            "advertisingId": "00000000-0000-0000-0000-000000000000",
            "limitAdTracking": true
        },
        "System": {
            "application": {
                "applicationId": "amzn1.ask.skill.f58e1e10-fe76-4cd9-a2bf-bc828d859ec9"
            },
            "user": {
                "userId": "amzn1.ask.account.AMA7W77DFT53MXR3OP3HKIS6RXACWYS7STQPVWM7OUF7DCN3SIXM7HSFV4EYBOPZP2EQTBBO3ZGTCSQM44JKZXB2LREFTE277LJV6AVCWRBORPNN4IOIO7ZRBIESGFQOV4HC3DTVGRLYRRWXWBUYYOSLRLLTUI7VRVYMRRTNENERJTNGO6C3CDNHQZ2HLWOSNTRZT7GMADXKTEV7S2E66EGFXBQEPETPMJD72QYCOIDQ"
            },
            "device": {
                "deviceId": "amzn1.ask.device.AMASAKG6LNC6QPHP5B6DOZYTOWLVDWMIZDS2CQ3R6AXJXY5L5DVSLY5FKGNBVKAXSAX2RTA747Q6HLEVOD375GM2Q7KNEN476E5I2GYUJPDV3U2M2SPGYP7IB6I7C4J3MRGD2YNLDNWMCJESSAXS7EJFN6QWPQOTB7L7XMAG24ERV6YM4FNQAVEHSGUTZXLGZDX6EDGA44UTG32I",
                "supportedInterfaces": {}
            },
            "apiEndpoint": "https://api.amazonalexa.com",
            "apiAccessToken": "eyJ0eXAiOiJKV1QiLCJhbGciOiJSUzI1NiIsImtpZCI6IjEifQ.eyJhdWQiOiJodHRwczovL2FwaS5hbWF6b25hbGV4YS5jb20iLCJpc3MiOiJBbGV4YVNraWxsS2l0Iiwic3ViIjoiYW16bjEuYXNrLnNraWxsLmY1OGUxZTEwLWZlNzYtNGNkOS1hMmJmLWJjODI4ZDg1OWVjOSIsImV4cCI6MTcwNDA1OTMyMywiaWF0IjoxNzA0MDU5MjYzLCJuYmYiOjE3MDQwNTkyNjMsInByaXZhdGVDbGFpbXMiOnsiY29udGV4dCI6IkFBQUFBQUFBQUFBcGNOK2dZaUNBQVhHYWJaeVM4dWl4VGdFQUFBQUFBQURpcktkSVFtSDNWNUd1TkZyK1pvMllRSGRBdGxEOEE1MWRYOEoxdXBZZGc1MEc2NURhR25Vb01XazJIc1hGSmpmWDZ2US8vT09JZlY5b0NLVzVxMFMxS0g4dnJyRHg0a2c2cm1CbmpwZHZzRGoyMUozUmt0b3JaZGFVMDFCOUttRkdBa0VMVTd1ZjJ1WG1ZQXhxbU9ZWVJwMThraDVKK3FsZDBVaGd3SFFodEw1eDNmdWVvdUFZMGFpcmZrR29veVQ3clpmbzBINFg5WmdRU0hOVVZRN0FEaUs2cCs4LytNL2Mwc1cxWmxscC9CSVFOYS9pdFRlT1htNGsxV29nbG5weTVYeDV6bW5STTRqdWh4d2M5NGJMb1BPellXcmJnZ01SZjQ5ODFWVFc4YkZoOHVpOW5zajBUcVBOc2tHQ2FtaGpqcklIa2dpaEljelB2SnFQMElHNWpROWlCUUpaL09xMnc2Tms0bW1yakVNT3VHU2g0bVpQT1M1bzZ5Tm9yOXdINEtudFlCa3RVQjZJSkNQb3ZIRXBZakhzNXgyaVliT2Nnb1NZdTZuRGtEaWl0QWVsSlNzVGpnYU9UUjc1IiwiZGV2aWNlSWQiOiJhbXpuMS5hc2suZGV2aWNlLkFNQVNBS0c2TE5DNlFQSFA1QjZET1pZVE9XTFZEV01JWkRTMkNRM1I2QVhKWFk1TDVEVlNMWTVGS0dOQlZLQVhTQVgyUlRBNzQ3UTZITEVWT0QzNzVHTTJRN0tORU40NzZFNUkyR1lVSlBEVjNVMk0yU1BHWVA3SUI2STdDNEozTVJHRDJZTkxETldNQ0pFU1NBWFM3RUpGTjZRV1BRT1RCN0w3WE1BRzI0RVJWNllNNEZOUUFWRUhTR1VUWlhMR1pEWDZFREdBNDRVVEczMkkiLCJ1c2VySWQiOiJhbXpuMS5hc2suYWNjb3VudC5BTUE3Vzc3REZUNTNNWFIzT1AzSEtJUzZSWEFDV1lTN1NUUVBWV003T1VGN0RDTjNTSVhNN0hTRlY0RVlCT1BaUDJFUVRCQk8zWkdUQ1NRTTQ0SktaWEIyTFJFRlRFMjc3TEpWNkFWQ1dSQk9SUE5ONElPSU83WlJCSUVTR0ZRT1Y0SEMzRFRWR1JMWVJSV1hXQlVZWU9TTFJMTFRVSTdWUlZZTVJSVE5FTkVSSlROR082QzNDRE5IUVoySExXT1NOVFJaVDdHTUFEWEtURVY3UzJFNjZFR0ZYQlFFUEVUUE1KRDcyUVlDT0lEUSJ9fQ.d8d4StYp1HI9RjAyNROZriSKeLPAquJhJfb06F2BxwNyZnkL98qp3YiGJo23qDuh1VLJDtT8SFtTGZ83i3BJn9e_GA0Uz4g3V-RGwA5CUQlQf4bLhvE_v-FGX5DdzAVHq2Q6QQ1wgheRdU4CwN5bKhP2UnngaUYghIiB9_FEpLfAMpH9RY50LBNF17ZzB686Ta96WO1P5LjPNIX-aP52WuQ5ahREveJp7F54xQp0LsZZhEMaY16QXA3CSw7h8aQqbpO0JBcF8uCU2xS_tKA9BCvnJpUxyz1ViBJwhVSrt14bwtbE15CbBGIg_PW52P0WjRLqfpcxSG0dtWho9REzSQ"
        }
    },
    "request": {
        "type": "IntentRequest",
        "requestId": "amzn1.echo-api.request.332e2adb-f946-42b8-9da7-c4ff3743f11c",
        "locale": "en-US",
        "timestamp": "2023-12-31T21:47:43Z",
        "intent": {
            "name": "FanIntent",
            "confirmationStatus": "NONE",
            "slots": {
                "status": {
                    "name": "status",
                    "value": "xyzabd",
                    "resolutions": {
                        "resolutionsPerAuthority": [
                            {
                                "authority": "amzn1.er-authority.echo-sdk.amzn1.ask.skill.f58e1e10-fe76-4cd9-a2bf-bc828d859ec9.STATUS",
                                "status": {
                                    "code": "ER_SUCCESS_NO_MATCH"
                                }
                            }
                        ]
                    },
                    "confirmationStatus": "NONE",
                    "source": "USER",
                    "slotValue": {
                        "type": "Simple",
                        "value": "xyzabd",
                        "resolutions": {
                            "resolutionsPerAuthority": [
                                {
                                    "authority": "amzn1.er-authority.echo-sdk.amzn1.ask.skill.f58e1e10-fe76-4cd9-a2bf-bc828d859ec9.STATUS",
                                    "status": {
                                        "code": "ER_SUCCESS_NO_MATCH"
                                    }
                                }
                            ]
                        }
                    }
                }
            }
        }
    }
}
============================================
=========== speach response ==============
Unknown FanIntent value xyzabd
==========================================
=================================
response: {
    "version": "1.0",
    "response": {
        "shouldEndSession": true,
        "outputSpeech": {
            "type": "PlainText",
            "text": "Unknown FanIntent value xyzabd"
        },
        "card": {
            "type": "Simple",
            "title": "Fan Status",
            "content": "Fan is currently unknown"
        }
    },
    "sessionAttributes": {
        "dev": "Cheng Yan"
    }
}
=================================
============== Request Data ================
{
    "version": "1.0",
    "session": {
        "new": true,
        "sessionId": "amzn1.echo-api.session.012dfd9f-72bb-4732-881b-b1cc262fd763",
        "application": {
            "applicationId": "amzn1.ask.skill.f58e1e10-fe76-4cd9-a2bf-bc828d859ec9"
        },
        "attributes": {},
        "user": {
            "userId": "amzn1.ask.account.AMAVRVWWSIK4KJHPLB6PJRQQDA46WSJYL57CMMZKBCEPBWPXVW2KNVR4B3WWQ4DJHXSAATXES4K6GUNNJLYQKAHE2VGAUHZZBNXAAGKD6B7H7U3DAD4FPAOHPK5YZE3DV7PTHHRS7XLDW3XVWG3XYPRQGHQVYQJRI5DMBO2E6RSEFR3JB4SP5HJBDBKSM6HHN7XCQG4HOZSTKXA52GULSVIGWEPOHHVJBOPOT2HBBY"
        }
    },
    "context": {
        "Extensions": {
            "available": {
                "aplext:backstack:10": {}
            }
        },
        "Advertising": {
            "advertisingId": "00000000-0000-0000-0000-000000000000",
            "limitAdTracking": true
        },
        "System": {
            "application": {
                "applicationId": "amzn1.ask.skill.f58e1e10-fe76-4cd9-a2bf-bc828d859ec9"
            },
            "user": {
                "userId": "amzn1.ask.account.AMAVRVWWSIK4KJHPLB6PJRQQDA46WSJYL57CMMZKBCEPBWPXVW2KNVR4B3WWQ4DJHXSAATXES4K6GUNNJLYQKAHE2VGAUHZZBNXAAGKD6B7H7U3DAD4FPAOHPK5YZE3DV7PTHHRS7XLDW3XVWG3XYPRQGHQVYQJRI5DMBO2E6RSEFR3JB4SP5HJBDBKSM6HHN7XCQG4HOZSTKXA52GULSVIGWEPOHHVJBOPOT2HBBY"
            },
            "device": {
                "deviceId": "amzn1.ask.device.AMAUX44MI6YNGZDVGWGUHK5MRTOSS2YS4JA7PKSHBYHHKLKW2XFGKNT7Y6RGECVSJKM4Z5APZKODMJT2KWEYDKPF3DGMZNONQ7HR2UOXWCNNQRQNBNPP2H3FNBL4NF53QGVMYLOXN25HZC345RNP7E54LRAP7VS45B4KFL275CP5R3PABTDTAT23OB5QXZQEFWPJJU6IH5N2CGPX",
                "supportedInterfaces": {}
            },
            "apiEndpoint": "https://api.amazonalexa.com",
            "apiAccessToken": "eyJ0eXAiOiJKV1QiLCJhbGciOiJSUzI1NiIsImtpZCI6IjEifQ.eyJhdWQiOiJodHRwczovL2FwaS5hbWF6b25hbGV4YS5jb20iLCJpc3MiOiJBbGV4YVNraWxsS2l0Iiwic3ViIjoiYW16bjEuYXNrLnNraWxsLmY1OGUxZTEwLWZlNzYtNGNkOS1hMmJmLWJjODI4ZDg1OWVjOSIsImV4cCI6MTcwNDA1OTMzMCwiaWF0IjoxNzA0MDU5MjcwLCJuYmYiOjE3MDQwNTkyNzAsInByaXZhdGVDbGFpbXMiOnsiY29udGV4dCI6IkFBQUFBQUFBQUFBcGNOK2dZaUNBQVhHYWJaeVM4dWl4VFFFQUFBQUFBQURPdzdsYVV4ck9PU1JRVWJiWjdGcjF2T00xNzRjVk5UMllxL0dxVHd5VjVGNGRrYmxaclRqN2hlWGtuMThlY3dBWWE0VHNKV1pRdUoxdDZFQVBuZWRzem1QbVdNVGF6dEE1ZTBLR2d6TDhUd05qd3daOVB6enZhZlo0eVk3MVpUaGdQZldmbkorOVh4QitONm4yWm1jd09PdXo4MEIzR2NZWVMzNVdOYlFWK05lWEpjQ0VVays2aHRqdHNMV1lZZjh0V1ZvTUV4U1p2Y3hiQ2E4K0M1dmR0bnhCWnZvTmRMYTJGbkx1UmhPcHpoazYwbTZkTzR4aXFVQ2pueHlRT0dXRVcwWkNRdnlyb1Jpb3pMay8wbEx4TWZPcWFKRDE0Y1FjdEZwenRtYWp4NDFUL1BnWHRzYzRkRXdNb1BSZUZ6enhSOXNwZVFwTitYR0drT3MzaVNJcmRjM3Y1akx1eDBSZSszNC9qSUpSaEdEclA1dnNuVG1STE11aFlTc2RIT2ZnM1E2VFhKTWVvVlBzZmZZdElJZkFqc2pNS1hVVEU0ZUYybDA0ak1BR0Jwd01vZzRmRUpRbWRLNlgwZ0E9IiwiZGV2aWNlSWQiOiJhbXpuMS5hc2suZGV2aWNlLkFNQVVYNDRNSTZZTkdaRFZHV0dVSEs1TVJUT1NTMllTNEpBN1BLU0hCWUhIS0xLVzJYRkdLTlQ3WTZSR0VDVlNKS000WjVBUFpLT0RNSlQyS1dFWURLUEYzREdNWk5PTlE3SFIyVU9YV0NOTlFSUU5CTlBQMkgzRk5CTDRORjUzUUdWTVlMT1hOMjVIWkMzNDVSTlA3RTU0TFJBUDdWUzQ1QjRLRkwyNzVDUDVSM1BBQlREVEFUMjNPQjVRWFpRRUZXUEpKVTZJSDVOMkNHUFgiLCJ1c2VySWQiOiJhbXpuMS5hc2suYWNjb3VudC5BTUFWUlZXV1NJSzRLSkhQTEI2UEpSUVFEQTQ2V1NKWUw1N0NNTVpLQkNFUEJXUFhWVzJLTlZSNEIzV1dRNERKSFhTQUFUWEVTNEs2R1VOTkpMWVFLQUhFMlZHQVVIWlpCTlhBQUdLRDZCN0g3VTNEQUQ0RlBBT0hQSzVZWkUzRFY3UFRISFJTN1hMRFczWFZXRzNYWVBSUUdIUVZZUUpSSTVETUJPMkU2UlNFRlIzSkI0U1A1SEpCREJLU002SEhON1hDUUc0SE9aU1RLWEE1MkdVTFNWSUdXRVBPSEhWSkJPUE9UMkhCQlkifX0.DhIhOVxQJN2cKNtWowp6hLuAWFbpNE2C8uY63TtpcZMK0Y4FJdWIXM9Pi3z75gxgngCuenXeZ4tAfjfrUzufyFehfhXaMsPDr4z1DuijFWplSyI7sqneeuWF8gq-Z7flo2e5CQ9yp20sXwgfbZfe8VeNHu16jyTAh5ET6ufQFs_Xv_0Vqp6V7bC1qRL9ioiYLVewuMAvaGShPWjf0u69t6huNvc0CcYEf9BxocULc3gKunBU4mtam9opg-gbf6QDMlGeaOUeyE_12X_Py2YK8xDB7p5KH3MfkoDs9bHxkvstTw_0tB3-M3G6_K5wf-KlDsPJpQ0MNRwUsBMRzYVQ_A"
        }
    },
    "request": {
        "type": "LaunchRequest",
        "requestId": "amzn1.echo-api.request.8e7ddfb1-836c-49c2-a9e7-a2dd3c1fe97f",
        "locale": "en-US",
        "timestamp": "2023-12-31T21:47:50Z",
        "shouldLinkResultBeReturned": false
    }
}
============================================
================= unknown request type: LaunchRequest ====================
=========== speach response ==============
Daniel Toy is LaunchRequest
==========================================
=================================
response: {
    "version": "1.0",
    "response": {
        "shouldEndSession": true,
        "outputSpeech": {
            "type": "PlainText",
            "text": "Daniel Toy is LaunchRequest"
        },
        "card": {
            "type": "Simple",
            "title": "Fan Status",
            "content": "Fan initialized"
        }
    },
    "sessionAttributes": {
        "dev": "Cheng Yan"
    }
}
=================================
============== Request Data ================
{
    "version": "1.0",
    "session": {
        "new": true,
        "sessionId": "amzn1.echo-api.session.ea4057c1-2b06-4ccd-8e36-b5a7ba257c21",
        "application": {
            "applicationId": "amzn1.ask.skill.f58e1e10-fe76-4cd9-a2bf-bc828d859ec9"
        },
        "attributes": {},
        "user": {
            "userId": "amzn1.ask.account.AMAYUIWGNYFUWUO4EBWNLJCN56ADR7FDLUUORTXPFF3L444JBTEDHNAYSA45ZRZAJUZRDPD3LLI3BX67KK34NF4U56ZMY4ASGT6HNCK6M7WQVLVPI6LJQUK4MMHGED3DN6MUFHYU6REUKW6Y3XQ6IOUXYZJLLOKDBYCI5SHUCGYXFGD7GXIMEAYSEE4B3KTB7QOHM5UQX46A33YJGA625AUHX4IOQLM4DZJEL4ZZ7S7Q"
        }
    },
    "context": {
        "Extensions": {
            "available": {
                "aplext:backstack:10": {}
            }
        },
        "System": {
            "application": {
                "applicationId": "amzn1.ask.skill.f58e1e10-fe76-4cd9-a2bf-bc828d859ec9"
            },
            "user": {
                "userId": "amzn1.ask.account.AMAYUIWGNYFUWUO4EBWNLJCN56ADR7FDLUUORTXPFF3L444JBTEDHNAYSA45ZRZAJUZRDPD3LLI3BX67KK34NF4U56ZMY4ASGT6HNCK6M7WQVLVPI6LJQUK4MMHGED3DN6MUFHYU6REUKW6Y3XQ6IOUXYZJLLOKDBYCI5SHUCGYXFGD7GXIMEAYSEE4B3KTB7QOHM5UQX46A33YJGA625AUHX4IOQLM4DZJEL4ZZ7S7Q"
            },
            "device": {
                "deviceId": "amzn1.ask.device.AMA2ZABBUTY4COGMT3EW2RG4G4JTB6OR2H7FUIOOMKGAFZMF755SOBYSMGOXKHZAQMOEZDGF53XDOCTV2ZJJTAPETA2IXOLHOK5QUKABSCSE74BP2PP7XARXINYFBWLVFT4HCBI72V24Q2IJHVHLJLM75BQXG7PHK4PRZVJOFTDFPNN47SSSCHLBX3EFX2MADLUEQKQN7ICYBFZH",
                "supportedInterfaces": {}
            },
            "apiEndpoint": "https://api.amazonalexa.com",
            "apiAccessToken": "eyJ0eXAiOiJKV1QiLCJhbGciOiJSUzI1NiIsImtpZCI6IjEifQ.eyJhdWQiOiJodHRwczovL2FwaS5hbWF6b25hbGV4YS5jb20iLCJpc3MiOiJBbGV4YVNraWxsS2l0Iiwic3ViIjoiYW16bjEuYXNrLnNraWxsLmY1OGUxZTEwLWZlNzYtNGNkOS1hMmJmLWJjODI4ZDg1OWVjOSIsImV4cCI6MTcwNDA1OTMzNiwiaWF0IjoxNzA0MDU5Mjc2LCJuYmYiOjE3MDQwNTkyNzYsInByaXZhdGVDbGFpbXMiOnsiY29udGV4dCI6IkFBQUFBQUFBQUFBcGNOK2dZaUNBQVhHYWJaeVM4dWl4VGdFQUFBQUFBQUQyYkMydExjaUZZVTlUdTFiaElwRGMrcEtTUHZ6V0lVbnVLL2wyd0czN0FhU3lldXp2KzBCVDNUSjlpbFZUV0c0czRuWDZneGx4dGNhQWhSS0cvK2lja3JDdWorUUt2WHNHSnJJTHFOSy9QUTMyb2JJTVk4QnVTUWZhZTQ0UFdzUFBwdG0zR001YVBPMzF1Um5hNGdoeHZxNkpkV2FPZ0VZVXp6M2VMTjVvWmo0R0dyMGJFWEVKUU9qdEYybzl1QnJPS3lYNWd1UGhZSGYwUm8zQTBiMGdydlR1a0g5bEJyNE4rQjNFSVRXNDhzTWdNNlJ5MzBGS2JzekVqcVhwclUzNGFGMnBqK1ZPM2NVSWdXcnVTSFJmWWRMRW9Vei9WVzEvbUxSM0pJNS92SHMvSm5DcmVHYmJqTkpBK1pzYWdIUHNwUEhNZW0wQWNGLzRlbTU1YlowS2Z2TjJud2x5VWZoNkgxZ0tMTW9mQVJMR08vS2FVZGVKNHFHUWI0USs0NkFLTVFUNnpCeXVJeUhCMEUrWmZpMlQzZFFBYUVyNVpUSkl2ODdXWktBNHlXTkk1VTJFaHhtNW1MUWZteituIiwiZGV2aWNlSWQiOiJhbXpuMS5hc2suZGV2aWNlLkFNQTJaQUJCVVRZNENPR01UM0VXMlJHNEc0SlRCNk9SMkg3RlVJT09NS0dBRlpNRjc1NVNPQllTTUdPWEtIWkFRTU9FWkRHRjUzWERPQ1RWMlpKSlRBUEVUQTJJWE9MSE9LNVFVS0FCU0NTRTc0QlAyUFA3WEFSWElOWUZCV0xWRlQ0SENCSTcyVjI0UTJJSkhWSExKTE03NUJRWEc3UEhLNFBSWlZKT0ZUREZQTk40N1NTU0NITEJYM0VGWDJNQURMVUVRS1FON0lDWUJGWkgiLCJ1c2VySWQiOiJhbXpuMS5hc2suYWNjb3VudC5BTUFZVUlXR05ZRlVXVU80RUJXTkxKQ041NkFEUjdGRExVVU9SVFhQRkYzTDQ0NEpCVEVESE5BWVNBNDVaUlpBSlVaUkRQRDNMTEkzQlg2N0tLMzRORjRVNTZaTVk0QVNHVDZITkNLNk03V1FWTFZQSTZMSlFVSzRNTUhHRUQzRE42TVVGSFlVNlJFVUtXNlkzWFE2SU9VWFlaSkxMT0tEQllDSTVTSFVDR1lYRkdEN0dYSU1FQVlTRUU0QjNLVEI3UU9ITTVVUVg0NkEzM1lKR0E2MjVBVUhYNElPUUxNNERaSkVMNFpaN1M3USJ9fQ.RKvj6--VpYQtJvuNzlOp3plzZBc99Q9s27920hNhqLo8t_5dPbcLTDN4iz2z_LqOoaTk9bolgRQVVRb52kVVdFqmMdvirB0ZWgw0rISAJwSanSlCAed_TxkqfoRW-Bokcz9iQ45pmft6wzNNE6XbtF4q2n3VvyTCDawQEByh2cjOFU2kj0FWs8tTH2OAOSLB_mTJGSwc4NkkzcFZL6agpdQhuoHNTHSlgEmOJg0slSJw0nO5RoRkE1mAE_KTiXpRvzpPe9x29NxVI0G0MIST1cVTwcG1xzg3CFm6a915LyDOUqGzZdqTJLslZ4OmmhtfGLjw5WjslYqbn9UlPYSn-A"
        }
    },
    "request": {
        "type": "LaunchRequest",
        "requestId": "amzn1.echo-api.request.31aeec31-87a0-4981-ad2c-8121a3b932c0",
        "locale": "en-US",
        "timestamp": "2023-12-31T21:47:56Z",
        "shouldLinkResultBeReturned": false
    }
}
============================================
================= unknown request type: LaunchRequest ====================
=========== speach response ==============
Daniel Toy is LaunchRequest
==========================================
=================================
response: {
    "version": "1.0",
    "response": {
        "shouldEndSession": true,
        "outputSpeech": {
            "type": "PlainText",
            "text": "Daniel Toy is LaunchRequest"
        },
        "card": {
            "type": "Simple",
            "title": "Fan Status",
            "content": "Fan initialized"
        }
    },
    "sessionAttributes": {
        "dev": "Cheng Yan"
    }
}
=================================
============== Request Data ================
{
    "version": "1.0",
    "session": {
        "new": true,
        "sessionId": "amzn1.echo-api.session.47e09bf3-777b-4f79-8a8c-9e59f4264479",
        "application": {
            "applicationId": "amzn1.ask.skill.f58e1e10-fe76-4cd9-a2bf-bc828d859ec9"
        },
        "attributes": {},
        "user": {
            "userId": "amzn1.ask.account.AMAYUIWGNYFUWUO4EBWNLJCN56ADR7FDLUUORTXPFF3L444JBTEDHNAYSA45ZRZAJUZRDPD3LLI3BX67KK34NF4U56ZMY4ASGT6HNCK6M7WQVLVPI6LJQUK4MMHGED3DN6MUFHYU6REUKW6Y3XQ6IOUXYZJLLOKDBYCI5SHUCGYXFGD7GXIMEAYSEE4B3KTB7QOHM5UQX46A33YJGA625AUHX4IOQLM4DZJEL4ZZ7S7Q"
        }
    },
    "context": {
        "Extensions": {
            "available": {
                "aplext:backstack:10": {}
            }
        },
        "Advertising": {
            "advertisingId": "00000000-0000-0000-0000-000000000000",
            "limitAdTracking": true
        },
        "System": {
            "application": {
                "applicationId": "amzn1.ask.skill.f58e1e10-fe76-4cd9-a2bf-bc828d859ec9"
            },
            "user": {
                "userId": "amzn1.ask.account.AMAYUIWGNYFUWUO4EBWNLJCN56ADR7FDLUUORTXPFF3L444JBTEDHNAYSA45ZRZAJUZRDPD3LLI3BX67KK34NF4U56ZMY4ASGT6HNCK6M7WQVLVPI6LJQUK4MMHGED3DN6MUFHYU6REUKW6Y3XQ6IOUXYZJLLOKDBYCI5SHUCGYXFGD7GXIMEAYSEE4B3KTB7QOHM5UQX46A33YJGA625AUHX4IOQLM4DZJEL4ZZ7S7Q"
            },
            "device": {
                "deviceId": "amzn1.ask.device.AMA2ZABBUTY4COGMT3EW2RG4G4JTB6OR2H7FUIOOMKGAFZMF755SOBYSMGOXKHZAQMOEZDGF53XDOCTV2ZJJTAPETA2IXOLHOK5QUKABSCSE74BP2PP7XARXINYFBWLVFT4HCBI72V24Q2IJHVHLJLM75BQXG7PHK4PRZVJOFTDFPNN47SSSCHLBX3EFX2MADLUEQKQN7ICYBFZH",
                "supportedInterfaces": {}
            },
            "apiEndpoint": "https://api.amazonalexa.com",
            "apiAccessToken": "eyJ0eXAiOiJKV1QiLCJhbGciOiJSUzI1NiIsImtpZCI6IjEifQ.eyJhdWQiOiJodHRwczovL2FwaS5hbWF6b25hbGV4YS5jb20iLCJpc3MiOiJBbGV4YVNraWxsS2l0Iiwic3ViIjoiYW16bjEuYXNrLnNraWxsLmY1OGUxZTEwLWZlNzYtNGNkOS1hMmJmLWJjODI4ZDg1OWVjOSIsImV4cCI6MTcwNDA1OTMzOSwiaWF0IjoxNzA0MDU5Mjc5LCJuYmYiOjE3MDQwNTkyNzksInByaXZhdGVDbGFpbXMiOnsiY29udGV4dCI6IkFBQUFBQUFBQUFBcGNOK2dZaUNBQVhHYWJaeVM4dWl4VGdFQUFBQUFBQUFyTWJld3duRUZFMDM4TWxWZEE4RElsK1JsNU1tcUZNSzNNenFQM1lNNVVzMlN4aENBU3lRZWQ3eGh3Qk12VHhTbzdLYUFMSW9TR3N2Y2dIY1o5K0ROUlhXUFZBR2dHeDIxY2tEUGFnUG10TVVwRTFaKzJ2OWczTjlDeU1DTnJhdnd3MHJUdi9ZVlA2SUlYRStDNm4wc3hDYzlPSkhWNkUvaFhKZ242MlozRjJBRCtSTWlvTmpla0dJYzNmMXhveXhEcW42Q0pMZ0JnUDRNcEx4RUh4OHY3Qnc1N3cycFlmK05obDh3Unl4dDFIb1lBVVY3KzY2bC9QOUMvTGFENytzd1duZ3A5U3JlRFRpSUZ4bjJ3bUJrajB2QUNkVjdmUDU4Tm1nWTg2RUF2eStzMUo5aWJLamV0L3p6Ymg1bGpuaVRyb245aUh2MU5Xa2wydURqM1k2N3ZRZVNBcEpkTzN0bWhtVjN3dDFHakk1OGZWS05BWEhXOFFUTURnMWE2S2J6bXYvNUtvaWo3Y2JPT20rY3ZzaEc2K0VFd0ErY25hako1cVpPcEJYd2U3dGp2M1hLNFlKS2Q3R3pHS3p5IiwiZGV2aWNlSWQiOiJhbXpuMS5hc2suZGV2aWNlLkFNQTJaQUJCVVRZNENPR01UM0VXMlJHNEc0SlRCNk9SMkg3RlVJT09NS0dBRlpNRjc1NVNPQllTTUdPWEtIWkFRTU9FWkRHRjUzWERPQ1RWMlpKSlRBUEVUQTJJWE9MSE9LNVFVS0FCU0NTRTc0QlAyUFA3WEFSWElOWUZCV0xWRlQ0SENCSTcyVjI0UTJJSkhWSExKTE03NUJRWEc3UEhLNFBSWlZKT0ZUREZQTk40N1NTU0NITEJYM0VGWDJNQURMVUVRS1FON0lDWUJGWkgiLCJ1c2VySWQiOiJhbXpuMS5hc2suYWNjb3VudC5BTUFZVUlXR05ZRlVXVU80RUJXTkxKQ041NkFEUjdGRExVVU9SVFhQRkYzTDQ0NEpCVEVESE5BWVNBNDVaUlpBSlVaUkRQRDNMTEkzQlg2N0tLMzRORjRVNTZaTVk0QVNHVDZITkNLNk03V1FWTFZQSTZMSlFVSzRNTUhHRUQzRE42TVVGSFlVNlJFVUtXNlkzWFE2SU9VWFlaSkxMT0tEQllDSTVTSFVDR1lYRkdEN0dYSU1FQVlTRUU0QjNLVEI3UU9ITTVVUVg0NkEzM1lKR0E2MjVBVUhYNElPUUxNNERaSkVMNFpaN1M3USJ9fQ.WHx5vXjr3Qg3EjUy94UhDasuA4cVkyKMTmbAZ7eJw3GvZ5Fd-1c6y7Ob-2uBt5r6LmX7ebR9f5QWdmA5WpzTVu4ahhnAkaLgxUf4hH6Bp3IOJDc8pvi0-5io1P3h6w2MnffLtQGfwoVIy3Hdaxd392pN2GW9ozEn1QEhPgfwnmq9QjonILuapCs2elo3mJEsEwjkB4yUTAh3bsvIanGb4trk00c_Dd6BoJy23RWr1jDGBzrtkex1QSJkhVCgVM94Nt1CqAKi0HbQKLJJwKIzF89ojCFQcikKTARGA8V5BPTCoEYItnA0vSxTqzTI0U5ybZgMhz_N3nnxKdRmRl5KAA"
        }
    },
    "request": {
        "type": "LaunchRequest",
        "requestId": "amzn1.echo-api.request.b1d893db-6e40-4c65-ba73-cd6b84a94e5e",
        "locale": "en-US",
        "timestamp": "2023-12-31T21:47:59Z",
        "shouldLinkResultBeReturned": false
    }
}
============================================
================= unknown request type: LaunchRequest ====================
=========== speach response ==============
Daniel Toy is LaunchRequest
==========================================
=================================
response: {
    "version": "1.0",
    "response": {
        "shouldEndSession": true,
        "outputSpeech": {
            "type": "PlainText",
            "text": "Daniel Toy is LaunchRequest"
        },
        "card": {
            "type": "Simple",
            "title": "Fan Status",
            "content": "Fan initialized"
        }
    },
    "sessionAttributes": {
        "dev": "Cheng Yan"
    }
}
=================================
============== Request Data ================
{
    "version": "1.0",
    "session": {
        "new": true,
        "sessionId": "amzn1.echo-api.session.0e31471a-9e20-4f97-9893-43e404818bf5",
        "application": {
            "applicationId": "amzn1.ask.skill.f58e1e10-fe76-4cd9-a2bf-bc828d859ec9"
        },
        "attributes": {},
        "user": {
            "userId": "amzn1.ask.account.AMAYUIWGNYFUWUO4EBWNLJCN56ADR7FDLUUORTXPFF3L444JBTEDHNAYSA45ZRZAJUZRDPD3LLI3BX67KK34NF4U56ZMY4ASGT6HNCK6M7WQVLVPI6LJQUK4MMHGED3DN6MUFHYU6REUKW6Y3XQ6IOUXYZJLLOKDBYCI5SHUCGYXFGD7GXIMEAYSEE4B3KTB7QOHM5UQX46A33YJGA625AUHX4IOQLM4DZJEL4ZZ7S7Q"
        }
    },
    "context": {
        "Extensions": {
            "available": {
                "aplext:backstack:10": {}
            }
        },
        "Advertising": {
            "advertisingId": "00000000-0000-0000-0000-000000000000",
            "limitAdTracking": true
        },
        "System": {
            "application": {
                "applicationId": "amzn1.ask.skill.f58e1e10-fe76-4cd9-a2bf-bc828d859ec9"
            },
            "user": {
                "userId": "amzn1.ask.account.AMAYUIWGNYFUWUO4EBWNLJCN56ADR7FDLUUORTXPFF3L444JBTEDHNAYSA45ZRZAJUZRDPD3LLI3BX67KK34NF4U56ZMY4ASGT6HNCK6M7WQVLVPI6LJQUK4MMHGED3DN6MUFHYU6REUKW6Y3XQ6IOUXYZJLLOKDBYCI5SHUCGYXFGD7GXIMEAYSEE4B3KTB7QOHM5UQX46A33YJGA625AUHX4IOQLM4DZJEL4ZZ7S7Q"
            },
            "device": {
                "deviceId": "amzn1.ask.device.AMA2ZABBUTY4COGMT3EW2RG4G4JTB6OR2H7FUIOOMKGAFZMF755SOBYSMGOXKHZAQMOEZDGF53XDOCTV2ZJJTAPETA2IXOLHOK5QUKABSCSE74BP2PP7XARXINYFBWLVFT4HCBI72V24Q2IJHVHLJLM75BQXG7PHK4PRZVJOFTDFPNN47SSSCHLBX3EFX2MADLUEQKQN7ICYBFZH",
                "supportedInterfaces": {}
            },
            "apiEndpoint": "https://api.amazonalexa.com",
            "apiAccessToken": "eyJ0eXAiOiJKV1QiLCJhbGciOiJSUzI1NiIsImtpZCI6IjEifQ.eyJhdWQiOiJodHRwczovL2FwaS5hbWF6b25hbGV4YS5jb20iLCJpc3MiOiJBbGV4YVNraWxsS2l0Iiwic3ViIjoiYW16bjEuYXNrLnNraWxsLmY1OGUxZTEwLWZlNzYtNGNkOS1hMmJmLWJjODI4ZDg1OWVjOSIsImV4cCI6MTcwNDA1OTM0MiwiaWF0IjoxNzA0MDU5MjgyLCJuYmYiOjE3MDQwNTkyODIsInByaXZhdGVDbGFpbXMiOnsiY29udGV4dCI6IkFBQUFBQUFBQUFBcGNOK2dZaUNBQVhHYWJaeVM4dWl4VGdFQUFBQUFBQUJDb1NMbVJ0aEdLU0t0QzZoUWRxRFRONStuRmRiLy9Ya1p5QXRmeW16aXBzWkwzK1BSQ2tHVHlHc01DTURtR2QxaVpiTmswTkw5ZUNJL05FNEFRSlJXWEYxd1d1akxtNktZTjlJdUlHYWZxazNsTXR3SXVCU1hEc0tyUVhpZkdoUncxN1NDb09MMUJtMVRGTGpTN0pzbDJzMk1LRUxBNWRhRDFUTTFmT1JwVDFDaU1JU0hmSTA0Z2NqdklVTGY1dkYxWEtnU2UvZVRvSWl5dmlyTkhlMGVrTW5MZW5DSEViczJJdmQrclAvM2FORXBnanJkaDg2TlkrVjVxZlk0QXRVdklIQ1FLMzFiRWhEamR2aFkxMzRLTW9waTY0UWVEYVJramZkVVk4MDRzNVdrdnFZUVZuaE9vdGdYVkdJbUVwZmNISW5iRExlNTAxb0EwYUFSV3oxUWo1Y2ovQnpsRFBSUTZtdGgrRUQxN1ZXKzEyWlhWb292V1dzZnBVRGEva0xld2F0K1kvb2dHTWRGQlYvT3d5YWd4RVg5aUsrc2FHMnNYa3hmNXh3SHJDQXBHUEV2TTNQek5IYjZvbVZBIiwiZGV2aWNlSWQiOiJhbXpuMS5hc2suZGV2aWNlLkFNQTJaQUJCVVRZNENPR01UM0VXMlJHNEc0SlRCNk9SMkg3RlVJT09NS0dBRlpNRjc1NVNPQllTTUdPWEtIWkFRTU9FWkRHRjUzWERPQ1RWMlpKSlRBUEVUQTJJWE9MSE9LNVFVS0FCU0NTRTc0QlAyUFA3WEFSWElOWUZCV0xWRlQ0SENCSTcyVjI0UTJJSkhWSExKTE03NUJRWEc3UEhLNFBSWlZKT0ZUREZQTk40N1NTU0NITEJYM0VGWDJNQURMVUVRS1FON0lDWUJGWkgiLCJ1c2VySWQiOiJhbXpuMS5hc2suYWNjb3VudC5BTUFZVUlXR05ZRlVXVU80RUJXTkxKQ041NkFEUjdGRExVVU9SVFhQRkYzTDQ0NEpCVEVESE5BWVNBNDVaUlpBSlVaUkRQRDNMTEkzQlg2N0tLMzRORjRVNTZaTVk0QVNHVDZITkNLNk03V1FWTFZQSTZMSlFVSzRNTUhHRUQzRE42TVVGSFlVNlJFVUtXNlkzWFE2SU9VWFlaSkxMT0tEQllDSTVTSFVDR1lYRkdEN0dYSU1FQVlTRUU0QjNLVEI3UU9ITTVVUVg0NkEzM1lKR0E2MjVBVUhYNElPUUxNNERaSkVMNFpaN1M3USJ9fQ.LFh4R-DCat6bcoBHRXxW3IVz7I4iGceoRbGu1akLI-Wkiv1hBF2R8eIVnY93rRkv-vMAf_bNGsxm-uoQKI3ddNd14GeikhPsCNoFrt6TJXFgJSNHVXG70-Od_6O_2tut_XJGyPcSLnq7kYe8ShKcpE_Y49NTnWqJNeI_1g85RGK60R36GBgmQjdpxGVziL4ZY2ioKRZDzGoXGy3YOULtf0xmo_Hn2Mh8sduL2fPmVRFDZpu1xNh1CJba8UUjSPoSsqZKBm07q-WYGNslIIproMIjL-2CwmL8-u1u2jFDgRirI8SobFSBC4zoVs9AqwEbM93NC322cGsc30BzE58L8Q"
        }
    },
    "request": {
        "type": "LaunchRequest",
        "requestId": "amzn1.echo-api.request.c811aa6f-6b0c-46ae-9257-c801e3435ae0",
        "locale": "en-US",
        "timestamp": "2023-12-31T21:48:02Z",
        "shouldLinkResultBeReturned": false
    }
}
============================================
================= unknown request type: LaunchRequest ====================
=========== speach response ==============
Daniel Toy is LaunchRequest
==========================================
=================================
response: {
    "version": "1.0",
    "response": {
        "shouldEndSession": true,
        "outputSpeech": {
            "type": "PlainText",
            "text": "Daniel Toy is LaunchRequest"
        },
        "card": {
            "type": "Simple",
            "title": "Fan Status",
            "content": "Fan initialized"
        }
    },
    "sessionAttributes": {
        "dev": "Cheng Yan"
    }
}
=================================
============== Request Data ================
{
    "version": "1.0",
    "session": {
        "new": true,
        "sessionId": "amzn1.echo-api.session.b8b05088-f5b6-4295-a819-ad0f7d6ae67a",
        "application": {
            "applicationId": "amzn1.ask.skill.f58e1e10-fe76-4cd9-a2bf-bc828d859ec9"
        },
        "attributes": {},
        "user": {
            "userId": "amzn1.ask.account.AMA5LGE53YSVGYBM25QJEUKXKLU3IEDU3O7T4BXFPNUQJXU47WMVQKMNAJ7ELRBAETCIAP572MV4KFOXUADV4VC556PVF5MI7TIHR4NDBZYF5PB5KAZ7XJI7FMJVBUZCVOP4NTISK2BIN33TDAQ2AKMYIDUXDNKZVPVGRUQ7URMZHI2L3DLMTL475XOYCNR3HHYRGWODCHSJ5VYQ3ZTUEXDUHL67FE46V3O2E6T7SU"
        }
    },
    "context": {
        "Extensions": {
            "available": {
                "aplext:backstack:10": {}
            }
        },
        "Advertising": {
            "advertisingId": "00000000-0000-0000-0000-000000000000",
            "limitAdTracking": true
        },
        "System": {
            "application": {
                "applicationId": "amzn1.ask.skill.f58e1e10-fe76-4cd9-a2bf-bc828d859ec9"
            },
            "user": {
                "userId": "amzn1.ask.account.AMA5LGE53YSVGYBM25QJEUKXKLU3IEDU3O7T4BXFPNUQJXU47WMVQKMNAJ7ELRBAETCIAP572MV4KFOXUADV4VC556PVF5MI7TIHR4NDBZYF5PB5KAZ7XJI7FMJVBUZCVOP4NTISK2BIN33TDAQ2AKMYIDUXDNKZVPVGRUQ7URMZHI2L3DLMTL475XOYCNR3HHYRGWODCHSJ5VYQ3ZTUEXDUHL67FE46V3O2E6T7SU"
            },
            "device": {
                "deviceId": "amzn1.ask.device.AMAV4JE4LJIFJPYPWSCW2DND2DB7MLMVI6WSA33QOZRGRIYG6KGCXBCFD65FAJHY4RCGDMWMQ5OMLIKD2TJA2ADQ6ZZNHQ5NPNJRLRGZCUCOTBAJZO2D2BAX724FFL5XQPOWHNF2FNQBOENR3EJANFTAD6JX47XRGHUOOZDYZUXLFOWWJZIP33M4TZESA46NZSVMXOMESG6LHFNB",
                "supportedInterfaces": {}
            },
            "apiEndpoint": "https://api.amazonalexa.com",
            "apiAccessToken": "eyJ0eXAiOiJKV1QiLCJhbGciOiJSUzI1NiIsImtpZCI6IjEifQ.eyJhdWQiOiJodHRwczovL2FwaS5hbWF6b25hbGV4YS5jb20iLCJpc3MiOiJBbGV4YVNraWxsS2l0Iiwic3ViIjoiYW16bjEuYXNrLnNraWxsLmY1OGUxZTEwLWZlNzYtNGNkOS1hMmJmLWJjODI4ZDg1OWVjOSIsImV4cCI6MTcwNDA1OTM0OSwiaWF0IjoxNzA0MDU5Mjg5LCJuYmYiOjE3MDQwNTkyODksInByaXZhdGVDbGFpbXMiOnsiY29udGV4dCI6IkFBQUFBQUFBQUFBcGNOK2dZaUNBQVhHYWJaeVM4dWl4VFFFQUFBQUFBQUQzaWZ5cytuZHZFZkNObzNUM2tRVE1MTUNvWFhseU9qWFVSYkQyMHNPODJPbHJyTFdkY3dxbnNRVDJ2aC9TYVo5UXhrL0l4V20wVFF2V2hBVWpSaHlsK0ltQ3dFeEc1bU1KV3VLYkorWk90bGxyRVVTSm9BSmRwVzlYVVVqWmUyU3FxeHVUVW9VWTEzaWlBNzU2YXJqSWVLUVRQY3UvM0NONWhVR3h1elo4Wm8wOEZQQ0lucTNMUUpibVYydlpUUHJRenRlTllpZ1huWnJSaXRnTVFjWFFFbmoyNCt4Vzl4Z3B1QlpFWnJnbjVwNnpHWjBsWTh1Y1YyOUJlZVVPZ2poYVF1MXBhQkxOaTBaTmhzRkxYZUhqOTJ1RHJqeENHZndyRzBjRlg3ZUhNVWtRWWdwaVZZK2Vqem9qTHpZR3EzWjQwUlRUK0laYnVQN1lLVDdoeUR1aS9SYnVZbVFhZTdXR1lXcnRWSm4yS1RFVGNrdGY0dkJpdHl4SUdXWlFEdGVWUzliamtoendPcGJYUytucTJXeFVFbmx5Y2hQOUZkQkdlejB2a3JRSk5EcVltUmQ1enBQS01xVk4zcDQ9IiwiZGV2aWNlSWQiOiJhbXpuMS5hc2suZGV2aWNlLkFNQVY0SkU0TEpJRkpQWVBXU0NXMkRORDJEQjdNTE1WSTZXU0EzM1FPWlJHUklZRzZLR0NYQkNGRDY1RkFKSFk0UkNHRE1XTVE1T01MSUtEMlRKQTJBRFE2WlpOSFE1TlBOSlJMUkdaQ1VDT1RCQUpaTzJEMkJBWDcyNEZGTDVYUVBPV0hORjJGTlFCT0VOUjNFSkFORlRBRDZKWDQ3WFJHSFVPT1pEWVpVWExGT1dXSlpJUDMzTTRUWkVTQTQ2TlpTVk1YT01FU0c2TEhGTkIiLCJ1c2VySWQiOiJhbXpuMS5hc2suYWNjb3VudC5BTUE1TEdFNTNZU1ZHWUJNMjVRSkVVS1hLTFUzSUVEVTNPN1Q0QlhGUE5VUUpYVTQ3V01WUUtNTkFKN0VMUkJBRVRDSUFQNTcyTVY0S0ZPWFVBRFY0VkM1NTZQVkY1TUk3VElIUjROREJaWUY1UEI1S0FaN1hKSTdGTUpWQlVaQ1ZPUDROVElTSzJCSU4zM1REQVEyQUtNWUlEVVhETktaVlBWR1JVUTdVUk1aSEkyTDNETE1UTDQ3NVhPWUNOUjNISFlSR1dPRENIU0o1VllRM1pUVUVYRFVITDY3RkU0NlYzTzJFNlQ3U1UifX0.jsWHb9-EIaBEFnGVEsMBp3J8BVSu1ygO5p-qPSKxOefQ5EHLLr1FQzepA3M76s2k72NKnVutThUnEbOwexDNiP0guko5ErwxEhvrmZKRx3-IHgXSO2bVtM0oly9NkkG9-KmXMQG-oA0xqvyIpvaS10xiRuPHOU3UEHdDBpbz3Vpg0vwDBSb7gT0In1Dizi_FVFBzsJZ4cnJSoUGmw4xjvoHrmhR77f5cj1OxQoGaTJ_QjOIao-ZW97ymNJ8_p9gUypuCjnEuTz_I-O7L6DkOBjIgeepxbifT9oa3XEjDikLyPRphZS4kOUviA-1wfh6T4DbzTqaWu9La8oojuLiVJA"
        }
    },
    "request": {
        "type": "LaunchRequest",
        "requestId": "amzn1.echo-api.request.2445619b-1de3-4b02-b52c-ed256160c79b",
        "locale": "en-US",
        "timestamp": "2023-12-31T21:48:09Z",
        "shouldLinkResultBeReturned": false
    }
}
============================================
================= unknown request type: LaunchRequest ====================
=========== speach response ==============
Daniel Toy is LaunchRequest
==========================================
=================================
response: {
    "version": "1.0",
    "response": {
        "shouldEndSession": true,
        "outputSpeech": {
            "type": "PlainText",
            "text": "Daniel Toy is LaunchRequest"
        },
        "card": {
            "type": "Simple",
            "title": "Fan Status",
            "content": "Fan initialized"
        }
    },
    "sessionAttributes": {
        "dev": "Cheng Yan"
    }
}
=================================
============== Request Data ================
{
    "version": "1.0",
    "session": {
        "new": true,
        "sessionId": "amzn1.echo-api.session.3f7d9e7a-68c1-46f8-93d4-5b514cde42c3",
        "application": {
            "applicationId": "amzn1.ask.skill.f58e1e10-fe76-4cd9-a2bf-bc828d859ec9"
        },
        "attributes": {},
        "user": {
            "userId": "amzn1.ask.account.AMAZYH7XORPSZ37PMJQIYYIOOEOSN3ND5RSWJV5QT6BS4Y5UKNWVSLE67TWCCCDPB5XUYC7PYOYXH476FV3HNTAOQTPFCG3F3JQH2R2WNNF3GX53VEV7TFUQZMMCZIGZ5YVIYAB3HOQAGRGVJ2UJYNSYCAXTZ47ZSDVMAB7UVOCFYWWYLB52F4ATL3MMCIDPFIE4DX67FIGNERBRUX7JLJHBIL6JIBY2PRPGTZRS3Y"
        }
    },
    "context": {
        "Extensions": {
            "available": {
                "aplext:backstack:10": {}
            }
        },
        "Advertising": {
            "advertisingId": "00000000-0000-0000-0000-000000000000",
            "limitAdTracking": true
        },
        "System": {
            "application": {
                "applicationId": "amzn1.ask.skill.f58e1e10-fe76-4cd9-a2bf-bc828d859ec9"
            },
            "user": {
                "userId": "amzn1.ask.account.AMAZYH7XORPSZ37PMJQIYYIOOEOSN3ND5RSWJV5QT6BS4Y5UKNWVSLE67TWCCCDPB5XUYC7PYOYXH476FV3HNTAOQTPFCG3F3JQH2R2WNNF3GX53VEV7TFUQZMMCZIGZ5YVIYAB3HOQAGRGVJ2UJYNSYCAXTZ47ZSDVMAB7UVOCFYWWYLB52F4ATL3MMCIDPFIE4DX67FIGNERBRUX7JLJHBIL6JIBY2PRPGTZRS3Y"
            },
            "device": {
                "deviceId": "amzn1.ask.device.AMA2Y4SFCTT3JRQXUCLKWVC7ZGZSRSHRMYNLTGOU7NZAS4XCQSOODASNEULPJAHQVYCTFGFFEJRZ5D6HD6NFVLTHZYCNSUAZQTLFSNK5X3L2XGTC72FQKR6FPJDT6NGUPCQJYONKXD5WQALNSFVE2RH64XR26LUO52UE2PXBM47HVOWCV6RZD26QUUEEDUAG63TG4YINICLMQOXV",
                "supportedInterfaces": {}
            },
            "apiEndpoint": "https://api.amazonalexa.com",
            "apiAccessToken": "eyJ0eXAiOiJKV1QiLCJhbGciOiJSUzI1NiIsImtpZCI6IjEifQ.eyJhdWQiOiJodHRwczovL2FwaS5hbWF6b25hbGV4YS5jb20iLCJpc3MiOiJBbGV4YVNraWxsS2l0Iiwic3ViIjoiYW16bjEuYXNrLnNraWxsLmY1OGUxZTEwLWZlNzYtNGNkOS1hMmJmLWJjODI4ZDg1OWVjOSIsImV4cCI6MTcwNDA1OTM1NSwiaWF0IjoxNzA0MDU5Mjk1LCJuYmYiOjE3MDQwNTkyOTUsInByaXZhdGVDbGFpbXMiOnsiY29udGV4dCI6IkFBQUFBQUFBQUFBcGNOK2dZaUNBQVhHYWJaeVM4dWl4VFFFQUFBQUFBQUNRRzR5VGtHQytOcHBDTlQ2b2wxZTJNbExzMkpRcDh4R2FXc0F0R3dBUmNJWm11RFFsdm1hWXZzV3FWVW9LMEx0MzZNYUZmREE1TVpKMEZTc3NGSTJ2ZGFtV0l0Rkd3UXlVUm12a2xaTy9UYkMzMU1pTlJDNjhjUitiYWNOTVFTM1h5NXFOVGZMSE13Tll0cHVzKzhXRXpKYTBTQTdNeFdhbTFlZUg3cjVndVl4SWVMY0JKZ2tTc29UaGFmOVNLdHh0TVpxQVNiSTdnUFdiV0tOMzFVZUdkUEdLK1FpdzQ3SXd2c2Qwd1hCcVdQWkpvZ2hJeWxVc2d0WmwvZ1FmYXA2eW5QbkIrWGhGRnVNOWlUcUFFM05SRjhuRGRjTHBOYmVOd1RYVTRmNVUweGgrM083ZkdiSzVCVW13anFrRE1nYVUwNWlPQUJYTUpRY2hrQklFVHFJZ0RVeDFPWXZ0emlmWUhXczFYNG1pbzBvNTNLVjFMcVB0alljamJFNjUrZ09QSGR2R2hzTjN2L1kyOXh0M0tROVFjcDNWaWtsSWh5SGJMMTE3ZGUyQ21MVFdtbWN2RHRHZU92WmxjVDA9IiwiZGV2aWNlSWQiOiJhbXpuMS5hc2suZGV2aWNlLkFNQTJZNFNGQ1RUM0pSUVhVQ0xLV1ZDN1pHWlNSU0hSTVlOTFRHT1U3TlpBUzRYQ1FTT09EQVNORVVMUEpBSFFWWUNURkdGRkVKUlo1RDZIRDZORlZMVEhaWUNOU1VBWlFUTEZTTks1WDNMMlhHVEM3MkZRS1I2RlBKRFQ2TkdVUENRSllPTktYRDVXUUFMTlNGVkUyUkg2NFhSMjZMVU81MlVFMlBYQk00N0hWT1dDVjZSWkQyNlFVVUVFRFVBRzYzVEc0WUlOSUNMTVFPWFYiLCJ1c2VySWQiOiJhbXpuMS5hc2suYWNjb3VudC5BTUFaWUg3WE9SUFNaMzdQTUpRSVlZSU9PRU9TTjNORDVSU1dKVjVRVDZCUzRZNVVLTldWU0xFNjdUV0NDQ0RQQjVYVVlDN1BZT1lYSDQ3NkZWM0hOVEFPUVRQRkNHM0YzSlFIMlIyV05ORjNHWDUzVkVWN1RGVVFaTU1DWklHWjVZVklZQUIzSE9RQUdSR1ZKMlVKWU5TWUNBWFRaNDdaU0RWTUFCN1VWT0NGWVdXWUxCNTJGNEFUTDNNTUNJRFBGSUU0RFg2N0ZJR05FUkJSVVg3SkxKSEJJTDZKSUJZMlBSUEdUWlJTM1kifX0.IcBGG53-1FqVEK__B9nlE0mbcqLOE_wO9okYgUP98_CmCXvHmcsV__6koXAjshewBMSIWOcjIylDlT0ugKhceKJfc19ajnZTHj5QVYx01RXgZCZHwoKF94Kn2F1_2xwwrWcx8a1mLS0nvJOgQ4LBjL67BWlmXkd4iHvNvbkH9tTkogls-VtQkrgzyL0xE1DwnYe_rFiEFF6SeluW-0Qo2FjfvjqrI65OW1yfBR8quDd1D7KPaj3nq1OjB7kIaG9gY3pGnghgrEekN91CG01NSCCWbIsWOtof1Z6Txc8_vm_IyPBjOllMxED2grZmKO_SRyNQvZbY6sBJaeuO24Wlow"
        }
    },
    "request": {
        "type": "LaunchRequest",
        "requestId": "amzn1.echo-api.request.6582cded-9e69-40d2-b295-76d50ded3445",
        "locale": "en-US",
        "timestamp": "2023-12-31T21:48:15Z",
        "shouldLinkResultBeReturned": false
    }
}
============================================
================= unknown request type: LaunchRequest ====================
=========== speach response ==============
Daniel Toy is LaunchRequest
==========================================
=================================
response: {
    "version": "1.0",
    "response": {
        "shouldEndSession": true,
        "outputSpeech": {
            "type": "PlainText",
            "text": "Daniel Toy is LaunchRequest"
        },
        "card": {
            "type": "Simple",
            "title": "Fan Status",
            "content": "Fan initialized"
        }
    },
    "sessionAttributes": {
        "dev": "Cheng Yan"
    }
}
=================================
============== Request Data ================
{
    "version": "1.0",
    "session": {
        "new": true,
        "sessionId": "amzn1.echo-api.session.54422a60-4d0f-45bd-8781-b5e6cab4b52e",
        "application": {
            "applicationId": "amzn1.ask.skill.f58e1e10-fe76-4cd9-a2bf-bc828d859ec9"
        },
        "attributes": {},
        "user": {
            "userId": "amzn1.ask.account.AMAWT7EF6X27AA66YUABJRBG4L447GEQRETXQEPJMNQMXIDP3WUM3YFSKIRX6BX55MEIOIUHVZE77GX52BFP5NQA6AVVPAKWGH3GQ6BHTEAKXSPQOYS6IU267QHS5QMLZ55S3WZLYRJQG5IBUKFTSC44LMKLCVUFN6XGTXQU6CAA47ICWAUQFZWTPCM5WHOWYYBCXWZA6J2DJGDNOOAFTEBW2ZCWCIGIJ2JH4AMPGE"
        }
    },
    "context": {
        "Extensions": {
            "available": {
                "aplext:backstack:10": {}
            }
        },
        "Advertising": {
            "advertisingId": "00000000-0000-0000-0000-000000000000",
            "limitAdTracking": true
        },
        "System": {
            "application": {
                "applicationId": "amzn1.ask.skill.f58e1e10-fe76-4cd9-a2bf-bc828d859ec9"
            },
            "user": {
                "userId": "amzn1.ask.account.AMAWT7EF6X27AA66YUABJRBG4L447GEQRETXQEPJMNQMXIDP3WUM3YFSKIRX6BX55MEIOIUHVZE77GX52BFP5NQA6AVVPAKWGH3GQ6BHTEAKXSPQOYS6IU267QHS5QMLZ55S3WZLYRJQG5IBUKFTSC44LMKLCVUFN6XGTXQU6CAA47ICWAUQFZWTPCM5WHOWYYBCXWZA6J2DJGDNOOAFTEBW2ZCWCIGIJ2JH4AMPGE"
            },
            "device": {
                "deviceId": "amzn1.ask.device.AMAY3ALZOBYDFXCUHG3VO7T27Y5WLKQFTY7SRP3BBFAGGXJ27KXEIOM2UOXNIMIA22BGVMZO7FKNCTV5QVLDHOATKM5RJTDAI7AVRST67G7LVWSHNATSAACEGU6T3YNIWRKVLM4NPDSXU2E6Z5K7QGIF6ZXQC2HP6EHK6VJMMOGHNSWNYLWO4TQA2WS6HN6IE4GPMNWBEIOV4IWF",
                "supportedInterfaces": {}
            },
            "apiEndpoint": "https://api.amazonalexa.com",
            "apiAccessToken": "eyJ0eXAiOiJKV1QiLCJhbGciOiJSUzI1NiIsImtpZCI6IjEifQ.eyJhdWQiOiJodHRwczovL2FwaS5hbWF6b25hbGV4YS5jb20iLCJpc3MiOiJBbGV4YVNraWxsS2l0Iiwic3ViIjoiYW16bjEuYXNrLnNraWxsLmY1OGUxZTEwLWZlNzYtNGNkOS1hMmJmLWJjODI4ZDg1OWVjOSIsImV4cCI6MTcwNDA1OTM2MSwiaWF0IjoxNzA0MDU5MzAxLCJuYmYiOjE3MDQwNTkzMDEsInByaXZhdGVDbGFpbXMiOnsiY29udGV4dCI6IkFBQUFBQUFBQUFBcGNOK2dZaUNBQVhHYWJaeVM4dWl4VFFFQUFBQUFBQUNxdm14aWFaNHREejV5RXlOWlZYUDJhTS9pQ2hJTEdGOGVnckZFMjczNG9nSlVzNHZJblRobnQ1UmY4WXZkZjN1OVdiaEhNcG8xR3p5MFExZFMxNkt1K3hnaXJGK1V0S21sYjFvVjMrWWdOSlFvK0hqZW54SCs3VUFmRGRrZFJGeUNXZFpkU0pQYitMNWdlQk5rZE9aUkdHd2FUbC9GbTM5RStGTW52OWFOMHlYM0ZzVE1NTmlBalFxSTAxNE55WWtnR2p4SVgwZzhUaGhqcXJPazVVZXNPVUlVVWZUZ3d3ZC9oeDVLMVArZWdBT1pzRkwrMGFzd2ZDazNpQlZNVnNTQlJaSFk0Mmt3OEtkS1JpMkdPSFJWQjBrR0hXZU9jaXZFRzVFeFdUL2V2Ty9EOEhPaGRsY2lXdTY5VXc3ODR0TXFEdGl0UFBFeWpHMERGMXRiSG8vQkowdU5UNldQNE5YVnkzWFg4eVl4YlpmcWcrQ1pnbzUxcENicVVkRjV1eng4WUNyaE5PRHJhU3R3NUZTZ3puYmR5VUZVZzNSNlVqOUR2OEh2dUZyeTBQWEpLaEZudWlBZWhsa3lpRG89IiwiZGV2aWNlSWQiOiJhbXpuMS5hc2suZGV2aWNlLkFNQVkzQUxaT0JZREZYQ1VIRzNWTzdUMjdZNVdMS1FGVFk3U1JQM0JCRkFHR1hKMjdLWEVJT00yVU9YTklNSUEyMkJHVk1aTzdGS05DVFY1UVZMREhPQVRLTTVSSlREQUk3QVZSU1Q2N0c3TFZXU0hOQVRTQUFDRUdVNlQzWU5JV1JLVkxNNE5QRFNYVTJFNlo1SzdRR0lGNlpYUUMySFA2RUhLNlZKTU1PR0hOU1dOWUxXTzRUUUEyV1M2SE42SUU0R1BNTldCRUlPVjRJV0YiLCJ1c2VySWQiOiJhbXpuMS5hc2suYWNjb3VudC5BTUFXVDdFRjZYMjdBQTY2WVVBQkpSQkc0TDQ0N0dFUVJFVFhRRVBKTU5RTVhJRFAzV1VNM1lGU0tJUlg2Qlg1NU1FSU9JVUhWWkU3N0dYNTJCRlA1TlFBNkFWVlBBS1dHSDNHUTZCSFRFQUtYU1BRT1lTNklVMjY3UUhTNVFNTFo1NVMzV1pMWVJKUUc1SUJVS0ZUU0M0NExNS0xDVlVGTjZYR1RYUVU2Q0FBNDdJQ1dBVVFGWldUUENNNVdIT1dZWUJDWFdaQTZKMkRKR0ROT09BRlRFQlcyWkNXQ0lHSUoySkg0QU1QR0UifX0.WVbAZyeVE4-jh1EUJp3vlwZhMMGc7896oZ082zNiH1EH3-8V2RS6XK3c5tOCeSy15Vfv_XSnH0t0RcuX2aE4nwKn0AC721K_snekYjwK8gdHWRInjbxxtSjsfx1ouS99kbeae0l19XAzkkj3ZW38GGc2bNyV6gUXqHxumzTUvKHBlu5xeE2rewJqlv5fPt2PAWc-g0Z5_daNOF97enXXIlq16B6eRC_hXbpbhq8olVBczsZA1ZJ_IjhI3MNQEjqjsOG6rveTFCSNYyQIcGCXQdB6fVjBTwS8PFvjRAT6SomfYyzBReDXw-2IXzsdUcelMTkY0vdnKqMCZZYEuYu1NA"
        }
    },
    "request": {
        "type": "IntentRequest",
        "requestId": "amzn1.echo-api.request.237416ae-612c-47a0-8b86-b4b3efcf1964",
        "locale": "en-US",
        "timestamp": "2023-12-31T21:48:21Z",
        "intent": {
            "name": "FanIntent",
            "confirmationStatus": "NONE",
            "slots": {
                "status": {
                    "name": "status",
                    "value": "enable",
                    "resolutions": {
                        "resolutionsPerAuthority": [
                            {
                                "authority": "amzn1.er-authority.echo-sdk.amzn1.ask.skill.f58e1e10-fe76-4cd9-a2bf-bc828d859ec9.STATUS",
                                "status": {
                                    "code": "ER_SUCCESS_MATCH"
                                },
                                "values": [
                                    {
                                        "value": {
                                            "name": "off",
                                            "id": "off"
                                        }
                                    }
                                ]
                            }
                        ]
                    },
                    "confirmationStatus": "NONE",
                    "source": "USER",
                    "slotValue": {
                        "type": "Simple",
                        "value": "enable",
                        "resolutions": {
                            "resolutionsPerAuthority": [
                                {
                                    "authority": "amzn1.er-authority.echo-sdk.amzn1.ask.skill.f58e1e10-fe76-4cd9-a2bf-bc828d859ec9.STATUS",
                                    "status": {
                                        "code": "ER_SUCCESS_MATCH"
                                    },
                                    "values": [
                                        {
                                            "value": {
                                                "name": "off",
                                                "id": "off"
                                            }
                                        }
                                    ]
                                }
                            ]
                        }
                    }
                }
            }
        }
    }
}
============================================
=========== speach response ==============
Fan is now on
==========================================
=================================
response: {
    "version": "1.0",
    "response": {
        "shouldEndSession": true,
        "outputSpeech": {
            "type": "PlainText",
            "text": "Fan is now on"
        },
        "card": {
            "type": "Simple",
            "title": "Fan Status",
            "content": "Fan is currently on"
        }
    },
    "sessionAttributes": {
        "dev": "Cheng Yan"
    }
}
=================================
============== Request Data ================
{
    "version": "1.0",
    "session": {
        "new": true,
        "sessionId": "amzn1.echo-api.session.33cd1c6a-a8e3-44f1-aafd-e040a02f09b9",
        "application": {
            "applicationId": "amzn1.ask.skill.f58e1e10-fe76-4cd9-a2bf-bc828d859ec9"
        },
        "attributes": {},
        "user": {
            "userId": "amzn1.ask.account.AMAWT7EF6X27AA66YUABJRBG4L447GEQRETXQEPJMNQMXIDP3WUM3YFSKIRX6BX55MEIOIUHVZE77GX52BFP5NQA6AVVPAKWGH3GQ6BHTEAKXSPQOYS6IU267QHS5QMLZ55S3WZLYRJQG5IBUKFTSC44LMKLCVUFN6XGTXQU6CAA47ICWAUQFZWTPCM5WHOWYYBCXWZA6J2DJGDNOOAFTEBW2ZCWCIGIJ2JH4AMPGE"
        }
    },
    "context": {
        "Extensions": {
            "available": {
                "aplext:backstack:10": {}
            }
        },
        "Advertising": {
            "advertisingId": "00000000-0000-0000-0000-000000000000",
            "limitAdTracking": true
        },
        "System": {
            "application": {
                "applicationId": "amzn1.ask.skill.f58e1e10-fe76-4cd9-a2bf-bc828d859ec9"
            },
            "user": {
                "userId": "amzn1.ask.account.AMAWT7EF6X27AA66YUABJRBG4L447GEQRETXQEPJMNQMXIDP3WUM3YFSKIRX6BX55MEIOIUHVZE77GX52BFP5NQA6AVVPAKWGH3GQ6BHTEAKXSPQOYS6IU267QHS5QMLZ55S3WZLYRJQG5IBUKFTSC44LMKLCVUFN6XGTXQU6CAA47ICWAUQFZWTPCM5WHOWYYBCXWZA6J2DJGDNOOAFTEBW2ZCWCIGIJ2JH4AMPGE"
            },
            "device": {
                "deviceId": "amzn1.ask.device.AMAY3ALZOBYDFXCUHG3VO7T27Y5WLKQFTY7SRP3BBFAGGXJ27KXEIOM2UOXNIMIA22BGVMZO7FKNCTV5QVLDHOATKM5RJTDAI7AVRST67G7LVWSHNATSAACEGU6T3YNIWRKVLM4NPDSXU2E6Z5K7QGIF6ZXQC2HP6EHK6VJMMOGHNSWNYLWO4TQA2WS6HN6IE4GPMNWBEIOV4IWF",
                "supportedInterfaces": {}
            },
            "apiEndpoint": "https://api.amazonalexa.com",
            "apiAccessToken": "eyJ0eXAiOiJKV1QiLCJhbGciOiJSUzI1NiIsImtpZCI6IjEifQ.eyJhdWQiOiJodHRwczovL2FwaS5hbWF6b25hbGV4YS5jb20iLCJpc3MiOiJBbGV4YVNraWxsS2l0Iiwic3ViIjoiYW16bjEuYXNrLnNraWxsLmY1OGUxZTEwLWZlNzYtNGNkOS1hMmJmLWJjODI4ZDg1OWVjOSIsImV4cCI6MTcwNDA1OTM2NSwiaWF0IjoxNzA0MDU5MzA1LCJuYmYiOjE3MDQwNTkzMDUsInByaXZhdGVDbGFpbXMiOnsiY29udGV4dCI6IkFBQUFBQUFBQUFBcGNOK2dZaUNBQVhHYWJaeVM4dWl4VFFFQUFBQUFBQUE3Z2JOY3NCWnBzSGRibWdlSnBKVTFBbHlRdkdnaTR3bVUxVXUwZDJpMThna3RIbnFaajNkeTBoUjBtMmw3L0Urc3hxcDZYYytrMDVoc3UxcGtvVmxSZnpoQmZDRWJ5UUV0RklvaUYwdG4wOGFJK0w0czdvNm12cXV6cGdJQVZFWC9jVWl5eU43ZDR0ODlqcklOR1pxVy9wajVaZHR2WjBCYkNnYWpMZGp3VU1ZbDRFU2ZuR0ZmME4wOFlFRjdwNTVYMVBPaGdMNHZhNk81UEZPMm95WXBXYjlrUVJadWdHR1ZJV3B4NTZxYjAzeS9IaUpPclRCYS94ckt2THVURFk1V2drZ0pSbTVxWkpJZUxLbVFONHFDSkFxWEpZejRYNkptalVWRERpVlJHZFJ2dnhQS2ZxcGdDNmpYWE5YTERoOWR3MWVML0tjQlZyektDeDhobCt4VmdkeWhVb01UMTlqU3krT1RIOTAvL1dWRGRBNE4rM2NQTGh3OFdpNG01K3IwVlcwMFVYVFdUU1p3S1BWSmhyOUlCdmRJRXBqMmp4ZWNMUVpablg3dDlpWHRMWkVpK2tzYndUY2hzbnM9IiwiZGV2aWNlSWQiOiJhbXpuMS5hc2suZGV2aWNlLkFNQVkzQUxaT0JZREZYQ1VIRzNWTzdUMjdZNVdMS1FGVFk3U1JQM0JCRkFHR1hKMjdLWEVJT00yVU9YTklNSUEyMkJHVk1aTzdGS05DVFY1UVZMREhPQVRLTTVSSlREQUk3QVZSU1Q2N0c3TFZXU0hOQVRTQUFDRUdVNlQzWU5JV1JLVkxNNE5QRFNYVTJFNlo1SzdRR0lGNlpYUUMySFA2RUhLNlZKTU1PR0hOU1dOWUxXTzRUUUEyV1M2SE42SUU0R1BNTldCRUlPVjRJV0YiLCJ1c2VySWQiOiJhbXpuMS5hc2suYWNjb3VudC5BTUFXVDdFRjZYMjdBQTY2WVVBQkpSQkc0TDQ0N0dFUVJFVFhRRVBKTU5RTVhJRFAzV1VNM1lGU0tJUlg2Qlg1NU1FSU9JVUhWWkU3N0dYNTJCRlA1TlFBNkFWVlBBS1dHSDNHUTZCSFRFQUtYU1BRT1lTNklVMjY3UUhTNVFNTFo1NVMzV1pMWVJKUUc1SUJVS0ZUU0M0NExNS0xDVlVGTjZYR1RYUVU2Q0FBNDdJQ1dBVVFGWldUUENNNVdIT1dZWUJDWFdaQTZKMkRKR0ROT09BRlRFQlcyWkNXQ0lHSUoySkg0QU1QR0UifX0.fdAE6nDpG9NGOGEc-zUDPFRBGgcGpNhrNKkBDqYH_zlSugIA5lSEsqq6zvBZ_6B6ysGF7JMIPPwaESpQX25iWCnmcwTGi94pI-_qPjNKEKkZdNg-vwjcbsd3fL7jvE8AIAzKhJJ_PsYg6GU_UR7p2XV-qPWzkeIjIV21NDW5txQ004uCBFQuf4xojeTW8f1d53PvM7wjHda7OTYvD3N-53QEsroKDt28l0z1pSKhIXmC2k8FdnoQn4M1ChdrE4kub9jbgtMpA6FA3uBhvv9yLTYr9SxsMyxYDZ8GxtRihstP_TfEdXykl6eY1ldykxfr5FU21m4bjRFa-Vk5K-hCEw"
        }
    },
    "request": {
        "type": "IntentRequest",
        "requestId": "amzn1.echo-api.request.231398d8-0235-4106-b67c-e48fb108fe11",
        "locale": "en-US",
        "timestamp": "2023-12-31T21:48:25Z",
        "intent": {
            "name": "FanIntent",
            "confirmationStatus": "NONE",
            "slots": {
                "status": {
                    "name": "status",
                    "value": "turn on",
                    "resolutions": {
                        "resolutionsPerAuthority": [
                            {
                                "authority": "amzn1.er-authority.echo-sdk.amzn1.ask.skill.f58e1e10-fe76-4cd9-a2bf-bc828d859ec9.STATUS",
                                "status": {
                                    "code": "ER_SUCCESS_MATCH"
                                },
                                "values": [
                                    {
                                        "value": {
                                            "name": "off",
                                            "id": "off"
                                        }
                                    },
                                    {
                                        "value": {
                                            "name": "on",
                                            "id": "on"
                                        }
                                    }
                                ]
                            }
                        ]
                    },
                    "confirmationStatus": "NONE",
                    "source": "USER",
                    "slotValue": {
                        "type": "Simple",
                        "value": "turn on",
                        "resolutions": {
                            "resolutionsPerAuthority": [
                                {
                                    "authority": "amzn1.er-authority.echo-sdk.amzn1.ask.skill.f58e1e10-fe76-4cd9-a2bf-bc828d859ec9.STATUS",
                                    "status": {
                                        "code": "ER_SUCCESS_MATCH"
                                    },
                                    "values": [
                                        {
                                            "value": {
                                                "name": "off",
                                                "id": "off"
                                            }
                                        },
                                        {
                                            "value": {
                                                "name": "on",
                                                "id": "on"
                                            }
                                        }
                                    ]
                                }
                            ]
                        }
                    }
                }
            }
        }
    }
}
============================================
=========== speach response ==============
Fan is now on
==========================================
=================================
response: {
    "version": "1.0",
    "response": {
        "shouldEndSession": true,
        "outputSpeech": {
            "type": "PlainText",
            "text": "Fan is now on"
        },
        "card": {
            "type": "Simple",
            "title": "Fan Status",
            "content": "Fan is currently on"
        }
    },
    "sessionAttributes": {
        "dev": "Cheng Yan"
    }
}
=================================
============== Request Data ================
{
    "version": "1.0",
    "session": {
        "new": true,
        "sessionId": "amzn1.echo-api.session.a96306b7-6fb0-461b-9027-acc614e0bb22",
        "application": {
            "applicationId": "amzn1.ask.skill.f58e1e10-fe76-4cd9-a2bf-bc828d859ec9"
        },
        "attributes": {},
        "user": {
            "userId": "amzn1.ask.account.AMAWT7EF6X27AA66YUABJRBG4L447GEQRETXQEPJMNQMXIDP3WUM3YFSKIRX6BX55MEIOIUHVZE77GX52BFP5NQA6AVVPAKWGH3GQ6BHTEAKXSPQOYS6IU267QHS5QMLZ55S3WZLYRJQG5IBUKFTSC44LMKLCVUFN6XGTXQU6CAA47ICWAUQFZWTPCM5WHOWYYBCXWZA6J2DJGDNOOAFTEBW2ZCWCIGIJ2JH4AMPGE"
        }
    },
    "context": {
        "Extensions": {
            "available": {
                "aplext:backstack:10": {}
            }
        },
        "Advertising": {
            "advertisingId": "00000000-0000-0000-0000-000000000000",
            "limitAdTracking": true
        },
        "System": {
            "application": {
                "applicationId": "amzn1.ask.skill.f58e1e10-fe76-4cd9-a2bf-bc828d859ec9"
            },
            "user": {
                "userId": "amzn1.ask.account.AMAWT7EF6X27AA66YUABJRBG4L447GEQRETXQEPJMNQMXIDP3WUM3YFSKIRX6BX55MEIOIUHVZE77GX52BFP5NQA6AVVPAKWGH3GQ6BHTEAKXSPQOYS6IU267QHS5QMLZ55S3WZLYRJQG5IBUKFTSC44LMKLCVUFN6XGTXQU6CAA47ICWAUQFZWTPCM5WHOWYYBCXWZA6J2DJGDNOOAFTEBW2ZCWCIGIJ2JH4AMPGE"
            },
            "device": {
                "deviceId": "amzn1.ask.device.AMAY3ALZOBYDFXCUHG3VO7T27Y5WLKQFTY7SRP3BBFAGGXJ27KXEIOM2UOXNIMIA22BGVMZO7FKNCTV5QVLDHOATKM5RJTDAI7AVRST67G7LVWSHNATSAACEGU6T3YNIWRKVLM4NPDSXU2E6Z5K7QGIF6ZXQC2HP6EHK6VJMMOGHNSWNYLWO4TQA2WS6HN6IE4GPMNWBEIOV4IWF",
                "supportedInterfaces": {}
            },
            "apiEndpoint": "https://api.amazonalexa.com",
            "apiAccessToken": "eyJ0eXAiOiJKV1QiLCJhbGciOiJSUzI1NiIsImtpZCI6IjEifQ.eyJhdWQiOiJodHRwczovL2FwaS5hbWF6b25hbGV4YS5jb20iLCJpc3MiOiJBbGV4YVNraWxsS2l0Iiwic3ViIjoiYW16bjEuYXNrLnNraWxsLmY1OGUxZTEwLWZlNzYtNGNkOS1hMmJmLWJjODI4ZDg1OWVjOSIsImV4cCI6MTcwNDA1OTM2OCwiaWF0IjoxNzA0MDU5MzA4LCJuYmYiOjE3MDQwNTkzMDgsInByaXZhdGVDbGFpbXMiOnsiY29udGV4dCI6IkFBQUFBQUFBQUFBcGNOK2dZaUNBQVhHYWJaeVM4dWl4VFFFQUFBQUFBQUNLMWdRUDVRM0xIRHlQTnVsR2dBK2lUUGwwQlZGODhVdzRxOUNKNERFRHo2cUdHRnpkRlVITnMyV0lWR1FsVlo0ZElweTdSVmxEWURxOVRhd1VSMk9DOW13VFcyMU5JVTkweU9FVVdNNkk1TnRUZkpvOHRJNVZOV2pnSUtPMlI5ZGRSblRDaGZlc3pWY3cyTUFQN1lmc2J2YkdNaFRIRk9XQ25QcnRBTFJzelo3SllmdUxXcXFRT3JlWDRpMXJwMms3TXJPdmYvWlAyZGZEN3NjWkVOdTdHKzh4QnFqWFhHdko0aVY4VXJiU0ZFOUVIUXI2Y1lrOGNPTVkrbWk5Tk85TlcrVmNPNVg3cnhjYS9mTkZCNjdOdVQyc3ZMMjV3Uy83OW81NHE2SDk1VDQ2Vk5Xd0VPWGJnQ2Rsdmh2TEh2ZEM5S09rV0hVVU5IQTJrZk1aTDkwRndPV2huejdPMTl2YjVFcTl5U0FFTVpqSTlWNmJ2YmpMNFovUE5ZT3FEVDU5c3ozRlN3dU9IWUFybDFGbkVlKy9sbU11VW9ZbVFGWkZSZVEvZEZXM1lWVTZ6RTdralNVaGNkYUFhZFE9IiwiZGV2aWNlSWQiOiJhbXpuMS5hc2suZGV2aWNlLkFNQVkzQUxaT0JZREZYQ1VIRzNWTzdUMjdZNVdMS1FGVFk3U1JQM0JCRkFHR1hKMjdLWEVJT00yVU9YTklNSUEyMkJHVk1aTzdGS05DVFY1UVZMREhPQVRLTTVSSlREQUk3QVZSU1Q2N0c3TFZXU0hOQVRTQUFDRUdVNlQzWU5JV1JLVkxNNE5QRFNYVTJFNlo1SzdRR0lGNlpYUUMySFA2RUhLNlZKTU1PR0hOU1dOWUxXTzRUUUEyV1M2SE42SUU0R1BNTldCRUlPVjRJV0YiLCJ1c2VySWQiOiJhbXpuMS5hc2suYWNjb3VudC5BTUFXVDdFRjZYMjdBQTY2WVVBQkpSQkc0TDQ0N0dFUVJFVFhRRVBKTU5RTVhJRFAzV1VNM1lGU0tJUlg2Qlg1NU1FSU9JVUhWWkU3N0dYNTJCRlA1TlFBNkFWVlBBS1dHSDNHUTZCSFRFQUtYU1BRT1lTNklVMjY3UUhTNVFNTFo1NVMzV1pMWVJKUUc1SUJVS0ZUU0M0NExNS0xDVlVGTjZYR1RYUVU2Q0FBNDdJQ1dBVVFGWldUUENNNVdIT1dZWUJDWFdaQTZKMkRKR0ROT09BRlRFQlcyWkNXQ0lHSUoySkg0QU1QR0UifX0.MjzL3YP4SzMCxlopP_-4GOtAA3TTlO7WFj_xjRK9UVfFZwXCcS7s38pl2u6A70D7WL5UuvL9BDy2HMf2K81TFlcK3MA3pD6obUvRZHu-z-uK5rASbu2cXtkdkZXX4IE5huS14WLithUTfrZ1BEnl4hUFyI_zQGkiHL8SRPIeXSN4yIk8gv-G-V9ZN-nmxzWgu-HEut3xSJl_fwrLvCjnEwwDpuY5O18LXKU3hEpEVsjSMaBKZ6roXw-uAbyMmwI9dd5C78-XBwXIch5PfP_4IqJlqNk3IR6vbZEz8VvaK6OKuktKpI9RdVHzTBFDwJ9nPmfvJTkSpZTquUqM9-C_VQ"
        }
    },
    "request": {
        "type": "IntentRequest",
        "requestId": "amzn1.echo-api.request.2ed24882-47ec-41d0-bbf1-5129bc552d9a",
        "locale": "en-US",
        "timestamp": "2023-12-31T21:48:28Z",
        "intent": {
            "name": "FanIntent",
            "confirmationStatus": "NONE",
            "slots": {
                "status": {
                    "name": "status",
                    "value": "turn off",
                    "resolutions": {
                        "resolutionsPerAuthority": [
                            {
                                "authority": "amzn1.er-authority.echo-sdk.amzn1.ask.skill.f58e1e10-fe76-4cd9-a2bf-bc828d859ec9.STATUS",
                                "status": {
                                    "code": "ER_SUCCESS_MATCH"
                                },
                                "values": [
                                    {
                                        "value": {
                                            "name": "on",
                                            "id": "on"
                                        }
                                    }
                                ]
                            }
                        ]
                    },
                    "confirmationStatus": "NONE",
                    "source": "USER",
                    "slotValue": {
                        "type": "Simple",
                        "value": "turn off",
                        "resolutions": {
                            "resolutionsPerAuthority": [
                                {
                                    "authority": "amzn1.er-authority.echo-sdk.amzn1.ask.skill.f58e1e10-fe76-4cd9-a2bf-bc828d859ec9.STATUS",
                                    "status": {
                                        "code": "ER_SUCCESS_MATCH"
                                    },
                                    "values": [
                                        {
                                            "value": {
                                                "name": "on",
                                                "id": "on"
                                            }
                                        }
                                    ]
                                }
                            ]
                        }
                    }
                }
            }
        }
    }
}
============================================
=========== speach response ==============
Fan is now off
==========================================
=================================
response: {
    "version": "1.0",
    "response": {
        "shouldEndSession": true,
        "outputSpeech": {
            "type": "PlainText",
            "text": "Fan is now off"
        },
        "card": {
            "type": "Simple",
            "title": "Fan Status",
            "content": "Fan is currently off"
        }
    },
    "sessionAttributes": {
        "dev": "Cheng Yan"
    }
}
=================================
============== Request Data ================
{
    "version": "1.0",
    "session": {
        "new": true,
        "sessionId": "amzn1.echo-api.session.915c6e07-bcab-411a-8bdb-4951779aaf5d",
        "application": {
            "applicationId": "amzn1.ask.skill.f58e1e10-fe76-4cd9-a2bf-bc828d859ec9"
        },
        "attributes": {},
        "user": {
            "userId": "amzn1.ask.account.AMATPNTINMVEEWKP4FFT5ZOFN76VBEBP44KRODGTQ57XWQAOWVIWX2E62ZIYYWYDIV5SXXN45QXKMPFNEUYBS6IAVTG3H4VY7YNMYOUNI4OGKBZLPE2FTD7LOCANBMKSISZ75ER3RZNWYKGOHH26TDLPNGUIZLQEQ4SM6AAET7BWUIDRZRGBQXI6ZGTTQK3PNOHGHV2XGVBLOAF6PRY4NBDR3KG74ZSAIQJDCWC3SN7Q"
        }
    },
    "context": {
        "Extensions": {
            "available": {
                "aplext:backstack:10": {}
            }
        },
        "Advertising": {
            "advertisingId": "00000000-0000-0000-0000-000000000000",
            "limitAdTracking": true
        },
        "System": {
            "application": {
                "applicationId": "amzn1.ask.skill.f58e1e10-fe76-4cd9-a2bf-bc828d859ec9"
            },
            "user": {
                "userId": "amzn1.ask.account.AMATPNTINMVEEWKP4FFT5ZOFN76VBEBP44KRODGTQ57XWQAOWVIWX2E62ZIYYWYDIV5SXXN45QXKMPFNEUYBS6IAVTG3H4VY7YNMYOUNI4OGKBZLPE2FTD7LOCANBMKSISZ75ER3RZNWYKGOHH26TDLPNGUIZLQEQ4SM6AAET7BWUIDRZRGBQXI6ZGTTQK3PNOHGHV2XGVBLOAF6PRY4NBDR3KG74ZSAIQJDCWC3SN7Q"
            },
            "device": {
                "deviceId": "amzn1.ask.device.AMAVBWEAKGBRCAL2ERWKMQLXWI4IOWUJ4TKNLDJTYFNS3Q7CRGJXRVXTIFVXOGPV27EWCBL3WVMXC53NJI4KZGEC3S6V3UMJDDAHYE2N6I3AY2NW6TRHIKZ7U2IXE6SMCSE5EHTS7RBNH62H2T73GNQ3D7OZBMCI7BO7KVWUIWEBOTG4JVNYW4G4VFLJWXH5VFEYRB6NB7XRIBZ3",
                "supportedInterfaces": {}
            },
            "apiEndpoint": "https://api.amazonalexa.com",
            "apiAccessToken": "eyJ0eXAiOiJKV1QiLCJhbGciOiJSUzI1NiIsImtpZCI6IjEifQ.eyJhdWQiOiJodHRwczovL2FwaS5hbWF6b25hbGV4YS5jb20iLCJpc3MiOiJBbGV4YVNraWxsS2l0Iiwic3ViIjoiYW16bjEuYXNrLnNraWxsLmY1OGUxZTEwLWZlNzYtNGNkOS1hMmJmLWJjODI4ZDg1OWVjOSIsImV4cCI6MTcwNDA1OTM3NSwiaWF0IjoxNzA0MDU5MzE1LCJuYmYiOjE3MDQwNTkzMTUsInByaXZhdGVDbGFpbXMiOnsiY29udGV4dCI6IkFBQUFBQUFBQUFBcGNOK2dZaUNBQVhHYWJaeVM4dWl4VGdFQUFBQUFBQUJWQXYzenRIaGFEM1hjelprUG1pZDZ5TkY4WlQwNTJVVjYyVHorQmVLSThSUmgvNHQyWWRXMVI0RmozZHhzQjdqcm1DNFUrcGR1d3pIayt0bmlrMWpFMDE1dUtKdlhCWkZTQjJGdUVkV3c2azAvcW84eVZEQUlBYUlBaG40SFNXNmhwRDdGQzQ0RTcwV3dXUlpkanJOc2xyVUVYZE1UeDBBR2xMWTM4aDZHek5sWEk0cGo0MTMzSWprNWx1UncyeHdyOGNPQmpBcFU3RGprc3ZyeVhiUU03TWRNVFYwNERvR1M2QXpzM3B3azhlV2RzY3lpaEtxMERWMHZTT2ZPYWZ3WUFnR1ZWVXowWWZRYUNJQjI2QXdJNWIzSHludnNvKzB2cWZxR3lVdE9WOFhJTEc2cHVwdzJtdUhSOE1GNGU3QzU3YVdCZCtIWjd2cTc0S2JMdzBjYkhuTVo1MU5DL0NaTisvTi9ZdWxDTTE5YTYxbi9BVjZqbGNGYXJlSmhFQjUvM0ZDbXJNYSt1RGJLWU05NTNXN0MrTDdWenRlU1YxUmVaanZvVWhtYmZJQTZFaEtuQWJQR0V0aW9Sby9aIiwiZGV2aWNlSWQiOiJhbXpuMS5hc2suZGV2aWNlLkFNQVZCV0VBS0dCUkNBTDJFUldLTVFMWFdJNElPV1VKNFRLTkxESlRZRk5TM1E3Q1JHSlhSVlhUSUZWWE9HUFYyN0VXQ0JMM1dWTVhDNTNOSkk0S1pHRUMzUzZWM1VNSkREQUhZRTJONkkzQVkyTlc2VFJISUtaN1UySVhFNlNNQ1NFNUVIVFM3UkJOSDYySDJUNzNHTlEzRDdPWkJNQ0k3Qk83S1ZXVUlXRUJPVEc0SlZOWVc0RzRWRkxKV1hINVZGRVlSQjZOQjdYUklCWjMiLCJ1c2VySWQiOiJhbXpuMS5hc2suYWNjb3VudC5BTUFUUE5USU5NVkVFV0tQNEZGVDVaT0ZONzZWQkVCUDQ0S1JPREdUUTU3WFdRQU9XVklXWDJFNjJaSVlZV1lESVY1U1hYTjQ1UVhLTVBGTkVVWUJTNklBVlRHM0g0Vlk3WU5NWU9VTkk0T0dLQlpMUEUyRlREN0xPQ0FOQk1LU0lTWjc1RVIzUlpOV1lLR09ISDI2VERMUE5HVUlaTFFFUTRTTTZBQUVUN0JXVUlEUlpSR0JRWEk2WkdUVFFLM1BOT0hHSFYyWEdWQkxPQUY2UFJZNE5CRFIzS0c3NFpTQUlRSkRDV0MzU043USJ9fQ.hFxVQdB7Mq_qjYJFB-pf4ZdxL1wtYD59JkN6SVGL5myvdUfUvvvJ6rKMiRtHI8SmgqW0IMgitYCjeGUFC16Q_DGDSgECuQXgQlT2PL_NQfnrZEv_xhCJGEwBn0VHRSel6PtlwQaBQ1ZX9Zursxo7GTmhWeDtnDlZ8DUKUR6YFivul_ovAYNTCV7P25qmlL77QPGEdJ-0T1P_-UKe8tEqT6p5lLXtOm5S6t-_7tpXdTJSssfkUjWeI40faqZCW-tdgDcz3pJxop4ZG8R60CwjO27PdAuLLQ90_8SO1t-XxiIFzmdT8gBFJayOPElT5JYoUmHkw3wCZd1Rox00EQyKkw"
        }
    },
    "request": {
        "type": "LaunchRequest",
        "requestId": "amzn1.echo-api.request.8a410370-6d96-44fb-b6fe-8ad8a413d93e",
        "locale": "en-US",
        "timestamp": "2023-12-31T21:48:35Z",
        "shouldLinkResultBeReturned": false
    }
}
============================================
================= unknown request type: LaunchRequest ====================
=========== speach response ==============
Daniel Toy is LaunchRequest
==========================================
=================================
response: {
    "version": "1.0",
    "response": {
        "shouldEndSession": true,
        "outputSpeech": {
            "type": "PlainText",
            "text": "Daniel Toy is LaunchRequest"
        },
        "card": {
            "type": "Simple",
            "title": "Fan Status",
            "content": "Fan initialized"
        }
    },
    "sessionAttributes": {
        "dev": "Cheng Yan"
    }
}
=================================
============== Request Data ================
{
    "version": "1.0",
    "session": {
        "new": true,
        "sessionId": "SessionId.fdaac61a-0055-4dfb-98e1-dbe689d9053f",
        "application": {
            "applicationId": "amzn1.ask.skill.f58e1e10-fe76-4cd9-a2bf-bc828d859ec9"
        },
        "user": {
            "userId": "amzn1.ask.account.AMA5MWOYJVQ4SEVOKJJOGQX4Q6AE4EAI4QOQHO3OUQCOJSE6KYFUMHWMW5KBCHJDXY2SZK3CCTYOB3ZM4TGS5BH4XGBEL32TGTC27LDEK2FXNNVD2ZPPLJ7MQMD7GX3LPUODSIOXOFAKQARNIDGNCUYOTZVUIYAJ6PHD7ACC2YW76EP3X3EU33G3FYVX4TVH7SXW75HWRJEHOKMZAEXDEW4TTLRDS3ZRU5N6PXLAS3TQ"
        }
    },
    "context": {
        "AudioPlayer": {
            "offsetInMilliseconds": 0,
            "token": null,
            "playerActivity": "IDLE"
        },
        "System": {
            "application": {
                "applicationId": "amzn1.ask.skill.f58e1e10-fe76-4cd9-a2bf-bc828d859ec9"
            },
            "user": {
                "userId": "amzn1.ask.account.AMA5MWOYJVQ4SEVOKJJOGQX4Q6AE4EAI4QOQHO3OUQCOJSE6KYFUMHWMW5KBCHJDXY2SZK3CCTYOB3ZM4TGS5BH4XGBEL32TGTC27LDEK2FXNNVD2ZPPLJ7MQMD7GX3LPUODSIOXOFAKQARNIDGNCUYOTZVUIYAJ6PHD7ACC2YW76EP3X3EU33G3FYVX4TVH7SXW75HWRJEHOKMZAEXDEW4TTLRDS3ZRU5N6PXLAS3TQ"
            },
            "device": {
                "deviceId": "amzn1.ask.device.AMAWAPZ3S5VM5G4G4P6TY5G4Z4IOPQ7VUHCRK4AGDGZ2S2S55OUFAZDD6FUOXCZRQZSYTZVHCNN7OXLG7FUJL2WFUOQDAOXBYYOT3PRMMMWBONHVTQHKLBCXXU5RTM43I3UL3TQDDRWH2DQLSXHYCMSRKJX6OS5BWC4VULKT5FXNYTA2P4VLKYUHUIW5UAAUM3MZIY4QH2CNJOSQ",
                "supportedInterfaces": {
                    "AudioPlayer": {}
                }
            },
            "apiEndpoint": "https://api.amazonalexa.com",
            "apiAccessToken": "eyJ0eXAiOiJKV1QiLCJhbGciOiJSUzI1NiIsImtpZCI6IjEifQ.eyJhdWQiOiJodHRwczovL2FwaS5hbWF6b25hbGV4YS5jb20iLCJpc3MiOiJBbGV4YVNraWxsS2l0Iiwic3ViIjoiYW16bjEuYXNrLnNraWxsLmY1OGUxZTEwLWZlNzYtNGNkOS1hMmJmLWJjODI4ZDg1OWVjOSIsImV4cCI6MTcwNDA1OTYzMiwiaWF0IjoxNzA0MDU5MzMyLCJuYmYiOjE3MDQwNTkzMzIsInByaXZhdGVDbGFpbXMiOnsiY29udGV4dCI6IkFBQUFBQUFBQUFBcGNOK2dZaUNBQVhHYWJaeVM4dWl4VGdFQUFBQUFBQUJybHU1Nkl6bG1zNXRZeE1HTytDUkpqY2xyZVlSb25GMGZmN2Q0VzJrdno0S2ZZWkhxcWFReE9zTjVrUy96b3lvamhQUWhEaVpjckxuaEpEN0ZVTEdkU2NGYkY3RzAvMUQrTkhPZ0RvRGR0QWxHZnVkYXlUUjRtVEVNeVVRWXhWdlIxR2xualk2YjJmT25qTGViSEM3TkRod3d5MVBJeHFLaStRTk56Z3QwakFrcThSRmNvMlBDT1RWb3IwZEJiTHY4bjNlelNPWVh3NlZMK3k3MXFBL1EzcU9jbFdPZlpZMjJ2Wkk5cEhUN0FMWEJnMlFkK3ZqbkU5OW5HdWF6LzQyempQd0pXSnRqblVzblVxQW1NN05IcTdRWWdjTG9qOUFRN09NY0Z6djQ2azY0U0Mza24rUEo2QlRkN3cyc0RyQ1dnK3J6dTRnVnU3anhlWENxOVJmWUp2YytwSjRCQkRFaHJmbTFCOXN3VjEzTjJGUkxCb2dKSWdwblplb0swb0ZNZVk5SEZVSzNUdGxHSFZmcm1SS1R4QXhuTWpSeUxhWDZXZGlpY2ExaFZSVVlVb3VocXBZTndibmwvd3VJIiwiZGV2aWNlSWQiOiJhbXpuMS5hc2suZGV2aWNlLkFNQVdBUFozUzVWTTVHNEc0UDZUWTVHNFo0SU9QUTdWVUhDUks0QUdER1oyUzJTNTVPVUZBWkRENkZVT1hDWlJRWlNZVFpWSENOTjdPWExHN0ZVSkwyV0ZVT1FEQU9YQllZT1QzUFJNTU1XQk9OSFZUUUhLTEJDWFhVNVJUTTQzSTNVTDNUUUREUldIMkRRTFNYSFlDTVNSS0pYNk9TNUJXQzRWVUxLVDVGWE5ZVEEyUDRWTEtZVUhVSVc1VUFBVU0zTVpJWTRRSDJDTkpPU1EiLCJ1c2VySWQiOiJhbXpuMS5hc2suYWNjb3VudC5BTUE1TVdPWUpWUTRTRVZPS0pKT0dRWDRRNkFFNEVBSTRRT1FITzNPVVFDT0pTRTZLWUZVTUhXTVc1S0JDSEpEWFkyU1pLM0NDVFlPQjNaTTRUR1M1Qkg0WEdCRUwzMlRHVEMyN0xERUsyRlhOTlZEMlpQUExKN01RTUQ3R1gzTFBVT0RTSU9YT0ZBS1FBUk5JREdOQ1VZT1RaVlVJWUFKNlBIRDdBQ0MyWVc3NkVQM1gzRVUzM0czRllWWDRUVkg3U1hXNzVIV1JKRUhPS01aQUVYREVXNFRUTFJEUzNaUlU1TjZQWExBUzNUUSJ9fQ.DZ916ynOUlVfgJ9aQ89lQn1HsV7WktelZnoIFjWxGV0qMzk2ZHSFpNa1Oo_y4yepThiH56JLuX9R3mSnf0Sa4VRk5bhJTSRuGFdcX3WezI8Ny18thah7rXbaOEiMKQkJFFA0_3vbqtAcXdKOsUI1BwQPq96fe_j84Bn72NplqVKaUngwjBeB74HKGy1USn2ok6uQ5MN7YqvMEysSeRSlixAUujEKtKJiVvlTWD0k2qTVzWsnt-FievdVAHuwYKVc4j2Fp7hNh3a3qF4cFm6YehKShe4r2pAssmInHLiIpaARRLVQjdsV1H1ghBkAJf8bhoYeaADGm_nP5Nol0V7qEw"
        }
    },
    "request": {
        "type": "LaunchRequest",
        "requestId": "amzn1.echo-api.request.117f8b57-1faf-4d7f-a57d-ef5a5479047c",
        "timestamp": "2023-12-31T21:48:52Z",
        "locale": "en-US",
        "body": null,
        "payload": null,
        "shouldLinkResultBeReturned": false,
        "_utteranceId": null
    }
}
============================================
================= unknown request type: LaunchRequest ====================
=========== speach response ==============
Daniel Toy is LaunchRequest
==========================================
=================================
response: {
    "version": "1.0",
    "response": {
        "shouldEndSession": true,
        "outputSpeech": {
            "type": "PlainText",
            "text": "Daniel Toy is LaunchRequest"
        },
        "card": {
            "type": "Simple",
            "title": "Fan Status",
            "content": "Fan initialized"
        }
    },
    "sessionAttributes": {
        "dev": "Cheng Yan"
    }
}
=================================
============== Request Data ================
{
    "version": "1.0",
    "session": {
        "new": true,
        "sessionId": "SessionId.fdaac61a-0055-4dfb-98e1-dbe689d9053f",
        "application": {
            "applicationId": "amzn1.ask.skill.f58e1e10-fe76-4cd9-a2bf-bc828d859ec9"
        },
        "user": {
            "userId": "amzn1.ask.account.AMA5MWOYJVQ4SEVOKJJOGQX4Q6AE4EAI4QOQHO3OUQCOJSE6KYFUMHWMW5KBCHJDXY2SZK3CCTYOB3ZM4TGS5BH4XGBEL32TGTC27LDEK2FXNNVD2ZPPLJ7MQMD7GX3LPUODSIOXOFAKQARNIDGNCUYOTZVUIYAJ6PHD7ACC2YW76EP3X3EU33G3FYVX4TVH7SXW75HWRJEHOKMZAEXDEW4TTLRDS3ZRU5N6PXLAS3TQ"
        }
    },
    "context": {
        "AudioPlayer": {
            "offsetInMilliseconds": 0,
            "token": null,
            "playerActivity": "IDLE"
        },
        "System": {
            "application": {
                "applicationId": "amzn1.ask.skill.f58e1e10-fe76-4cd9-a2bf-bc828d859ec9"
            },
            "user": {
                "userId": "amzn1.ask.account.AMA5MWOYJVQ4SEVOKJJOGQX4Q6AE4EAI4QOQHO3OUQCOJSE6KYFUMHWMW5KBCHJDXY2SZK3CCTYOB3ZM4TGS5BH4XGBEL32TGTC27LDEK2FXNNVD2ZPPLJ7MQMD7GX3LPUODSIOXOFAKQARNIDGNCUYOTZVUIYAJ6PHD7ACC2YW76EP3X3EU33G3FYVX4TVH7SXW75HWRJEHOKMZAEXDEW4TTLRDS3ZRU5N6PXLAS3TQ"
            },
            "device": {
                "deviceId": "amzn1.ask.device.AMAWAPZ3S5VM5G4G4P6TY5G4Z4IOPQ7VUHCRK4AGDGZ2S2S55OUFAZDD6FUOXCZRQZSYTZVHCNN7OXLG7FUJL2WFUOQDAOXBYYOT3PRMMMWBONHVTQHKLBCXXU5RTM43I3UL3TQDDRWH2DQLSXHYCMSRKJX6OS5BWC4VULKT5FXNYTA2P4VLKYUHUIW5UAAUM3MZIY4QH2CNJOSQ",
                "supportedInterfaces": {
                    "AudioPlayer": {}
                }
            },
            "apiEndpoint": "https://api.amazonalexa.com",
            "apiAccessToken": "eyJ0eXAiOiJKV1QiLCJhbGciOiJSUzI1NiIsImtpZCI6IjEifQ.eyJhdWQiOiJodHRwczovL2FwaS5hbWF6b25hbGV4YS5jb20iLCJpc3MiOiJBbGV4YVNraWxsS2l0Iiwic3ViIjoiYW16bjEuYXNrLnNraWxsLmY1OGUxZTEwLWZlNzYtNGNkOS1hMmJmLWJjODI4ZDg1OWVjOSIsImV4cCI6MTcwNDA1OTYzMiwiaWF0IjoxNzA0MDU5MzMyLCJuYmYiOjE3MDQwNTkzMzIsInByaXZhdGVDbGFpbXMiOnsiY29udGV4dCI6IkFBQUFBQUFBQUFBcGNOK2dZaUNBQVhHYWJaeVM4dWl4VGdFQUFBQUFBQUJybHU1Nkl6bG1zNXRZeE1HTytDUkpqY2xyZVlSb25GMGZmN2Q0VzJrdno0S2ZZWkhxcWFReE9zTjVrUy96b3lvamhQUWhEaVpjckxuaEpEN0ZVTEdkU2NGYkY3RzAvMUQrTkhPZ0RvRGR0QWxHZnVkYXlUUjRtVEVNeVVRWXhWdlIxR2xualk2YjJmT25qTGViSEM3TkRod3d5MVBJeHFLaStRTk56Z3QwakFrcThSRmNvMlBDT1RWb3IwZEJiTHY4bjNlelNPWVh3NlZMK3k3MXFBL1EzcU9jbFdPZlpZMjJ2Wkk5cEhUN0FMWEJnMlFkK3ZqbkU5OW5HdWF6LzQyempQd0pXSnRqblVzblVxQW1NN05IcTdRWWdjTG9qOUFRN09NY0Z6djQ2azY0U0Mza24rUEo2QlRkN3cyc0RyQ1dnK3J6dTRnVnU3anhlWENxOVJmWUp2YytwSjRCQkRFaHJmbTFCOXN3VjEzTjJGUkxCb2dKSWdwblplb0swb0ZNZVk5SEZVSzNUdGxHSFZmcm1SS1R4QXhuTWpSeUxhWDZXZGlpY2ExaFZSVVlVb3VocXBZTndibmwvd3VJIiwiZGV2aWNlSWQiOiJhbXpuMS5hc2suZGV2aWNlLkFNQVdBUFozUzVWTTVHNEc0UDZUWTVHNFo0SU9QUTdWVUhDUks0QUdER1oyUzJTNTVPVUZBWkRENkZVT1hDWlJRWlNZVFpWSENOTjdPWExHN0ZVSkwyV0ZVT1FEQU9YQllZT1QzUFJNTU1XQk9OSFZUUUhLTEJDWFhVNVJUTTQzSTNVTDNUUUREUldIMkRRTFNYSFlDTVNSS0pYNk9TNUJXQzRWVUxLVDVGWE5ZVEEyUDRWTEtZVUhVSVc1VUFBVU0zTVpJWTRRSDJDTkpPU1EiLCJ1c2VySWQiOiJhbXpuMS5hc2suYWNjb3VudC5BTUE1TVdPWUpWUTRTRVZPS0pKT0dRWDRRNkFFNEVBSTRRT1FITzNPVVFDT0pTRTZLWUZVTUhXTVc1S0JDSEpEWFkyU1pLM0NDVFlPQjNaTTRUR1M1Qkg0WEdCRUwzMlRHVEMyN0xERUsyRlhOTlZEMlpQUExKN01RTUQ3R1gzTFBVT0RTSU9YT0ZBS1FBUk5JREdOQ1VZT1RaVlVJWUFKNlBIRDdBQ0MyWVc3NkVQM1gzRVUzM0czRllWWDRUVkg3U1hXNzVIV1JKRUhPS01aQUVYREVXNFRUTFJEUzNaUlU1TjZQWExBUzNUUSJ9fQ.DZ916ynOUlVfgJ9aQ89lQn1HsV7WktelZnoIFjWxGV0qMzk2ZHSFpNa1Oo_y4yepThiH56JLuX9R3mSnf0Sa4VRk5bhJTSRuGFdcX3WezI8Ny18thah7rXbaOEiMKQkJFFA0_3vbqtAcXdKOsUI1BwQPq96fe_j84Bn72NplqVKaUngwjBeB74HKGy1USn2ok6uQ5MN7YqvMEysSeRSlixAUujEKtKJiVvlTWD0k2qTVzWsnt-FievdVAHuwYKVc4j2Fp7hNh3a3qF4cFm6YehKShe4r2pAssmInHLiIpaARRLVQjdsV1H1ghBkAJf8bhoYeaADGm_nP5Nol0V7qEw"
        }
    },
    "request": {
        "type": "LaunchRequest",
        "requestId": "amzn1.echo-api.request.117f8b57-1faf-4d7f-a57d-ef5a5479047c",
        "timestamp": "2023-12-31T21:48:52Z",
        "locale": "en-US",
        "body": null,
        "payload": null,
        "shouldLinkResultBeReturned": false,
        "_utteranceId": null
    },
    "certificationParam1": "hello",
    "certificationParam2": "10000"
}
============================================
================= unknown request type: LaunchRequest ====================
Found 'certificationParam' in request json
============== Request Data ================
{
    "version": "1.0",
    "session": {
        "new": true,
        "sessionId": "SessionId.fdaac61a-0055-4dfb-98e1-dbe689d9053f",
        "application": {
            "applicationId": "amzn1.ask.skill.f58e1e10-fe76-4cd9-a2bf-bc828d859ec9"
        },
        "user": {
            "userId": "amzn1.ask.account.AMA5MWOYJVQ4SEVOKJJOGQX4Q6AE4EAI4QOQHO3OUQCOJSE6KYFUMHWMW5KBCHJDXY2SZK3CCTYOB3ZM4TGS5BH4XGBEL32TGTC27LDEK2FXNNVD2ZPPLJ7MQMD7GX3LPUODSIOXOFAKQARNIDGNCUYOTZVUIYAJ6PHD7ACC2YW76EP3X3EU33G3FYVX4TVH7SXW75HWRJEHOKMZAEXDEW4TTLRDS3ZRU5N6PXLAS3TQ"
        }
    },
    "context": {
        "AudioPlayer": {
            "offsetInMilliseconds": 0,
            "token": null,
            "playerActivity": "IDLE"
        },
        "System": {
            "application": {
                "applicationId": "amzn1.ask.skill.f58e1e10-fe76-4cd9-a2bf-bc828d859ec9"
            },
            "user": {
                "userId": "amzn1.ask.account.AMA5MWOYJVQ4SEVOKJJOGQX4Q6AE4EAI4QOQHO3OUQCOJSE6KYFUMHWMW5KBCHJDXY2SZK3CCTYOB3ZM4TGS5BH4XGBEL32TGTC27LDEK2FXNNVD2ZPPLJ7MQMD7GX3LPUODSIOXOFAKQARNIDGNCUYOTZVUIYAJ6PHD7ACC2YW76EP3X3EU33G3FYVX4TVH7SXW75HWRJEHOKMZAEXDEW4TTLRDS3ZRU5N6PXLAS3TQ"
            },
            "device": {
                "deviceId": "amzn1.ask.device.AMAWAPZ3S5VM5G4G4P6TY5G4Z4IOPQ7VUHCRK4AGDGZ2S2S55OUFAZDD6FUOXCZRQZSYTZVHCNN7OXLG7FUJL2WFUOQDAOXBYYOT3PRMMMWBONHVTQHKLBCXXU5RTM43I3UL3TQDDRWH2DQLSXHYCMSRKJX6OS5BWC4VULKT5FXNYTA2P4VLKYUHUIW5UAAUM3MZIY4QH2CNJOSQ",
                "supportedInterfaces": {
                    "AudioPlayer": {}
                }
            },
            "apiEndpoint": "https://api.amazonalexa.com",
            "apiAccessToken": "eyJ0eXAiOiJKV1QiLCJhbGciOiJSUzI1NiIsImtpZCI6IjEifQ.eyJhdWQiOiJodHRwczovL2FwaS5hbWF6b25hbGV4YS5jb20iLCJpc3MiOiJBbGV4YVNraWxsS2l0Iiwic3ViIjoiYW16bjEuYXNrLnNraWxsLmY1OGUxZTEwLWZlNzYtNGNkOS1hMmJmLWJjODI4ZDg1OWVjOSIsImV4cCI6MTcwNDA1OTYzMiwiaWF0IjoxNzA0MDU5MzMyLCJuYmYiOjE3MDQwNTkzMzIsInByaXZhdGVDbGFpbXMiOnsiY29udGV4dCI6IkFBQUFBQUFBQUFBcGNOK2dZaUNBQVhHYWJaeVM4dWl4VGdFQUFBQUFBQUJybHU1Nkl6bG1zNXRZeE1HTytDUkpqY2xyZVlSb25GMGZmN2Q0VzJrdno0S2ZZWkhxcWFReE9zTjVrUy96b3lvamhQUWhEaVpjckxuaEpEN0ZVTEdkU2NGYkY3RzAvMUQrTkhPZ0RvRGR0QWxHZnVkYXlUUjRtVEVNeVVRWXhWdlIxR2xualk2YjJmT25qTGViSEM3TkRod3d5MVBJeHFLaStRTk56Z3QwakFrcThSRmNvMlBDT1RWb3IwZEJiTHY4bjNlelNPWVh3NlZMK3k3MXFBL1EzcU9jbFdPZlpZMjJ2Wkk5cEhUN0FMWEJnMlFkK3ZqbkU5OW5HdWF6LzQyempQd0pXSnRqblVzblVxQW1NN05IcTdRWWdjTG9qOUFRN09NY0Z6djQ2azY0U0Mza24rUEo2QlRkN3cyc0RyQ1dnK3J6dTRnVnU3anhlWENxOVJmWUp2YytwSjRCQkRFaHJmbTFCOXN3VjEzTjJGUkxCb2dKSWdwblplb0swb0ZNZVk5SEZVSzNUdGxHSFZmcm1SS1R4QXhuTWpSeUxhWDZXZGlpY2ExaFZSVVlVb3VocXBZTndibmwvd3VJIiwiZGV2aWNlSWQiOiJhbXpuMS5hc2suZGV2aWNlLkFNQVdBUFozUzVWTTVHNEc0UDZUWTVHNFo0SU9QUTdWVUhDUks0QUdER1oyUzJTNTVPVUZBWkRENkZVT1hDWlJRWlNZVFpWSENOTjdPWExHN0ZVSkwyV0ZVT1FEQU9YQllZT1QzUFJNTU1XQk9OSFZUUUhLTEJDWFhVNVJUTTQzSTNVTDNUUUREUldIMkRRTFNYSFlDTVNSS0pYNk9TNUJXQzRWVUxLVDVGWE5ZVEEyUDRWTEtZVUhVSVc1VUFBVU0zTVpJWTRRSDJDTkpPU1EiLCJ1c2VySWQiOiJhbXpuMS5hc2suYWNjb3VudC5BTUE1TVdPWUpWUTRTRVZPS0pKT0dRWDRRNkFFNEVBSTRRT1FITzNPVVFDT0pTRTZLWUZVTUhXTVc1S0JDSEpEWFkyU1pLM0NDVFlPQjNaTTRUR1M1Qkg0WEdCRUwzMlRHVEMyN0xERUsyRlhOTlZEMlpQUExKN01RTUQ3R1gzTFBVT0RTSU9YT0ZBS1FBUk5JREdOQ1VZT1RaVlVJWUFKNlBIRDdBQ0MyWVc3NkVQM1gzRVUzM0czRllWWDRUVkg3U1hXNzVIV1JKRUhPS01aQUVYREVXNFRUTFJEUzNaUlU1TjZQWExBUzNUUSJ9fQ.DZ916ynOUlVfgJ9aQ89lQn1HsV7WktelZnoIFjWxGV0qMzk2ZHSFpNa1Oo_y4yepThiH56JLuX9R3mSnf0Sa4VRk5bhJTSRuGFdcX3WezI8Ny18thah7rXbaOEiMKQkJFFA0_3vbqtAcXdKOsUI1BwQPq96fe_j84Bn72NplqVKaUngwjBeB74HKGy1USn2ok6uQ5MN7YqvMEysSeRSlixAUujEKtKJiVvlTWD0k2qTVzWsnt-FievdVAHuwYKVc4j2Fp7hNh3a3qF4cFm6YehKShe4r2pAssmInHLiIpaARRLVQjdsV1H1ghBkAJf8bhoYeaADGm_nP5Nol0V7qEw"
        }
    },
    "request": {
        "type": "LaunchRequest",
        "requestId": "amzn1.echo-api.request.a4b21c6b-808e-44ef-b0e7-47161536b7f5",
        "timestamp": "2023-12-31T21:48:54Z",
        "locale": "en-US",
        "body": null,
        "payload": null,
        "shouldLinkResultBeReturned": false,
        "_utteranceId": null
    }
}
============================================
================= unknown request type: LaunchRequest ====================
=========== speach response ==============
Daniel Toy is LaunchRequest
==========================================
=================================
response: {
    "version": "1.0",
    "response": {
        "shouldEndSession": true,
        "outputSpeech": {
            "type": "PlainText",
            "text": "Daniel Toy is LaunchRequest"
        },
        "card": {
            "type": "Simple",
            "title": "Fan Status",
            "content": "Fan initialized"
        }
    },
    "sessionAttributes": {
        "dev": "Cheng Yan"
    }
}
=================================
============== Request Data ================
{
    "version": "1.0",
    "session": {
        "new": true,
        "sessionId": "SessionId.fdaac61a-0055-4dfb-98e1-dbe689d9053f",
        "application": {
            "applicationId": "amzn1.ask.skill.f58e1e10-fe76-4cd9-a2bf-bc828d859ec9"
        },
        "user": {
            "userId": "amzn1.ask.account.AMA5MWOYJVQ4SEVOKJJOGQX4Q6AE4EAI4QOQHO3OUQCOJSE6KYFUMHWMW5KBCHJDXY2SZK3CCTYOB3ZM4TGS5BH4XGBEL32TGTC27LDEK2FXNNVD2ZPPLJ7MQMD7GX3LPUODSIOXOFAKQARNIDGNCUYOTZVUIYAJ6PHD7ACC2YW76EP3X3EU33G3FYVX4TVH7SXW75HWRJEHOKMZAEXDEW4TTLRDS3ZRU5N6PXLAS3TQ"
        }
    },
    "context": {
        "AudioPlayer": {
            "offsetInMilliseconds": 0,
            "token": null,
            "playerActivity": "IDLE"
        },
        "System": {
            "application": {
                "applicationId": "amzn1.ask.skill.f58e1e10-fe76-4cd9-a2bf-bc828d859ec9"
            },
            "user": {
                "userId": "amzn1.ask.account.AMA5MWOYJVQ4SEVOKJJOGQX4Q6AE4EAI4QOQHO3OUQCOJSE6KYFUMHWMW5KBCHJDXY2SZK3CCTYOB3ZM4TGS5BH4XGBEL32TGTC27LDEK2FXNNVD2ZPPLJ7MQMD7GX3LPUODSIOXOFAKQARNIDGNCUYOTZVUIYAJ6PHD7ACC2YW76EP3X3EU33G3FYVX4TVH7SXW75HWRJEHOKMZAEXDEW4TTLRDS3ZRU5N6PXLAS3TQ"
            },
            "device": {
                "deviceId": "amzn1.ask.device.AMAWAPZ3S5VM5G4G4P6TY5G4Z4IOPQ7VUHCRK4AGDGZ2S2S55OUFAZDD6FUOXCZRQZSYTZVHCNN7OXLG7FUJL2WFUOQDAOXBYYOT3PRMMMWBONHVTQHKLBCXXU5RTM43I3UL3TQDDRWH2DQLSXHYCMSRKJX6OS5BWC4VULKT5FXNYTA2P4VLKYUHUIW5UAAUM3MZIY4QH2CNJOSQ",
                "supportedInterfaces": {
                    "AudioPlayer": {}
                }
            },
            "apiEndpoint": "https://api.amazonalexa.com",
            "apiAccessToken": "eyJ0eXAiOiJKV1QiLCJhbGciOiJSUzI1NiIsImtpZCI6IjEifQ.eyJhdWQiOiJodHRwczovL2FwaS5hbWF6b25hbGV4YS5jb20iLCJpc3MiOiJBbGV4YVNraWxsS2l0Iiwic3ViIjoiYW16bjEuYXNrLnNraWxsLmY1OGUxZTEwLWZlNzYtNGNkOS1hMmJmLWJjODI4ZDg1OWVjOSIsImV4cCI6MTcwNDA1OTYzMiwiaWF0IjoxNzA0MDU5MzMyLCJuYmYiOjE3MDQwNTkzMzIsInByaXZhdGVDbGFpbXMiOnsiY29udGV4dCI6IkFBQUFBQUFBQUFBcGNOK2dZaUNBQVhHYWJaeVM4dWl4VGdFQUFBQUFBQUJybHU1Nkl6bG1zNXRZeE1HTytDUkpqY2xyZVlSb25GMGZmN2Q0VzJrdno0S2ZZWkhxcWFReE9zTjVrUy96b3lvamhQUWhEaVpjckxuaEpEN0ZVTEdkU2NGYkY3RzAvMUQrTkhPZ0RvRGR0QWxHZnVkYXlUUjRtVEVNeVVRWXhWdlIxR2xualk2YjJmT25qTGViSEM3TkRod3d5MVBJeHFLaStRTk56Z3QwakFrcThSRmNvMlBDT1RWb3IwZEJiTHY4bjNlelNPWVh3NlZMK3k3MXFBL1EzcU9jbFdPZlpZMjJ2Wkk5cEhUN0FMWEJnMlFkK3ZqbkU5OW5HdWF6LzQyempQd0pXSnRqblVzblVxQW1NN05IcTdRWWdjTG9qOUFRN09NY0Z6djQ2azY0U0Mza24rUEo2QlRkN3cyc0RyQ1dnK3J6dTRnVnU3anhlWENxOVJmWUp2YytwSjRCQkRFaHJmbTFCOXN3VjEzTjJGUkxCb2dKSWdwblplb0swb0ZNZVk5SEZVSzNUdGxHSFZmcm1SS1R4QXhuTWpSeUxhWDZXZGlpY2ExaFZSVVlVb3VocXBZTndibmwvd3VJIiwiZGV2aWNlSWQiOiJhbXpuMS5hc2suZGV2aWNlLkFNQVdBUFozUzVWTTVHNEc0UDZUWTVHNFo0SU9QUTdWVUhDUks0QUdER1oyUzJTNTVPVUZBWkRENkZVT1hDWlJRWlNZVFpWSENOTjdPWExHN0ZVSkwyV0ZVT1FEQU9YQllZT1QzUFJNTU1XQk9OSFZUUUhLTEJDWFhVNVJUTTQzSTNVTDNUUUREUldIMkRRTFNYSFlDTVNSS0pYNk9TNUJXQzRWVUxLVDVGWE5ZVEEyUDRWTEtZVUhVSVc1VUFBVU0zTVpJWTRRSDJDTkpPU1EiLCJ1c2VySWQiOiJhbXpuMS5hc2suYWNjb3VudC5BTUE1TVdPWUpWUTRTRVZPS0pKT0dRWDRRNkFFNEVBSTRRT1FITzNPVVFDT0pTRTZLWUZVTUhXTVc1S0JDSEpEWFkyU1pLM0NDVFlPQjNaTTRUR1M1Qkg0WEdCRUwzMlRHVEMyN0xERUsyRlhOTlZEMlpQUExKN01RTUQ3R1gzTFBVT0RTSU9YT0ZBS1FBUk5JREdOQ1VZT1RaVlVJWUFKNlBIRDdBQ0MyWVc3NkVQM1gzRVUzM0czRllWWDRUVkg3U1hXNzVIV1JKRUhPS01aQUVYREVXNFRUTFJEUzNaUlU1TjZQWExBUzNUUSJ9fQ.DZ916ynOUlVfgJ9aQ89lQn1HsV7WktelZnoIFjWxGV0qMzk2ZHSFpNa1Oo_y4yepThiH56JLuX9R3mSnf0Sa4VRk5bhJTSRuGFdcX3WezI8Ny18thah7rXbaOEiMKQkJFFA0_3vbqtAcXdKOsUI1BwQPq96fe_j84Bn72NplqVKaUngwjBeB74HKGy1USn2ok6uQ5MN7YqvMEysSeRSlixAUujEKtKJiVvlTWD0k2qTVzWsnt-FievdVAHuwYKVc4j2Fp7hNh3a3qF4cFm6YehKShe4r2pAssmInHLiIpaARRLVQjdsV1H1ghBkAJf8bhoYeaADGm_nP5Nol0V7qEw"
        }
    },
    "request": {
        "type": "LaunchRequest",
        "requestId": "amzn1.echo-api.request.a4b21c6b-808e-44ef-b0e7-47161536b7f5",
        "timestamp": "2023-12-31T21:48:54Z",
        "locale": "en-US",
        "body": null,
        "payload": null,
        "shouldLinkResultBeReturned": false,
        "_utteranceId": null
    },
    "certificationParam1": "hello",
    "certificationParam2": "10000"
}
============================================
================= unknown request type: LaunchRequest ====================
Found 'certificationParam' in request json
============== Request Data ================
{
    "version": "1.0",
    "session": {
        "new": true,
        "sessionId": "SessionId.fdaac61a-0055-4dfb-98e1-dbe689d9053f",
        "application": {
            "applicationId": "amzn1.ask.skill.f58e1e10-fe76-4cd9-a2bf-bc828d859ec9"
        },
        "attributes": {},
        "user": {
            "userId": "amzn1.echo-sdk-account.AHM3UO2HNVE5AD5ONKQM54FZZSNCR5YXMY2HNEQDDS5MVREKRKQT6"
        }
    },
    "request": {
        "type": "LaunchRequest",
        "requestId": "amzn1.echo-api.request.0d9d2818-bb28-4630-a570-b5841a85b202",
        "locale": "en-US",
        "timestamp": "2023-12-31T21:48:55Z"
    },
    "context": {
        "System": {
            "application": {
                "applicationId": "amzn1.ask.skill.f58e1e10-fe76-4cd9-a2bf-bc828d859ec9"
            },
            "user": {
                "userId": "amzn1.echo-sdk-account.AHM3UO2HNVE5AD5ONKQM54FZZSNCR5YXMY2HNEQDDS5MVREKRKQT6"
            },
            "device": {
                "deviceId": "amzn1.ask.device.AHDSWM35QQEQLZKQJZAIVVSTLTYZO7YSCS5VTYAKY6PJLJUMVH63QDX4XHUBWCLXDVQN44AC4EFAI24KUXNBLJXGWXPT67BXZZI3E6NRU5TSGYIQS5R5FKJRRT5FO7HEWTTFJ2ZZ4QYHA5YQL4CPYSZVXJSQ",
                "supportedInterfaces": {
                    "AudioPlayer": {}
                }
            },
            "apiEndpoint": "https://api.amazonalexa.com",
            "apiAccessToken": "eyJ0eXAiOiJKV1QiLCJhbGciOiJSUzI1NiIsImtpZCI6IjEifQ.eyJhdWQiOiJodHRwczovL2FwaS5hbWF6b25hbGV4YS5jb20iLCJpc3MiOiJBbGV4YVNraWxsS2l0Iiwic3ViIjoiYW16bjEuYXNrLnNraWxsLmY1OGUxZTEwLWZlNzYtNGNkOS1hMmJmLWJjODI4ZDg1OWVjOSIsImV4cCI6MTcwNDA1OTYzMiwiaWF0IjoxNzA0MDU5MzMyLCJuYmYiOjE3MDQwNTkzMzIsInByaXZhdGVDbGFpbXMiOnsiY29udGV4dCI6IkFBQUFBQUFBQUFBcGNOK2dZaUNBQVhHYWJaeVM4dWl4VGdFQUFBQUFBQUJybHU1Nkl6bG1zNXRZeE1HTytDUkpqY2xyZVlSb25GMGZmN2Q0VzJrdno0S2ZZWkhxcWFReE9zTjVrUy96b3lvamhQUWhEaVpjckxuaEpEN0ZVTEdkU2NGYkY3RzAvMUQrTkhPZ0RvRGR0QWxHZnVkYXlUUjRtVEVNeVVRWXhWdlIxR2xualk2YjJmT25qTGViSEM3TkRod3d5MVBJeHFLaStRTk56Z3QwakFrcThSRmNvMlBDT1RWb3IwZEJiTHY4bjNlelNPWVh3NlZMK3k3MXFBL1EzcU9jbFdPZlpZMjJ2Wkk5cEhUN0FMWEJnMlFkK3ZqbkU5OW5HdWF6LzQyempQd0pXSnRqblVzblVxQW1NN05IcTdRWWdjTG9qOUFRN09NY0Z6djQ2azY0U0Mza24rUEo2QlRkN3cyc0RyQ1dnK3J6dTRnVnU3anhlWENxOVJmWUp2YytwSjRCQkRFaHJmbTFCOXN3VjEzTjJGUkxCb2dKSWdwblplb0swb0ZNZVk5SEZVSzNUdGxHSFZmcm1SS1R4QXhuTWpSeUxhWDZXZGlpY2ExaFZSVVlVb3VocXBZTndibmwvd3VJIiwiZGV2aWNlSWQiOiJhbXpuMS5hc2suZGV2aWNlLkFNQVdBUFozUzVWTTVHNEc0UDZUWTVHNFo0SU9QUTdWVUhDUks0QUdER1oyUzJTNTVPVUZBWkRENkZVT1hDWlJRWlNZVFpWSENOTjdPWExHN0ZVSkwyV0ZVT1FEQU9YQllZT1QzUFJNTU1XQk9OSFZUUUhLTEJDWFhVNVJUTTQzSTNVTDNUUUREUldIMkRRTFNYSFlDTVNSS0pYNk9TNUJXQzRWVUxLVDVGWE5ZVEEyUDRWTEtZVUhVSVc1VUFBVU0zTVpJWTRRSDJDTkpPU1EiLCJ1c2VySWQiOiJhbXpuMS5hc2suYWNjb3VudC5BTUE1TVdPWUpWUTRTRVZPS0pKT0dRWDRRNkFFNEVBSTRRT1FITzNPVVFDT0pTRTZLWUZVTUhXTVc1S0JDSEpEWFkyU1pLM0NDVFlPQjNaTTRUR1M1Qkg0WEdCRUwzMlRHVEMyN0xERUsyRlhOTlZEMlpQUExKN01RTUQ3R1gzTFBVT0RTSU9YT0ZBS1FBUk5JREdOQ1VZT1RaVlVJWUFKNlBIRDdBQ0MyWVc3NkVQM1gzRVUzM0czRllWWDRUVkg3U1hXNzVIV1JKRUhPS01aQUVYREVXNFRUTFJEUzNaUlU1TjZQWExBUzNUUSJ9fQ.DZ916ynOUlVfgJ9aQ89lQn1HsV7WktelZnoIFjWxGV0qMzk2ZHSFpNa1Oo_y4yepThiH56JLuX9R3mSnf0Sa4VRk5bhJTSRuGFdcX3WezI8Ny18thah7rXbaOEiMKQkJFFA0_3vbqtAcXdKOsUI1BwQPq96fe_j84Bn72NplqVKaUngwjBeB74HKGy1USn2ok6uQ5MN7YqvMEysSeRSlixAUujEKtKJiVvlTWD0k2qTVzWsnt-FievdVAHuwYKVc4j2Fp7hNh3a3qF4cFm6YehKShe4r2pAssmInHLiIpaARRLVQjdsV1H1ghBkAJf8bhoYeaADGm_nP5Nol0V7qEw"
        },
        "AudioPlayer": {
            "offsetInMilliseconds": 0,
            "playerActivity": "IDLE"
        }
    }
}
============================================
================= unknown request type: LaunchRequest ====================
=========== speach response ==============
Daniel Toy is LaunchRequest
==========================================
=================================
response: {
    "version": "1.0",
    "response": {
        "shouldEndSession": true,
        "outputSpeech": {
            "type": "PlainText",
            "text": "Daniel Toy is LaunchRequest"
        },
        "card": {
            "type": "Simple",
            "title": "Fan Status",
            "content": "Fan initialized"
        }
    },
    "sessionAttributes": {
        "dev": "Cheng Yan"
    }
}
=================================
============== Request Data ================
{
    "version": "1.0",
    "session": {
        "new": true,
        "sessionId": "SessionId.fdaac61a-0055-4dfb-98e1-dbe689d9053f",
        "application": {
            "applicationId": "amzn1.ask.skill.f58e1e10-fe76-4cd9-a2bf-bc828d859ec9"
        },
        "attributes": {},
        "user": {
            "userId": "amzn1.echo-sdk-account.AHM3UO2HNVE5AD5ONKQM54FZZSNCR5YXMY2HNEQDDS5MVREKRKQT6"
        }
    },
    "request": {
        "type": "LaunchRequest",
        "requestId": "amzn1.echo-api.request.0d9d2818-bb28-4630-a570-b5841a85b202",
        "locale": "en-US",
        "timestamp": "2023-12-31T21:48:55Z"
    },
    "context": {
        "System": {
            "application": {
                "applicationId": "amzn1.ask.skill.f58e1e10-fe76-4cd9-a2bf-bc828d859ec9"
            },
            "user": {
                "userId": "amzn1.echo-sdk-account.AHM3UO2HNVE5AD5ONKQM54FZZSNCR5YXMY2HNEQDDS5MVREKRKQT6"
            },
            "device": {
                "deviceId": "amzn1.ask.device.AHDSWM35QQEQLZKQJZAIVVSTLTYZO7YSCS5VTYAKY6PJLJUMVH63QDX4XHUBWCLXDVQN44AC4EFAI24KUXNBLJXGWXPT67BXZZI3E6NRU5TSGYIQS5R5FKJRRT5FO7HEWTTFJ2ZZ4QYHA5YQL4CPYSZVXJSQ",
                "supportedInterfaces": {
                    "AudioPlayer": {}
                }
            },
            "apiEndpoint": "https://api.amazonalexa.com",
            "apiAccessToken": "eyJ0eXAiOiJKV1QiLCJhbGciOiJSUzI1NiIsImtpZCI6IjEifQ.eyJhdWQiOiJodHRwczovL2FwaS5hbWF6b25hbGV4YS5jb20iLCJpc3MiOiJBbGV4YVNraWxsS2l0Iiwic3ViIjoiYW16bjEuYXNrLnNraWxsLmY1OGUxZTEwLWZlNzYtNGNkOS1hMmJmLWJjODI4ZDg1OWVjOSIsImV4cCI6MTcwNDA1OTYzMiwiaWF0IjoxNzA0MDU5MzMyLCJuYmYiOjE3MDQwNTkzMzIsInByaXZhdGVDbGFpbXMiOnsiY29udGV4dCI6IkFBQUFBQUFBQUFBcGNOK2dZaUNBQVhHYWJaeVM4dWl4VGdFQUFBQUFBQUJybHU1Nkl6bG1zNXRZeE1HTytDUkpqY2xyZVlSb25GMGZmN2Q0VzJrdno0S2ZZWkhxcWFReE9zTjVrUy96b3lvamhQUWhEaVpjckxuaEpEN0ZVTEdkU2NGYkY3RzAvMUQrTkhPZ0RvRGR0QWxHZnVkYXlUUjRtVEVNeVVRWXhWdlIxR2xualk2YjJmT25qTGViSEM3TkRod3d5MVBJeHFLaStRTk56Z3QwakFrcThSRmNvMlBDT1RWb3IwZEJiTHY4bjNlelNPWVh3NlZMK3k3MXFBL1EzcU9jbFdPZlpZMjJ2Wkk5cEhUN0FMWEJnMlFkK3ZqbkU5OW5HdWF6LzQyempQd0pXSnRqblVzblVxQW1NN05IcTdRWWdjTG9qOUFRN09NY0Z6djQ2azY0U0Mza24rUEo2QlRkN3cyc0RyQ1dnK3J6dTRnVnU3anhlWENxOVJmWUp2YytwSjRCQkRFaHJmbTFCOXN3VjEzTjJGUkxCb2dKSWdwblplb0swb0ZNZVk5SEZVSzNUdGxHSFZmcm1SS1R4QXhuTWpSeUxhWDZXZGlpY2ExaFZSVVlVb3VocXBZTndibmwvd3VJIiwiZGV2aWNlSWQiOiJhbXpuMS5hc2suZGV2aWNlLkFNQVdBUFozUzVWTTVHNEc0UDZUWTVHNFo0SU9QUTdWVUhDUks0QUdER1oyUzJTNTVPVUZBWkRENkZVT1hDWlJRWlNZVFpWSENOTjdPWExHN0ZVSkwyV0ZVT1FEQU9YQllZT1QzUFJNTU1XQk9OSFZUUUhLTEJDWFhVNVJUTTQzSTNVTDNUUUREUldIMkRRTFNYSFlDTVNSS0pYNk9TNUJXQzRWVUxLVDVGWE5ZVEEyUDRWTEtZVUhVSVc1VUFBVU0zTVpJWTRRSDJDTkpPU1EiLCJ1c2VySWQiOiJhbXpuMS5hc2suYWNjb3VudC5BTUE1TVdPWUpWUTRTRVZPS0pKT0dRWDRRNkFFNEVBSTRRT1FITzNPVVFDT0pTRTZLWUZVTUhXTVc1S0JDSEpEWFkyU1pLM0NDVFlPQjNaTTRUR1M1Qkg0WEdCRUwzMlRHVEMyN0xERUsyRlhOTlZEMlpQUExKN01RTUQ3R1gzTFBVT0RTSU9YT0ZBS1FBUk5JREdOQ1VZT1RaVlVJWUFKNlBIRDdBQ0MyWVc3NkVQM1gzRVUzM0czRllWWDRUVkg3U1hXNzVIV1JKRUhPS01aQUVYREVXNFRUTFJEUzNaUlU1TjZQWExBUzNUUSJ9fQ.DZ916ynOUlVfgJ9aQ89lQn1HsV7WktelZnoIFjWxGV0qMzk2ZHSFpNa1Oo_y4yepThiH56JLuX9R3mSnf0Sa4VRk5bhJTSRuGFdcX3WezI8Ny18thah7rXbaOEiMKQkJFFA0_3vbqtAcXdKOsUI1BwQPq96fe_j84Bn72NplqVKaUngwjBeB74HKGy1USn2ok6uQ5MN7YqvMEysSeRSlixAUujEKtKJiVvlTWD0k2qTVzWsnt-FievdVAHuwYKVc4j2Fp7hNh3a3qF4cFm6YehKShe4r2pAssmInHLiIpaARRLVQjdsV1H1ghBkAJf8bhoYeaADGm_nP5Nol0V7qEw"
        },
        "AudioPlayer": {
            "offsetInMilliseconds": 0,
            "playerActivity": "IDLE"
        }
    }
}
============================================
================= unknown request type: LaunchRequest ====================
=========== speach response ==============
Daniel Toy is LaunchRequest
==========================================
=================================
response: {
    "version": "1.0",
    "response": {
        "shouldEndSession": true,
        "outputSpeech": {
            "type": "PlainText",
            "text": "Daniel Toy is LaunchRequest"
        },
        "card": {
            "type": "Simple",
            "title": "Fan Status",
            "content": "Fan initialized"
        }
    },
    "sessionAttributes": {
        "dev": "Cheng Yan"
    }
}
=================================
============== Request Data ================
{
    "version": "1.0",
    "session": {
        "new": true,
        "sessionId": "SessionId.fdaac61a-0055-4dfb-98e1-dbe689d9053f",
        "application": {
            "applicationId": "amzn1.ask.skill.f58e1e10-fe76-4cd9-a2bf-bc828d859ec9"
        },
        "attributes": {},
        "user": {
            "userId": "amzn1.echo-sdk-account.AHM3UO2HNVE5AD5ONKQM54FZZSNCR5YXMY2HNEQDDS5MVREKRKQT6"
        }
    },
    "request": {
        "type": "LaunchRequest",
        "requestId": "amzn1.echo-api.request.0d9d2818-bb28-4630-a570-b5841a85b202",
        "locale": "en-US",
        "timestamp": "2023-12-31T21:48:55Z"
    },
    "context": {
        "System": {
            "application": {
                "applicationId": "amzn1.ask.skill.f58e1e10-fe76-4cd9-a2bf-bc828d859ec9"
            },
            "user": {
                "userId": "amzn1.echo-sdk-account.AHM3UO2HNVE5AD5ONKQM54FZZSNCR5YXMY2HNEQDDS5MVREKRKQT6"
            },
            "device": {
                "deviceId": "amzn1.ask.device.AHDSWM35QQEQLZKQJZAIVVSTLTYZO7YSCS5VTYAKY6PJLJUMVH63QDX4XHUBWCLXDVQN44AC4EFAI24KUXNBLJXGWXPT67BXZZI3E6NRU5TSGYIQS5R5FKJRRT5FO7HEWTTFJ2ZZ4QYHA5YQL4CPYSZVXJSQ",
                "supportedInterfaces": {
                    "AudioPlayer": {}
                }
            },
            "apiEndpoint": "https://api.amazonalexa.com",
            "apiAccessToken": "eyJ0eXAiOiJKV1QiLCJhbGciOiJSUzI1NiIsImtpZCI6IjEifQ.eyJhdWQiOiJodHRwczovL2FwaS5hbWF6b25hbGV4YS5jb20iLCJpc3MiOiJBbGV4YVNraWxsS2l0Iiwic3ViIjoiYW16bjEuYXNrLnNraWxsLmY1OGUxZTEwLWZlNzYtNGNkOS1hMmJmLWJjODI4ZDg1OWVjOSIsImV4cCI6MTcwNDA1OTYzMiwiaWF0IjoxNzA0MDU5MzMyLCJuYmYiOjE3MDQwNTkzMzIsInByaXZhdGVDbGFpbXMiOnsiY29udGV4dCI6IkFBQUFBQUFBQUFBcGNOK2dZaUNBQVhHYWJaeVM4dWl4VGdFQUFBQUFBQUJybHU1Nkl6bG1zNXRZeE1HTytDUkpqY2xyZVlSb25GMGZmN2Q0VzJrdno0S2ZZWkhxcWFReE9zTjVrUy96b3lvamhQUWhEaVpjckxuaEpEN0ZVTEdkU2NGYkY3RzAvMUQrTkhPZ0RvRGR0QWxHZnVkYXlUUjRtVEVNeVVRWXhWdlIxR2xualk2YjJmT25qTGViSEM3TkRod3d5MVBJeHFLaStRTk56Z3QwakFrcThSRmNvMlBDT1RWb3IwZEJiTHY4bjNlelNPWVh3NlZMK3k3MXFBL1EzcU9jbFdPZlpZMjJ2Wkk5cEhUN0FMWEJnMlFkK3ZqbkU5OW5HdWF6LzQyempQd0pXSnRqblVzblVxQW1NN05IcTdRWWdjTG9qOUFRN09NY0Z6djQ2azY0U0Mza24rUEo2QlRkN3cyc0RyQ1dnK3J6dTRnVnU3anhlWENxOVJmWUp2YytwSjRCQkRFaHJmbTFCOXN3VjEzTjJGUkxCb2dKSWdwblplb0swb0ZNZVk5SEZVSzNUdGxHSFZmcm1SS1R4QXhuTWpSeUxhWDZXZGlpY2ExaFZSVVlVb3VocXBZTndibmwvd3VJIiwiZGV2aWNlSWQiOiJhbXpuMS5hc2suZGV2aWNlLkFNQVdBUFozUzVWTTVHNEc0UDZUWTVHNFo0SU9QUTdWVUhDUks0QUdER1oyUzJTNTVPVUZBWkRENkZVT1hDWlJRWlNZVFpWSENOTjdPWExHN0ZVSkwyV0ZVT1FEQU9YQllZT1QzUFJNTU1XQk9OSFZUUUhLTEJDWFhVNVJUTTQzSTNVTDNUUUREUldIMkRRTFNYSFlDTVNSS0pYNk9TNUJXQzRWVUxLVDVGWE5ZVEEyUDRWTEtZVUhVSVc1VUFBVU0zTVpJWTRRSDJDTkpPU1EiLCJ1c2VySWQiOiJhbXpuMS5hc2suYWNjb3VudC5BTUE1TVdPWUpWUTRTRVZPS0pKT0dRWDRRNkFFNEVBSTRRT1FITzNPVVFDT0pTRTZLWUZVTUhXTVc1S0JDSEpEWFkyU1pLM0NDVFlPQjNaTTRUR1M1Qkg0WEdCRUwzMlRHVEMyN0xERUsyRlhOTlZEMlpQUExKN01RTUQ3R1gzTFBVT0RTSU9YT0ZBS1FBUk5JREdOQ1VZT1RaVlVJWUFKNlBIRDdBQ0MyWVc3NkVQM1gzRVUzM0czRllWWDRUVkg3U1hXNzVIV1JKRUhPS01aQUVYREVXNFRUTFJEUzNaUlU1TjZQWExBUzNUUSJ9fQ.DZ916ynOUlVfgJ9aQ89lQn1HsV7WktelZnoIFjWxGV0qMzk2ZHSFpNa1Oo_y4yepThiH56JLuX9R3mSnf0Sa4VRk5bhJTSRuGFdcX3WezI8Ny18thah7rXbaOEiMKQkJFFA0_3vbqtAcXdKOsUI1BwQPq96fe_j84Bn72NplqVKaUngwjBeB74HKGy1USn2ok6uQ5MN7YqvMEysSeRSlixAUujEKtKJiVvlTWD0k2qTVzWsnt-FievdVAHuwYKVc4j2Fp7hNh3a3qF4cFm6YehKShe4r2pAssmInHLiIpaARRLVQjdsV1H1ghBkAJf8bhoYeaADGm_nP5Nol0V7qEw"
        },
        "AudioPlayer": {
            "offsetInMilliseconds": 0,
            "playerActivity": "IDLE"
        }
    }
}
============================================
================= unknown request type: LaunchRequest ====================
=========== speach response ==============
Daniel Toy is LaunchRequest
==========================================
=================================
response: {
    "version": "1.0",
    "response": {
        "shouldEndSession": true,
        "outputSpeech": {
            "type": "PlainText",
            "text": "Daniel Toy is LaunchRequest"
        },
        "card": {
            "type": "Simple",
            "title": "Fan Status",
            "content": "Fan initialized"
        }
    },
    "sessionAttributes": {
        "dev": "Cheng Yan"
    }
}
=================================
============== Request Data ================
{
    "version": "1.0",
    "session": {
        "new": true,
        "sessionId": "SessionId.fdaac61a-0055-4dfb-98e1-dbe689d9053f",
        "application": {
            "applicationId": "amzn1.ask.skill.f58e1e10-fe76-4cd9-a2bf-bc828d859ec9"
        },
        "attributes": {},
        "user": {
            "userId": "amzn1.echo-sdk-account.AHM3UO2HNVE5AD5ONKQM54FZZSNCR5YXMY2HNEQDDS5MVREKRKQT6"
        }
    },
    "request": {
        "type": "LaunchRequest",
        "requestId": "amzn1.echo-api.request.0d9d2818-bb28-4630-a570-b5841a85b202",
        "locale": "en-US",
        "timestamp": "2023-12-31T21:48:55Z"
    },
    "context": {
        "System": {
            "application": {
                "applicationId": "amzn1.ask.skill.f58e1e10-fe76-4cd9-a2bf-bc828d859ec9"
            },
            "user": {
                "userId": "amzn1.echo-sdk-account.AHM3UO2HNVE5AD5ONKQM54FZZSNCR5YXMY2HNEQDDS5MVREKRKQT6"
            },
            "device": {
                "deviceId": "amzn1.ask.device.AHDSWM35QQEQLZKQJZAIVVSTLTYZO7YSCS5VTYAKY6PJLJUMVH63QDX4XHUBWCLXDVQN44AC4EFAI24KUXNBLJXGWXPT67BXZZI3E6NRU5TSGYIQS5R5FKJRRT5FO7HEWTTFJ2ZZ4QYHA5YQL4CPYSZVXJSQ",
                "supportedInterfaces": {
                    "AudioPlayer": {}
                }
            },
            "apiEndpoint": "https://api.amazonalexa.com",
            "apiAccessToken": "eyJ0eXAiOiJKV1QiLCJhbGciOiJSUzI1NiIsImtpZCI6IjEifQ.eyJhdWQiOiJodHRwczovL2FwaS5hbWF6b25hbGV4YS5jb20iLCJpc3MiOiJBbGV4YVNraWxsS2l0Iiwic3ViIjoiYW16bjEuYXNrLnNraWxsLmY1OGUxZTEwLWZlNzYtNGNkOS1hMmJmLWJjODI4ZDg1OWVjOSIsImV4cCI6MTcwNDA1OTYzMiwiaWF0IjoxNzA0MDU5MzMyLCJuYmYiOjE3MDQwNTkzMzIsInByaXZhdGVDbGFpbXMiOnsiY29udGV4dCI6IkFBQUFBQUFBQUFBcGNOK2dZaUNBQVhHYWJaeVM4dWl4VGdFQUFBQUFBQUJybHU1Nkl6bG1zNXRZeE1HTytDUkpqY2xyZVlSb25GMGZmN2Q0VzJrdno0S2ZZWkhxcWFReE9zTjVrUy96b3lvamhQUWhEaVpjckxuaEpEN0ZVTEdkU2NGYkY3RzAvMUQrTkhPZ0RvRGR0QWxHZnVkYXlUUjRtVEVNeVVRWXhWdlIxR2xualk2YjJmT25qTGViSEM3TkRod3d5MVBJeHFLaStRTk56Z3QwakFrcThSRmNvMlBDT1RWb3IwZEJiTHY4bjNlelNPWVh3NlZMK3k3MXFBL1EzcU9jbFdPZlpZMjJ2Wkk5cEhUN0FMWEJnMlFkK3ZqbkU5OW5HdWF6LzQyempQd0pXSnRqblVzblVxQW1NN05IcTdRWWdjTG9qOUFRN09NY0Z6djQ2azY0U0Mza24rUEo2QlRkN3cyc0RyQ1dnK3J6dTRnVnU3anhlWENxOVJmWUp2YytwSjRCQkRFaHJmbTFCOXN3VjEzTjJGUkxCb2dKSWdwblplb0swb0ZNZVk5SEZVSzNUdGxHSFZmcm1SS1R4QXhuTWpSeUxhWDZXZGlpY2ExaFZSVVlVb3VocXBZTndibmwvd3VJIiwiZGV2aWNlSWQiOiJhbXpuMS5hc2suZGV2aWNlLkFNQVdBUFozUzVWTTVHNEc0UDZUWTVHNFo0SU9QUTdWVUhDUks0QUdER1oyUzJTNTVPVUZBWkRENkZVT1hDWlJRWlNZVFpWSENOTjdPWExHN0ZVSkwyV0ZVT1FEQU9YQllZT1QzUFJNTU1XQk9OSFZUUUhLTEJDWFhVNVJUTTQzSTNVTDNUUUREUldIMkRRTFNYSFlDTVNSS0pYNk9TNUJXQzRWVUxLVDVGWE5ZVEEyUDRWTEtZVUhVSVc1VUFBVU0zTVpJWTRRSDJDTkpPU1EiLCJ1c2VySWQiOiJhbXpuMS5hc2suYWNjb3VudC5BTUE1TVdPWUpWUTRTRVZPS0pKT0dRWDRRNkFFNEVBSTRRT1FITzNPVVFDT0pTRTZLWUZVTUhXTVc1S0JDSEpEWFkyU1pLM0NDVFlPQjNaTTRUR1M1Qkg0WEdCRUwzMlRHVEMyN0xERUsyRlhOTlZEMlpQUExKN01RTUQ3R1gzTFBVT0RTSU9YT0ZBS1FBUk5JREdOQ1VZT1RaVlVJWUFKNlBIRDdBQ0MyWVc3NkVQM1gzRVUzM0czRllWWDRUVkg3U1hXNzVIV1JKRUhPS01aQUVYREVXNFRUTFJEUzNaUlU1TjZQWExBUzNUUSJ9fQ.DZ916ynOUlVfgJ9aQ89lQn1HsV7WktelZnoIFjWxGV0qMzk2ZHSFpNa1Oo_y4yepThiH56JLuX9R3mSnf0Sa4VRk5bhJTSRuGFdcX3WezI8Ny18thah7rXbaOEiMKQkJFFA0_3vbqtAcXdKOsUI1BwQPq96fe_j84Bn72NplqVKaUngwjBeB74HKGy1USn2ok6uQ5MN7YqvMEysSeRSlixAUujEKtKJiVvlTWD0k2qTVzWsnt-FievdVAHuwYKVc4j2Fp7hNh3a3qF4cFm6YehKShe4r2pAssmInHLiIpaARRLVQjdsV1H1ghBkAJf8bhoYeaADGm_nP5Nol0V7qEw"
        },
        "AudioPlayer": {
            "offsetInMilliseconds": 0,
            "playerActivity": "IDLE"
        }
    }
}
============================================
================= unknown request type: LaunchRequest ====================
=========== speach response ==============
Daniel Toy is LaunchRequest
==========================================
=================================
response: {
    "version": "1.0",
    "response": {
        "shouldEndSession": true,
        "outputSpeech": {
            "type": "PlainText",
            "text": "Daniel Toy is LaunchRequest"
        },
        "card": {
            "type": "Simple",
            "title": "Fan Status",
            "content": "Fan initialized"
        }
    },
    "sessionAttributes": {
        "dev": "Cheng Yan"
    }
}
=================================
============== Request Data ================
{
    "version": "1.0",
    "session": {
        "new": true,
        "sessionId": "SessionId.fdaac61a-0055-4dfb-98e1-dbe689d9053f",
        "application": {
            "applicationId": "amzn1.ask.skill.f58e1e10-fe76-4cd9-a2bf-bc828d859ec9"
        },
        "attributes": {},
        "user": {
            "userId": "amzn1.echo-sdk-account.AHM3UO2HNVE5AD5ONKQM54FZZSNCR5YXMY2HNEQDDS5MVREKRKQT6"
        }
    },
    "request": {
        "type": "LaunchRequest",
        "requestId": "amzn1.echo-api.request.0d9d2818-bb28-4630-a570-b5841a85b202",
        "locale": "en-US",
        "timestamp": "2023-12-31T21:48:55Z"
    },
    "context": {
        "System": {
            "application": {
                "applicationId": "amzn1.ask.skill.f58e1e10-fe76-4cd9-a2bf-bc828d859ec9"
            },
            "user": {
                "userId": "amzn1.echo-sdk-account.AHM3UO2HNVE5AD5ONKQM54FZZSNCR5YXMY2HNEQDDS5MVREKRKQT6"
            },
            "device": {
                "deviceId": "amzn1.ask.device.AHDSWM35QQEQLZKQJZAIVVSTLTYZO7YSCS5VTYAKY6PJLJUMVH63QDX4XHUBWCLXDVQN44AC4EFAI24KUXNBLJXGWXPT67BXZZI3E6NRU5TSGYIQS5R5FKJRRT5FO7HEWTTFJ2ZZ4QYHA5YQL4CPYSZVXJSQ",
                "supportedInterfaces": {
                    "AudioPlayer": {}
                }
            },
            "apiEndpoint": "https://api.amazonalexa.com",
            "apiAccessToken": "eyJ0eXAiOiJKV1QiLCJhbGciOiJSUzI1NiIsImtpZCI6IjEifQ.eyJhdWQiOiJodHRwczovL2FwaS5hbWF6b25hbGV4YS5jb20iLCJpc3MiOiJBbGV4YVNraWxsS2l0Iiwic3ViIjoiYW16bjEuYXNrLnNraWxsLmY1OGUxZTEwLWZlNzYtNGNkOS1hMmJmLWJjODI4ZDg1OWVjOSIsImV4cCI6MTcwNDA1OTYzMiwiaWF0IjoxNzA0MDU5MzMyLCJuYmYiOjE3MDQwNTkzMzIsInByaXZhdGVDbGFpbXMiOnsiY29udGV4dCI6IkFBQUFBQUFBQUFBcGNOK2dZaUNBQVhHYWJaeVM4dWl4VGdFQUFBQUFBQUJybHU1Nkl6bG1zNXRZeE1HTytDUkpqY2xyZVlSb25GMGZmN2Q0VzJrdno0S2ZZWkhxcWFReE9zTjVrUy96b3lvamhQUWhEaVpjckxuaEpEN0ZVTEdkU2NGYkY3RzAvMUQrTkhPZ0RvRGR0QWxHZnVkYXlUUjRtVEVNeVVRWXhWdlIxR2xualk2YjJmT25qTGViSEM3TkRod3d5MVBJeHFLaStRTk56Z3QwakFrcThSRmNvMlBDT1RWb3IwZEJiTHY4bjNlelNPWVh3NlZMK3k3MXFBL1EzcU9jbFdPZlpZMjJ2Wkk5cEhUN0FMWEJnMlFkK3ZqbkU5OW5HdWF6LzQyempQd0pXSnRqblVzblVxQW1NN05IcTdRWWdjTG9qOUFRN09NY0Z6djQ2azY0U0Mza24rUEo2QlRkN3cyc0RyQ1dnK3J6dTRnVnU3anhlWENxOVJmWUp2YytwSjRCQkRFaHJmbTFCOXN3VjEzTjJGUkxCb2dKSWdwblplb0swb0ZNZVk5SEZVSzNUdGxHSFZmcm1SS1R4QXhuTWpSeUxhWDZXZGlpY2ExaFZSVVlVb3VocXBZTndibmwvd3VJIiwiZGV2aWNlSWQiOiJhbXpuMS5hc2suZGV2aWNlLkFNQVdBUFozUzVWTTVHNEc0UDZUWTVHNFo0SU9QUTdWVUhDUks0QUdER1oyUzJTNTVPVUZBWkRENkZVT1hDWlJRWlNZVFpWSENOTjdPWExHN0ZVSkwyV0ZVT1FEQU9YQllZT1QzUFJNTU1XQk9OSFZUUUhLTEJDWFhVNVJUTTQzSTNVTDNUUUREUldIMkRRTFNYSFlDTVNSS0pYNk9TNUJXQzRWVUxLVDVGWE5ZVEEyUDRWTEtZVUhVSVc1VUFBVU0zTVpJWTRRSDJDTkpPU1EiLCJ1c2VySWQiOiJhbXpuMS5hc2suYWNjb3VudC5BTUE1TVdPWUpWUTRTRVZPS0pKT0dRWDRRNkFFNEVBSTRRT1FITzNPVVFDT0pTRTZLWUZVTUhXTVc1S0JDSEpEWFkyU1pLM0NDVFlPQjNaTTRUR1M1Qkg0WEdCRUwzMlRHVEMyN0xERUsyRlhOTlZEMlpQUExKN01RTUQ3R1gzTFBVT0RTSU9YT0ZBS1FBUk5JREdOQ1VZT1RaVlVJWUFKNlBIRDdBQ0MyWVc3NkVQM1gzRVUzM0czRllWWDRUVkg3U1hXNzVIV1JKRUhPS01aQUVYREVXNFRUTFJEUzNaUlU1TjZQWExBUzNUUSJ9fQ.DZ916ynOUlVfgJ9aQ89lQn1HsV7WktelZnoIFjWxGV0qMzk2ZHSFpNa1Oo_y4yepThiH56JLuX9R3mSnf0Sa4VRk5bhJTSRuGFdcX3WezI8Ny18thah7rXbaOEiMKQkJFFA0_3vbqtAcXdKOsUI1BwQPq96fe_j84Bn72NplqVKaUngwjBeB74HKGy1USn2ok6uQ5MN7YqvMEysSeRSlixAUujEKtKJiVvlTWD0k2qTVzWsnt-FievdVAHuwYKVc4j2Fp7hNh3a3qF4cFm6YehKShe4r2pAssmInHLiIpaARRLVQjdsV1H1ghBkAJf8bhoYeaADGm_nP5Nol0V7qEw"
        },
        "AudioPlayer": {
            "offsetInMilliseconds": 0,
            "playerActivity": "IDLE"
        }
    }
}
============================================
================= unknown request type: LaunchRequest ====================
=========== speach response ==============
Daniel Toy is LaunchRequest
==========================================
=================================
response: {
    "version": "1.0",
    "response": {
        "shouldEndSession": true,
        "outputSpeech": {
            "type": "PlainText",
            "text": "Daniel Toy is LaunchRequest"
        },
        "card": {
            "type": "Simple",
            "title": "Fan Status",
            "content": "Fan initialized"
        }
    },
    "sessionAttributes": {
        "dev": "Cheng Yan"
    }
}
=================================
============== Request Data ================
{
    "version": "1.0",
    "session": {
        "new": true,
        "sessionId": "SessionId.fdaac61a-0055-4dfb-98e1-dbe689d9053f",
        "application": {
            "applicationId": "amzn1.ask.skill.f58e1e10-fe76-4cd9-a2bf-bc828d859ec9"
        },
        "attributes": {},
        "user": {
            "userId": "amzn1.echo-sdk-account.AHM3UO2HNVE5AD5ONKQM54FZZSNCR5YXMY2HNEQDDS5MVREKRKQT6"
        }
    },
    "request": {
        "type": "LaunchRequest",
        "requestId": "amzn1.echo-api.request.0d9d2818-bb28-4630-a570-b5841a85b202",
        "locale": "en-US",
        "timestamp": "2023-12-31T21:48:55Z"
    },
    "context": {
        "System": {
            "application": {
                "applicationId": "amzn1.ask.skill.f58e1e10-fe76-4cd9-a2bf-bc828d859ec9"
            },
            "user": {
                "userId": "amzn1.echo-sdk-account.AHM3UO2HNVE5AD5ONKQM54FZZSNCR5YXMY2HNEQDDS5MVREKRKQT6"
            },
            "device": {
                "deviceId": "amzn1.ask.device.AHDSWM35QQEQLZKQJZAIVVSTLTYZO7YSCS5VTYAKY6PJLJUMVH63QDX4XHUBWCLXDVQN44AC4EFAI24KUXNBLJXGWXPT67BXZZI3E6NRU5TSGYIQS5R5FKJRRT5FO7HEWTTFJ2ZZ4QYHA5YQL4CPYSZVXJSQ",
                "supportedInterfaces": {
                    "AudioPlayer": {}
                }
            },
            "apiEndpoint": "https://api.amazonalexa.com",
            "apiAccessToken": "eyJ0eXAiOiJKV1QiLCJhbGciOiJSUzI1NiIsImtpZCI6IjEifQ.eyJhdWQiOiJodHRwczovL2FwaS5hbWF6b25hbGV4YS5jb20iLCJpc3MiOiJBbGV4YVNraWxsS2l0Iiwic3ViIjoiYW16bjEuYXNrLnNraWxsLmY1OGUxZTEwLWZlNzYtNGNkOS1hMmJmLWJjODI4ZDg1OWVjOSIsImV4cCI6MTcwNDA1OTYzMiwiaWF0IjoxNzA0MDU5MzMyLCJuYmYiOjE3MDQwNTkzMzIsInByaXZhdGVDbGFpbXMiOnsiY29udGV4dCI6IkFBQUFBQUFBQUFBcGNOK2dZaUNBQVhHYWJaeVM4dWl4VGdFQUFBQUFBQUJybHU1Nkl6bG1zNXRZeE1HTytDUkpqY2xyZVlSb25GMGZmN2Q0VzJrdno0S2ZZWkhxcWFReE9zTjVrUy96b3lvamhQUWhEaVpjckxuaEpEN0ZVTEdkU2NGYkY3RzAvMUQrTkhPZ0RvRGR0QWxHZnVkYXlUUjRtVEVNeVVRWXhWdlIxR2xualk2YjJmT25qTGViSEM3TkRod3d5MVBJeHFLaStRTk56Z3QwakFrcThSRmNvMlBDT1RWb3IwZEJiTHY4bjNlelNPWVh3NlZMK3k3MXFBL1EzcU9jbFdPZlpZMjJ2Wkk5cEhUN0FMWEJnMlFkK3ZqbkU5OW5HdWF6LzQyempQd0pXSnRqblVzblVxQW1NN05IcTdRWWdjTG9qOUFRN09NY0Z6djQ2azY0U0Mza24rUEo2QlRkN3cyc0RyQ1dnK3J6dTRnVnU3anhlWENxOVJmWUp2YytwSjRCQkRFaHJmbTFCOXN3VjEzTjJGUkxCb2dKSWdwblplb0swb0ZNZVk5SEZVSzNUdGxHSFZmcm1SS1R4QXhuTWpSeUxhWDZXZGlpY2ExaFZSVVlVb3VocXBZTndibmwvd3VJIiwiZGV2aWNlSWQiOiJhbXpuMS5hc2suZGV2aWNlLkFNQVdBUFozUzVWTTVHNEc0UDZUWTVHNFo0SU9QUTdWVUhDUks0QUdER1oyUzJTNTVPVUZBWkRENkZVT1hDWlJRWlNZVFpWSENOTjdPWExHN0ZVSkwyV0ZVT1FEQU9YQllZT1QzUFJNTU1XQk9OSFZUUUhLTEJDWFhVNVJUTTQzSTNVTDNUUUREUldIMkRRTFNYSFlDTVNSS0pYNk9TNUJXQzRWVUxLVDVGWE5ZVEEyUDRWTEtZVUhVSVc1VUFBVU0zTVpJWTRRSDJDTkpPU1EiLCJ1c2VySWQiOiJhbXpuMS5hc2suYWNjb3VudC5BTUE1TVdPWUpWUTRTRVZPS0pKT0dRWDRRNkFFNEVBSTRRT1FITzNPVVFDT0pTRTZLWUZVTUhXTVc1S0JDSEpEWFkyU1pLM0NDVFlPQjNaTTRUR1M1Qkg0WEdCRUwzMlRHVEMyN0xERUsyRlhOTlZEMlpQUExKN01RTUQ3R1gzTFBVT0RTSU9YT0ZBS1FBUk5JREdOQ1VZT1RaVlVJWUFKNlBIRDdBQ0MyWVc3NkVQM1gzRVUzM0czRllWWDRUVkg3U1hXNzVIV1JKRUhPS01aQUVYREVXNFRUTFJEUzNaUlU1TjZQWExBUzNUUSJ9fQ.DZ916ynOUlVfgJ9aQ89lQn1HsV7WktelZnoIFjWxGV0qMzk2ZHSFpNa1Oo_y4yepThiH56JLuX9R3mSnf0Sa4VRk5bhJTSRuGFdcX3WezI8Ny18thah7rXbaOEiMKQkJFFA0_3vbqtAcXdKOsUI1BwQPq96fe_j84Bn72NplqVKaUngwjBeB74HKGy1USn2ok6uQ5MN7YqvMEysSeRSlixAUujEKtKJiVvlTWD0k2qTVzWsnt-FievdVAHuwYKVc4j2Fp7hNh3a3qF4cFm6YehKShe4r2pAssmInHLiIpaARRLVQjdsV1H1ghBkAJf8bhoYeaADGm_nP5Nol0V7qEw"
        },
        "AudioPlayer": {
            "offsetInMilliseconds": 0,
            "playerActivity": "IDLE"
        }
    }
}
============================================
================= unknown request type: LaunchRequest ====================
=========== speach response ==============
Daniel Toy is LaunchRequest
==========================================
=================================
response: {
    "version": "1.0",
    "response": {
        "shouldEndSession": true,
        "outputSpeech": {
            "type": "PlainText",
            "text": "Daniel Toy is LaunchRequest"
        },
        "card": {
            "type": "Simple",
            "title": "Fan Status",
            "content": "Fan initialized"
        }
    },
    "sessionAttributes": {
        "dev": "Cheng Yan"
    }
}
=================================
============== Request Data ================
{
    "version": "1.0",
    "session": {
        "new": true,
        "sessionId": "SessionId.fdaac61a-0055-4dfb-98e1-dbe689d9053f",
        "application": {
            "applicationId": "amzn1.ask.skill.f58e1e10-fe76-4cd9-a2bf-bc828d859ec9"
        },
        "attributes": {},
        "user": {
            "userId": "amzn1.echo-sdk-account.AHM3UO2HNVE5AD5ONKQM54FZZSNCR5YXMY2HNEQDDS5MVREKRKQT6"
        }
    },
    "request": {
        "type": "LaunchRequest",
        "requestId": "amzn1.echo-api.request.0d9d2818-bb28-4630-a570-b5841a85b202",
        "locale": "en-US",
        "timestamp": "2023-12-31T21:48:55Z"
    },
    "context": {
        "System": {
            "application": {
                "applicationId": "amzn1.ask.skill.f58e1e10-fe76-4cd9-a2bf-bc828d859ec9"
            },
            "user": {
                "userId": "amzn1.echo-sdk-account.AHM3UO2HNVE5AD5ONKQM54FZZSNCR5YXMY2HNEQDDS5MVREKRKQT6"
            },
            "device": {
                "deviceId": "amzn1.ask.device.AHDSWM35QQEQLZKQJZAIVVSTLTYZO7YSCS5VTYAKY6PJLJUMVH63QDX4XHUBWCLXDVQN44AC4EFAI24KUXNBLJXGWXPT67BXZZI3E6NRU5TSGYIQS5R5FKJRRT5FO7HEWTTFJ2ZZ4QYHA5YQL4CPYSZVXJSQ",
                "supportedInterfaces": {
                    "AudioPlayer": {}
                }
            },
            "apiEndpoint": "https://api.amazonalexa.com",
            "apiAccessToken": "eyJ0eXAiOiJKV1QiLCJhbGciOiJSUzI1NiIsImtpZCI6IjEifQ.eyJhdWQiOiJodHRwczovL2FwaS5hbWF6b25hbGV4YS5jb20iLCJpc3MiOiJBbGV4YVNraWxsS2l0Iiwic3ViIjoiYW16bjEuYXNrLnNraWxsLmY1OGUxZTEwLWZlNzYtNGNkOS1hMmJmLWJjODI4ZDg1OWVjOSIsImV4cCI6MTcwNDA1OTYzMiwiaWF0IjoxNzA0MDU5MzMyLCJuYmYiOjE3MDQwNTkzMzIsInByaXZhdGVDbGFpbXMiOnsiY29udGV4dCI6IkFBQUFBQUFBQUFBcGNOK2dZaUNBQVhHYWJaeVM4dWl4VGdFQUFBQUFBQUJybHU1Nkl6bG1zNXRZeE1HTytDUkpqY2xyZVlSb25GMGZmN2Q0VzJrdno0S2ZZWkhxcWFReE9zTjVrUy96b3lvamhQUWhEaVpjckxuaEpEN0ZVTEdkU2NGYkY3RzAvMUQrTkhPZ0RvRGR0QWxHZnVkYXlUUjRtVEVNeVVRWXhWdlIxR2xualk2YjJmT25qTGViSEM3TkRod3d5MVBJeHFLaStRTk56Z3QwakFrcThSRmNvMlBDT1RWb3IwZEJiTHY4bjNlelNPWVh3NlZMK3k3MXFBL1EzcU9jbFdPZlpZMjJ2Wkk5cEhUN0FMWEJnMlFkK3ZqbkU5OW5HdWF6LzQyempQd0pXSnRqblVzblVxQW1NN05IcTdRWWdjTG9qOUFRN09NY0Z6djQ2azY0U0Mza24rUEo2QlRkN3cyc0RyQ1dnK3J6dTRnVnU3anhlWENxOVJmWUp2YytwSjRCQkRFaHJmbTFCOXN3VjEzTjJGUkxCb2dKSWdwblplb0swb0ZNZVk5SEZVSzNUdGxHSFZmcm1SS1R4QXhuTWpSeUxhWDZXZGlpY2ExaFZSVVlVb3VocXBZTndibmwvd3VJIiwiZGV2aWNlSWQiOiJhbXpuMS5hc2suZGV2aWNlLkFNQVdBUFozUzVWTTVHNEc0UDZUWTVHNFo0SU9QUTdWVUhDUks0QUdER1oyUzJTNTVPVUZBWkRENkZVT1hDWlJRWlNZVFpWSENOTjdPWExHN0ZVSkwyV0ZVT1FEQU9YQllZT1QzUFJNTU1XQk9OSFZUUUhLTEJDWFhVNVJUTTQzSTNVTDNUUUREUldIMkRRTFNYSFlDTVNSS0pYNk9TNUJXQzRWVUxLVDVGWE5ZVEEyUDRWTEtZVUhVSVc1VUFBVU0zTVpJWTRRSDJDTkpPU1EiLCJ1c2VySWQiOiJhbXpuMS5hc2suYWNjb3VudC5BTUE1TVdPWUpWUTRTRVZPS0pKT0dRWDRRNkFFNEVBSTRRT1FITzNPVVFDT0pTRTZLWUZVTUhXTVc1S0JDSEpEWFkyU1pLM0NDVFlPQjNaTTRUR1M1Qkg0WEdCRUwzMlRHVEMyN0xERUsyRlhOTlZEMlpQUExKN01RTUQ3R1gzTFBVT0RTSU9YT0ZBS1FBUk5JREdOQ1VZT1RaVlVJWUFKNlBIRDdBQ0MyWVc3NkVQM1gzRVUzM0czRllWWDRUVkg3U1hXNzVIV1JKRUhPS01aQUVYREVXNFRUTFJEUzNaUlU1TjZQWExBUzNUUSJ9fQ.DZ916ynOUlVfgJ9aQ89lQn1HsV7WktelZnoIFjWxGV0qMzk2ZHSFpNa1Oo_y4yepThiH56JLuX9R3mSnf0Sa4VRk5bhJTSRuGFdcX3WezI8Ny18thah7rXbaOEiMKQkJFFA0_3vbqtAcXdKOsUI1BwQPq96fe_j84Bn72NplqVKaUngwjBeB74HKGy1USn2ok6uQ5MN7YqvMEysSeRSlixAUujEKtKJiVvlTWD0k2qTVzWsnt-FievdVAHuwYKVc4j2Fp7hNh3a3qF4cFm6YehKShe4r2pAssmInHLiIpaARRLVQjdsV1H1ghBkAJf8bhoYeaADGm_nP5Nol0V7qEw"
        },
        "AudioPlayer": {
            "offsetInMilliseconds": 0,
            "playerActivity": "IDLE"
        }
    }
}
============================================
================= unknown request type: LaunchRequest ====================
=========== speach response ==============
Daniel Toy is LaunchRequest
==========================================
=================================
response: {
    "version": "1.0",
    "response": {
        "shouldEndSession": true,
        "outputSpeech": {
            "type": "PlainText",
            "text": "Daniel Toy is LaunchRequest"
        },
        "card": {
            "type": "Simple",
            "title": "Fan Status",
            "content": "Fan initialized"
        }
    },
    "sessionAttributes": {
        "dev": "Cheng Yan"
    }
}
=================================
============== Request Data ================
{
    "version": "1.0",
    "session": {
        "new": true,
        "sessionId": "SessionId.fdaac61a-0055-4dfb-98e1-dbe689d9053f",
        "application": {
            "applicationId": "amzn1.ask.skill.f58e1e10-fe76-4cd9-a2bf-bc828d859ec9"
        },
        "attributes": {},
        "user": {
            "userId": "amzn1.echo-sdk-account.AHM3UO2HNVE5AD5ONKQM54FZZSNCR5YXMY2HNEQDDS5MVREKRKQT6"
        }
    },
    "request": {
        "type": "LaunchRequest",
        "requestId": "amzn1.echo-api.request.0d9d2818-bb28-4630-a570-b5841a85b202",
        "locale": "en-US",
        "timestamp": "2023-12-31T21:48:55Z"
    },
    "context": {
        "System": {
            "application": {
                "applicationId": "amzn1.ask.skill.f58e1e10-fe76-4cd9-a2bf-bc828d859ec9"
            },
            "user": {
                "userId": "amzn1.echo-sdk-account.AHM3UO2HNVE5AD5ONKQM54FZZSNCR5YXMY2HNEQDDS5MVREKRKQT6"
            },
            "device": {
                "deviceId": "amzn1.ask.device.AHDSWM35QQEQLZKQJZAIVVSTLTYZO7YSCS5VTYAKY6PJLJUMVH63QDX4XHUBWCLXDVQN44AC4EFAI24KUXNBLJXGWXPT67BXZZI3E6NRU5TSGYIQS5R5FKJRRT5FO7HEWTTFJ2ZZ4QYHA5YQL4CPYSZVXJSQ",
                "supportedInterfaces": {
                    "AudioPlayer": {}
                }
            },
            "apiEndpoint": "https://api.amazonalexa.com",
            "apiAccessToken": "eyJ0eXAiOiJKV1QiLCJhbGciOiJSUzI1NiIsImtpZCI6IjEifQ.eyJhdWQiOiJodHRwczovL2FwaS5hbWF6b25hbGV4YS5jb20iLCJpc3MiOiJBbGV4YVNraWxsS2l0Iiwic3ViIjoiYW16bjEuYXNrLnNraWxsLmY1OGUxZTEwLWZlNzYtNGNkOS1hMmJmLWJjODI4ZDg1OWVjOSIsImV4cCI6MTcwNDA1OTYzMiwiaWF0IjoxNzA0MDU5MzMyLCJuYmYiOjE3MDQwNTkzMzIsInByaXZhdGVDbGFpbXMiOnsiY29udGV4dCI6IkFBQUFBQUFBQUFBcGNOK2dZaUNBQVhHYWJaeVM4dWl4VGdFQUFBQUFBQUJybHU1Nkl6bG1zNXRZeE1HTytDUkpqY2xyZVlSb25GMGZmN2Q0VzJrdno0S2ZZWkhxcWFReE9zTjVrUy96b3lvamhQUWhEaVpjckxuaEpEN0ZVTEdkU2NGYkY3RzAvMUQrTkhPZ0RvRGR0QWxHZnVkYXlUUjRtVEVNeVVRWXhWdlIxR2xualk2YjJmT25qTGViSEM3TkRod3d5MVBJeHFLaStRTk56Z3QwakFrcThSRmNvMlBDT1RWb3IwZEJiTHY4bjNlelNPWVh3NlZMK3k3MXFBL1EzcU9jbFdPZlpZMjJ2Wkk5cEhUN0FMWEJnMlFkK3ZqbkU5OW5HdWF6LzQyempQd0pXSnRqblVzblVxQW1NN05IcTdRWWdjTG9qOUFRN09NY0Z6djQ2azY0U0Mza24rUEo2QlRkN3cyc0RyQ1dnK3J6dTRnVnU3anhlWENxOVJmWUp2YytwSjRCQkRFaHJmbTFCOXN3VjEzTjJGUkxCb2dKSWdwblplb0swb0ZNZVk5SEZVSzNUdGxHSFZmcm1SS1R4QXhuTWpSeUxhWDZXZGlpY2ExaFZSVVlVb3VocXBZTndibmwvd3VJIiwiZGV2aWNlSWQiOiJhbXpuMS5hc2suZGV2aWNlLkFNQVdBUFozUzVWTTVHNEc0UDZUWTVHNFo0SU9QUTdWVUhDUks0QUdER1oyUzJTNTVPVUZBWkRENkZVT1hDWlJRWlNZVFpWSENOTjdPWExHN0ZVSkwyV0ZVT1FEQU9YQllZT1QzUFJNTU1XQk9OSFZUUUhLTEJDWFhVNVJUTTQzSTNVTDNUUUREUldIMkRRTFNYSFlDTVNSS0pYNk9TNUJXQzRWVUxLVDVGWE5ZVEEyUDRWTEtZVUhVSVc1VUFBVU0zTVpJWTRRSDJDTkpPU1EiLCJ1c2VySWQiOiJhbXpuMS5hc2suYWNjb3VudC5BTUE1TVdPWUpWUTRTRVZPS0pKT0dRWDRRNkFFNEVBSTRRT1FITzNPVVFDT0pTRTZLWUZVTUhXTVc1S0JDSEpEWFkyU1pLM0NDVFlPQjNaTTRUR1M1Qkg0WEdCRUwzMlRHVEMyN0xERUsyRlhOTlZEMlpQUExKN01RTUQ3R1gzTFBVT0RTSU9YT0ZBS1FBUk5JREdOQ1VZT1RaVlVJWUFKNlBIRDdBQ0MyWVc3NkVQM1gzRVUzM0czRllWWDRUVkg3U1hXNzVIV1JKRUhPS01aQUVYREVXNFRUTFJEUzNaUlU1TjZQWExBUzNUUSJ9fQ.DZ916ynOUlVfgJ9aQ89lQn1HsV7WktelZnoIFjWxGV0qMzk2ZHSFpNa1Oo_y4yepThiH56JLuX9R3mSnf0Sa4VRk5bhJTSRuGFdcX3WezI8Ny18thah7rXbaOEiMKQkJFFA0_3vbqtAcXdKOsUI1BwQPq96fe_j84Bn72NplqVKaUngwjBeB74HKGy1USn2ok6uQ5MN7YqvMEysSeRSlixAUujEKtKJiVvlTWD0k2qTVzWsnt-FievdVAHuwYKVc4j2Fp7hNh3a3qF4cFm6YehKShe4r2pAssmInHLiIpaARRLVQjdsV1H1ghBkAJf8bhoYeaADGm_nP5Nol0V7qEw"
        },
        "AudioPlayer": {
            "offsetInMilliseconds": 0,
            "playerActivity": "IDLE"
        }
    }
}
============================================
================= unknown request type: LaunchRequest ====================
=========== speach response ==============
Daniel Toy is LaunchRequest
==========================================
=================================
response: {
    "version": "1.0",
    "response": {
        "shouldEndSession": true,
        "outputSpeech": {
            "type": "PlainText",
            "text": "Daniel Toy is LaunchRequest"
        },
        "card": {
            "type": "Simple",
            "title": "Fan Status",
            "content": "Fan initialized"
        }
    },
    "sessionAttributes": {
        "dev": "Cheng Yan"
    }
}
=================================
============== Request Data ================
{
    "version": "1.0",
    "session": {
        "new": true,
        "sessionId": "SessionId.fdaac61a-0055-4dfb-98e1-dbe689d9053f",
        "application": {
            "applicationId": "amzn1.ask.skill.f58e1e10-fe76-4cd9-a2bf-bc828d859ec9"
        },
        "attributes": {},
        "user": {
            "userId": "amzn1.echo-sdk-account.AHM3UO2HNVE5AD5ONKQM54FZZSNCR5YXMY2HNEQDDS5MVREKRKQT6"
        }
    },
    "request": {
        "type": "LaunchRequest",
        "requestId": "amzn1.echo-api.request.0d9d2818-bb28-4630-a570-b5841a85b202",
        "locale": "en-US",
        "timestamp": "2023-12-31T21:48:55Z"
    },
    "context": {
        "System": {
            "application": {
                "applicationId": "amzn1.ask.skill.f58e1e10-fe76-4cd9-a2bf-bc828d859ec9"
            },
            "user": {
                "userId": "amzn1.echo-sdk-account.AHM3UO2HNVE5AD5ONKQM54FZZSNCR5YXMY2HNEQDDS5MVREKRKQT6"
            },
            "device": {
                "deviceId": "amzn1.ask.device.AHDSWM35QQEQLZKQJZAIVVSTLTYZO7YSCS5VTYAKY6PJLJUMVH63QDX4XHUBWCLXDVQN44AC4EFAI24KUXNBLJXGWXPT67BXZZI3E6NRU5TSGYIQS5R5FKJRRT5FO7HEWTTFJ2ZZ4QYHA5YQL4CPYSZVXJSQ",
                "supportedInterfaces": {
                    "AudioPlayer": {}
                }
            },
            "apiEndpoint": "https://api.amazonalexa.com",
            "apiAccessToken": "eyJ0eXAiOiJKV1QiLCJhbGciOiJSUzI1NiIsImtpZCI6IjEifQ.eyJhdWQiOiJodHRwczovL2FwaS5hbWF6b25hbGV4YS5jb20iLCJpc3MiOiJBbGV4YVNraWxsS2l0Iiwic3ViIjoiYW16bjEuYXNrLnNraWxsLmY1OGUxZTEwLWZlNzYtNGNkOS1hMmJmLWJjODI4ZDg1OWVjOSIsImV4cCI6MTcwNDA1OTYzMiwiaWF0IjoxNzA0MDU5MzMyLCJuYmYiOjE3MDQwNTkzMzIsInByaXZhdGVDbGFpbXMiOnsiY29udGV4dCI6IkFBQUFBQUFBQUFBcGNOK2dZaUNBQVhHYWJaeVM4dWl4VGdFQUFBQUFBQUJybHU1Nkl6bG1zNXRZeE1HTytDUkpqY2xyZVlSb25GMGZmN2Q0VzJrdno0S2ZZWkhxcWFReE9zTjVrUy96b3lvamhQUWhEaVpjckxuaEpEN0ZVTEdkU2NGYkY3RzAvMUQrTkhPZ0RvRGR0QWxHZnVkYXlUUjRtVEVNeVVRWXhWdlIxR2xualk2YjJmT25qTGViSEM3TkRod3d5MVBJeHFLaStRTk56Z3QwakFrcThSRmNvMlBDT1RWb3IwZEJiTHY4bjNlelNPWVh3NlZMK3k3MXFBL1EzcU9jbFdPZlpZMjJ2Wkk5cEhUN0FMWEJnMlFkK3ZqbkU5OW5HdWF6LzQyempQd0pXSnRqblVzblVxQW1NN05IcTdRWWdjTG9qOUFRN09NY0Z6djQ2azY0U0Mza24rUEo2QlRkN3cyc0RyQ1dnK3J6dTRnVnU3anhlWENxOVJmWUp2YytwSjRCQkRFaHJmbTFCOXN3VjEzTjJGUkxCb2dKSWdwblplb0swb0ZNZVk5SEZVSzNUdGxHSFZmcm1SS1R4QXhuTWpSeUxhWDZXZGlpY2ExaFZSVVlVb3VocXBZTndibmwvd3VJIiwiZGV2aWNlSWQiOiJhbXpuMS5hc2suZGV2aWNlLkFNQVdBUFozUzVWTTVHNEc0UDZUWTVHNFo0SU9QUTdWVUhDUks0QUdER1oyUzJTNTVPVUZBWkRENkZVT1hDWlJRWlNZVFpWSENOTjdPWExHN0ZVSkwyV0ZVT1FEQU9YQllZT1QzUFJNTU1XQk9OSFZUUUhLTEJDWFhVNVJUTTQzSTNVTDNUUUREUldIMkRRTFNYSFlDTVNSS0pYNk9TNUJXQzRWVUxLVDVGWE5ZVEEyUDRWTEtZVUhVSVc1VUFBVU0zTVpJWTRRSDJDTkpPU1EiLCJ1c2VySWQiOiJhbXpuMS5hc2suYWNjb3VudC5BTUE1TVdPWUpWUTRTRVZPS0pKT0dRWDRRNkFFNEVBSTRRT1FITzNPVVFDT0pTRTZLWUZVTUhXTVc1S0JDSEpEWFkyU1pLM0NDVFlPQjNaTTRUR1M1Qkg0WEdCRUwzMlRHVEMyN0xERUsyRlhOTlZEMlpQUExKN01RTUQ3R1gzTFBVT0RTSU9YT0ZBS1FBUk5JREdOQ1VZT1RaVlVJWUFKNlBIRDdBQ0MyWVc3NkVQM1gzRVUzM0czRllWWDRUVkg3U1hXNzVIV1JKRUhPS01aQUVYREVXNFRUTFJEUzNaUlU1TjZQWExBUzNUUSJ9fQ.DZ916ynOUlVfgJ9aQ89lQn1HsV7WktelZnoIFjWxGV0qMzk2ZHSFpNa1Oo_y4yepThiH56JLuX9R3mSnf0Sa4VRk5bhJTSRuGFdcX3WezI8Ny18thah7rXbaOEiMKQkJFFA0_3vbqtAcXdKOsUI1BwQPq96fe_j84Bn72NplqVKaUngwjBeB74HKGy1USn2ok6uQ5MN7YqvMEysSeRSlixAUujEKtKJiVvlTWD0k2qTVzWsnt-FievdVAHuwYKVc4j2Fp7hNh3a3qF4cFm6YehKShe4r2pAssmInHLiIpaARRLVQjdsV1H1ghBkAJf8bhoYeaADGm_nP5Nol0V7qEw"
        },
        "AudioPlayer": {
            "offsetInMilliseconds": 0,
            "playerActivity": "IDLE"
        }
    }
}
============================================
================= unknown request type: LaunchRequest ====================
=========== speach response ==============
Daniel Toy is LaunchRequest
==========================================
=================================
response: {
    "version": "1.0",
    "response": {
        "shouldEndSession": true,
        "outputSpeech": {
            "type": "PlainText",
            "text": "Daniel Toy is LaunchRequest"
        },
        "card": {
            "type": "Simple",
            "title": "Fan Status",
            "content": "Fan initialized"
        }
    },
    "sessionAttributes": {
        "dev": "Cheng Yan"
    }
}
=================================
============== Request Data ================
{
    "version": "1.0",
    "session": {
        "new": true,
        "sessionId": "SessionId.fdaac61a-0055-4dfb-98e1-dbe689d9053f",
        "application": {
            "applicationId": "amzn1.ask.skill.f58e1e10-fe76-4cd9-a2bf-bc828d859ec9"
        },
        "attributes": {},
        "user": {
            "userId": "amzn1.echo-sdk-account.AHM3UO2HNVE5AD5ONKQM54FZZSNCR5YXMY2HNEQDDS5MVREKRKQT6"
        }
    },
    "request": {
        "type": "LaunchRequest",
        "requestId": "amzn1.echo-api.request.0d9d2818-bb28-4630-a570-b5841a85b202",
        "locale": "en-US",
        "timestamp": "2023-12-31T21:48:55Z"
    },
    "context": {
        "System": {
            "application": {
                "applicationId": "amzn1.ask.skill.f58e1e10-fe76-4cd9-a2bf-bc828d859ec9"
            },
            "user": {
                "userId": "amzn1.echo-sdk-account.AHM3UO2HNVE5AD5ONKQM54FZZSNCR5YXMY2HNEQDDS5MVREKRKQT6"
            },
            "device": {
                "deviceId": "amzn1.ask.device.AHDSWM35QQEQLZKQJZAIVVSTLTYZO7YSCS5VTYAKY6PJLJUMVH63QDX4XHUBWCLXDVQN44AC4EFAI24KUXNBLJXGWXPT67BXZZI3E6NRU5TSGYIQS5R5FKJRRT5FO7HEWTTFJ2ZZ4QYHA5YQL4CPYSZVXJSQ",
                "supportedInterfaces": {
                    "AudioPlayer": {}
                }
            },
            "apiEndpoint": "https://api.amazonalexa.com",
            "apiAccessToken": "eyJ0eXAiOiJKV1QiLCJhbGciOiJSUzI1NiIsImtpZCI6IjEifQ.eyJhdWQiOiJodHRwczovL2FwaS5hbWF6b25hbGV4YS5jb20iLCJpc3MiOiJBbGV4YVNraWxsS2l0Iiwic3ViIjoiYW16bjEuYXNrLnNraWxsLmY1OGUxZTEwLWZlNzYtNGNkOS1hMmJmLWJjODI4ZDg1OWVjOSIsImV4cCI6MTcwNDA1OTYzMiwiaWF0IjoxNzA0MDU5MzMyLCJuYmYiOjE3MDQwNTkzMzIsInByaXZhdGVDbGFpbXMiOnsiY29udGV4dCI6IkFBQUFBQUFBQUFBcGNOK2dZaUNBQVhHYWJaeVM4dWl4VGdFQUFBQUFBQUJybHU1Nkl6bG1zNXRZeE1HTytDUkpqY2xyZVlSb25GMGZmN2Q0VzJrdno0S2ZZWkhxcWFReE9zTjVrUy96b3lvamhQUWhEaVpjckxuaEpEN0ZVTEdkU2NGYkY3RzAvMUQrTkhPZ0RvRGR0QWxHZnVkYXlUUjRtVEVNeVVRWXhWdlIxR2xualk2YjJmT25qTGViSEM3TkRod3d5MVBJeHFLaStRTk56Z3QwakFrcThSRmNvMlBDT1RWb3IwZEJiTHY4bjNlelNPWVh3NlZMK3k3MXFBL1EzcU9jbFdPZlpZMjJ2Wkk5cEhUN0FMWEJnMlFkK3ZqbkU5OW5HdWF6LzQyempQd0pXSnRqblVzblVxQW1NN05IcTdRWWdjTG9qOUFRN09NY0Z6djQ2azY0U0Mza24rUEo2QlRkN3cyc0RyQ1dnK3J6dTRnVnU3anhlWENxOVJmWUp2YytwSjRCQkRFaHJmbTFCOXN3VjEzTjJGUkxCb2dKSWdwblplb0swb0ZNZVk5SEZVSzNUdGxHSFZmcm1SS1R4QXhuTWpSeUxhWDZXZGlpY2ExaFZSVVlVb3VocXBZTndibmwvd3VJIiwiZGV2aWNlSWQiOiJhbXpuMS5hc2suZGV2aWNlLkFNQVdBUFozUzVWTTVHNEc0UDZUWTVHNFo0SU9QUTdWVUhDUks0QUdER1oyUzJTNTVPVUZBWkRENkZVT1hDWlJRWlNZVFpWSENOTjdPWExHN0ZVSkwyV0ZVT1FEQU9YQllZT1QzUFJNTU1XQk9OSFZUUUhLTEJDWFhVNVJUTTQzSTNVTDNUUUREUldIMkRRTFNYSFlDTVNSS0pYNk9TNUJXQzRWVUxLVDVGWE5ZVEEyUDRWTEtZVUhVSVc1VUFBVU0zTVpJWTRRSDJDTkpPU1EiLCJ1c2VySWQiOiJhbXpuMS5hc2suYWNjb3VudC5BTUE1TVdPWUpWUTRTRVZPS0pKT0dRWDRRNkFFNEVBSTRRT1FITzNPVVFDT0pTRTZLWUZVTUhXTVc1S0JDSEpEWFkyU1pLM0NDVFlPQjNaTTRUR1M1Qkg0WEdCRUwzMlRHVEMyN0xERUsyRlhOTlZEMlpQUExKN01RTUQ3R1gzTFBVT0RTSU9YT0ZBS1FBUk5JREdOQ1VZT1RaVlVJWUFKNlBIRDdBQ0MyWVc3NkVQM1gzRVUzM0czRllWWDRUVkg3U1hXNzVIV1JKRUhPS01aQUVYREVXNFRUTFJEUzNaUlU1TjZQWExBUzNUUSJ9fQ.DZ916ynOUlVfgJ9aQ89lQn1HsV7WktelZnoIFjWxGV0qMzk2ZHSFpNa1Oo_y4yepThiH56JLuX9R3mSnf0Sa4VRk5bhJTSRuGFdcX3WezI8Ny18thah7rXbaOEiMKQkJFFA0_3vbqtAcXdKOsUI1BwQPq96fe_j84Bn72NplqVKaUngwjBeB74HKGy1USn2ok6uQ5MN7YqvMEysSeRSlixAUujEKtKJiVvlTWD0k2qTVzWsnt-FievdVAHuwYKVc4j2Fp7hNh3a3qF4cFm6YehKShe4r2pAssmInHLiIpaARRLVQjdsV1H1ghBkAJf8bhoYeaADGm_nP5Nol0V7qEw"
        },
        "AudioPlayer": {
            "offsetInMilliseconds": 0,
            "playerActivity": "IDLE"
        }
    }
}
============================================
================= unknown request type: LaunchRequest ====================
=========== speach response ==============
Daniel Toy is LaunchRequest
==========================================
=================================
response: {
    "version": "1.0",
    "response": {
        "shouldEndSession": true,
        "outputSpeech": {
            "type": "PlainText",
            "text": "Daniel Toy is LaunchRequest"
        },
        "card": {
            "type": "Simple",
            "title": "Fan Status",
            "content": "Fan initialized"
        }
    },
    "sessionAttributes": {
        "dev": "Cheng Yan"
    }
}
=================================
